
> ui5-upload-controls@2.0.2 test
> karma start --browsers=ChromeHeadless --singleRun=true

[info] graph:helpers:ui5Framework: Using SAPUI5 version: 1.136.0
[32minfo[39m fiori-tools-appreload Livereload middleware started for port 35735 and path /Users/mio/projects/attachment-reuse-controls/ui5-upload-controls/src
[info] server:custom-middleware:ui5-tooling-transpile-middleware: Create Babel configuration based on ui5.yaml configuration options...
[info] server:custom-middleware:ui5-tooling-transpile-middleware: Using browserslist configuration from ui5.yaml...
[info] server:custom-middleware:ui5-tooling-transpile-middleware: Starting "@ui5/ts-interface-generator" in watch mode...
Log level set to: info
Using the following TypeScript configuration file: /Users/mio/projects/attachment-reuse-controls/ui5-upload-controls/tsconfig.json
Initializing TypeScript program with all source files and type definitions (this may take a few seconds)...
Writing interface file: /Users/mio/projects/attachment-reuse-controls/ui5-upload-controls/src/miyasuta/ui5uploadcontrols/MultiFileUpload.gen.d.ts


Writing interface file: /Users/mio/projects/attachment-reuse-controls/ui5-upload-controls/src/miyasuta/ui5uploadcontrols/SingleFileUpload.gen.d.ts


[32m05 04 2026 04:47:41.233:INFO [karma-server]: [39mKarma v6.4.4 server started at http://localhost:9876/
[32m05 04 2026 04:47:41.234:INFO [launcher]: [39mLaunching browsers ChromeHeadless with concurrency unlimited
[32m05 04 2026 04:47:41.235:INFO [launcher]: [39mStarting browser ChromeHeadless
[32m05 04 2026 04:47:42.642:INFO [Chrome Headless 146.0.0.0 (Mac OS 10.15.7)]: [39mConnected on socket CDhmyHd7ni77ns2FAAAB with id 19332862
[info] server:custom-middleware:ui5-tooling-transpile-middleware: Transpiling resource /test-resources/miyasuta/ui5uploadcontrols/qunit/testsuite.qunit.ts
Chrome Headless 146.0.0.0 (Mac OS 10.15.7) INFO: '2026-04-05 04:47:42 [Test.qunit.html] Device API logging initialized - DEVICE'

Chrome Headless 146.0.0.0 (Mac OS 10.15.7) INFO: '2026-04-05 04:47:43.019500 Changing log level to DEBUG -  sap.base.log'

Chrome Headless 146.0.0.0 (Mac OS 10.15.7) INFO: '2026-04-05 04:47:43.020100 Creating Core -  sap.ui.core.Core'

Chrome Headless 146.0.0.0 (Mac OS 10.15.7) ERROR: '2026-04-05 04:47:43.020100 Configuration option 'sapUiNoConflict' was frozen and cannot be changed to true! -  sap.ui.ModuleSystem'

Chrome Headless 146.0.0.0 (Mac OS 10.15.7) INFO: '2026-04-05 04:47:43.020500 Declared theme sap_fiori_3 -  sap.ui.core.Core'

Chrome Headless 146.0.0.0 (Mac OS 10.15.7) INFO: '2026-04-05 04:47:43.020500 Declared modules:  - sap.ui.core.Core '

Chrome Headless 146.0.0.0 (Mac OS 10.15.7) INFO: '2026-04-05 04:47:43.020500 Declared libraries: sap.ui.core,miyasuta.ui5uploadcontrols - sap.ui.core.Core '

Chrome Headless 146.0.0.0 (Mac OS 10.15.7) INFO: '2026-04-05 04:47:43.020800 Content direction set to 'ltr' -  sap/ui/core/util/_LocalizationHelper'

Chrome Headless 146.0.0.0 (Mac OS 10.15.7) DEBUG: '2026-04-05 04:47:43.021000 Browser-Id: cr146 -  sap.ui.core.Core'

Chrome Headless 146.0.0.0 (Mac OS 10.15.7) INFO: '2026-04-05 04:47:43.021000 Sync point 'UI5 Document Ready' created -  '

Chrome Headless 146.0.0.0 (Mac OS 10.15.7) INFO: '2026-04-05 04:47:43.021100 Sync point 'UI5 Core Preloads and Bootstrap Script' created -  '

Chrome Headless 146.0.0.0 (Mac OS 10.15.7) INFO: '2026-04-05 04:47:43.021300 Sync point 'UI5 Core Preloads and Bootstrap Script' finished (tasks:2, open:0, failures:0) -  '

[info] server:custom-middleware:ui5-tooling-transpile-middleware: Transpiling resource /resources/miyasuta/ui5uploadcontrols/library.ts
Chrome Headless 146.0.0.0 (Mac OS 10.15.7) DEBUG: '2026-04-05 04:47:43.028800 Analyzing Library miyasuta.ui5uploadcontrols -  sap/ui/core/Lib.init'

Chrome Headless 146.0.0.0 (Mac OS 10.15.7) DEBUG: '2026-04-05 04:47:43.029000 resolve Dependencies to sap.ui.core -  sap/ui/core/Lib.init'

Chrome Headless 146.0.0.0 (Mac OS 10.15.7) WARN: '2026-04-05 04:47:43.029000 Dependency from miyasuta.ui5uploadcontrols to sap.ui.core has not been resolved by library itself -  sap/ui/core/Lib.init'

Chrome Headless 146.0.0.0 (Mac OS 10.15.7) WARN: '2026-04-05 04:47:43.029100 Sync request triggered for 'sap/ui/core/library.js' while async request was already pending. Loading a module twice might cause issues and should be avoided by fully migrating to async APIs. -  sap.ui.ModuleSystem'

Chrome Headless 146.0.0.0 (Mac OS 10.15.7) DEBUG: '2026-04-05 04:47:43.033500 Analyzing Library sap.ui.core -  sap/ui/core/Lib.init'

Chrome Headless 146.0.0.0 (Mac OS 10.15.7) DEBUG: '2026-04-05 04:47:43.034400 resolve Dependencies to sap.m -  sap/ui/core/Lib.init'

Chrome Headless 146.0.0.0 (Mac OS 10.15.7) WARN: '2026-04-05 04:47:43.034400 Dependency from miyasuta.ui5uploadcontrols to sap.m has not been resolved by library itself -  sap/ui/core/Lib.init'

Chrome Headless 146.0.0.0 (Mac OS 10.15.7) WARN: '2026-04-05 04:47:43.058100 Sync request triggered for 'sap/ui/core/theming/ThemeManager.js' while async request was already pending. Loading a module twice might cause issues and should be avoided by fully migrating to async APIs. -  sap.ui.ModuleSystem'

Chrome Headless 146.0.0.0 (Mac OS 10.15.7) INFO: '2026-04-05 04:47:43.059000 Declared theme sap_fiori_3 -  '

Chrome Headless 146.0.0.0 (Mac OS 10.15.7) DEBUG: '2026-04-05 04:47:43.061600 Analyzing Library sap.m -  sap/ui/core/Lib.init'

Chrome Headless 146.0.0.0 (Mac OS 10.15.7) DEBUG: '2026-04-05 04:47:43.061600 resolve Dependencies to sap.ui.core -  sap/ui/core/Lib.init'

Chrome Headless 146.0.0.0 (Mac OS 10.15.7) DEBUG: '2026-04-05 04:47:43.062199 resolve Dependencies to sap.ui.unified -  sap/ui/core/Lib.init'

Chrome Headless 146.0.0.0 (Mac OS 10.15.7) WARN: '2026-04-05 04:47:43.062199 Dependency from miyasuta.ui5uploadcontrols to sap.ui.unified has not been resolved by library itself -  sap/ui/core/Lib.init'

Chrome Headless 146.0.0.0 (Mac OS 10.15.7) DEBUG: '2026-04-05 04:47:43.065600 Analyzing Library sap.ui.unified -  sap/ui/core/Lib.init'

Chrome Headless 146.0.0.0 (Mac OS 10.15.7) DEBUG: '2026-04-05 04:47:43.065699 resolve Dependencies to sap.ui.core -  sap/ui/core/Lib.init'

Chrome Headless 146.0.0.0 (Mac OS 10.15.7) INFO: '2026-04-05 04:47:43.065900 Including http://localhost:9876/base/resources/sap/ui/core/themes/sap_fiori_3/library.css?version=1.136.0 -  sap.ui.core.theming.ThemeManager.includeLibraryTheme() -  '

Chrome Headless 146.0.0.0 (Mac OS 10.15.7) DEBUG: '2026-04-05 04:47:43.066199 sap.ui.core.theming.ThemeHelper: sap-ui-theme-sap.ui.core: false (noLinkElement: false, sheet: false, innerHtml: false, linkElementFinishedLoading: false) -  '

Chrome Headless 146.0.0.0 (Mac OS 10.15.7) DEBUG: '2026-04-05 04:47:43.066699 ThemeManager: Theme not yet applied. -  '

Chrome Headless 146.0.0.0 (Mac OS 10.15.7) INFO: '2026-04-05 04:47:43.066699 Including http://localhost:9876/base/resources/sap/m/themes/sap_fiori_3/library.css?version=1.136.0 -  sap.ui.core.theming.ThemeManager.includeLibraryTheme() -  '

Chrome Headless 146.0.0.0 (Mac OS 10.15.7) DEBUG: '2026-04-05 04:47:43.066699 sap.ui.core.theming.ThemeHelper: sap-ui-theme-sap.ui.core: false (noLinkElement: false, sheet: false, innerHtml: false, linkElementFinishedLoading: false) -  '

Chrome Headless 146.0.0.0 (Mac OS 10.15.7) DEBUG: '2026-04-05 04:47:43.066699 sap.ui.core.theming.ThemeHelper: sap-ui-theme-sap.m: false (noLinkElement: false, sheet: false, innerHtml: false, linkElementFinishedLoading: false) -  '

Chrome Headless 146.0.0.0 (Mac OS 10.15.7) DEBUG: '2026-04-05 04:47:43.066699 ThemeManager: Theme not yet applied. -  '

Chrome Headless 146.0.0.0 (Mac OS 10.15.7) INFO: '2026-04-05 04:47:43.066699 Including http://localhost:9876/base/resources/sap/ui/unified/themes/sap_fiori_3/library.css?version=1.136.0 -  sap.ui.core.theming.ThemeManager.includeLibraryTheme() -  '

Chrome Headless 146.0.0.0 (Mac OS 10.15.7) DEBUG: '2026-04-05 04:47:43.066800 sap.ui.core.theming.ThemeHelper: sap-ui-theme-sap.ui.core: false (noLinkElement: false, sheet: false, innerHtml: false, linkElementFinishedLoading: false) -  '

Chrome Headless 146.0.0.0 (Mac OS 10.15.7) DEBUG: '2026-04-05 04:47:43.066800 sap.ui.core.theming.ThemeHelper: sap-ui-theme-sap.m: false (noLinkElement: false, sheet: false, innerHtml: false, linkElementFinishedLoading: false) -  '

Chrome Headless 146.0.0.0 (Mac OS 10.15.7) DEBUG: '2026-04-05 04:47:43.066800 sap.ui.core.theming.ThemeHelper: sap-ui-theme-sap.ui.unified: false (noLinkElement: false, sheet: false, innerHtml: false, linkElementFinishedLoading: false) -  '

Chrome Headless 146.0.0.0 (Mac OS 10.15.7) DEBUG: '2026-04-05 04:47:43.066800 ThemeManager: Theme not yet applied. -  '

Chrome Headless 146.0.0.0 (Mac OS 10.15.7) INFO: '2026-04-05 04:47:43.066800 Including http://localhost:9876/base/resources/miyasuta/ui5uploadcontrols/themes/sap_fiori_3/library.css?version=${version} -  sap.ui.core.theming.ThemeManager.includeLibraryTheme() -  '

Chrome Headless 146.0.0.0 (Mac OS 10.15.7) DEBUG: '2026-04-05 04:47:43.066900 sap.ui.core.theming.ThemeHelper: sap-ui-theme-sap.ui.core: false (noLinkElement: false, sheet: false, innerHtml: false, linkElementFinishedLoading: false) -  '

Chrome Headless 146.0.0.0 (Mac OS 10.15.7) DEBUG: '2026-04-05 04:47:43.066900 sap.ui.core.theming.ThemeHelper: sap-ui-theme-sap.m: false (noLinkElement: false, sheet: false, innerHtml: false, linkElementFinishedLoading: false) -  '

Chrome Headless 146.0.0.0 (Mac OS 10.15.7) DEBUG: '2026-04-05 04:47:43.067000 sap.ui.core.theming.ThemeHelper: sap-ui-theme-sap.ui.unified: false (noLinkElement: false, sheet: false, innerHtml: false, linkElementFinishedLoading: false) -  '

Chrome Headless 146.0.0.0 (Mac OS 10.15.7) DEBUG: '2026-04-05 04:47:43.067000 sap.ui.core.theming.ThemeHelper: sap-ui-theme-miyasuta.ui5uploadcontrols: false (noLinkElement: false, sheet: false, innerHtml: false, linkElementFinishedLoading: false) -  '

Chrome Headless 146.0.0.0 (Mac OS 10.15.7) DEBUG: '2026-04-05 04:47:43.067000 ThemeManager: Theme not yet applied. -  '

Chrome Headless 146.0.0.0 (Mac OS 10.15.7) WARN: '2026-04-05 04:47:43.068900 Repeated module execution skipped after async/sync conflict for sap/ui/core/library.js -  sap.ui.ModuleSystem'

Chrome Headless 146.0.0.0 (Mac OS 10.15.7) WARN: '2026-04-05 04:47:43.069000 Repeated module execution skipped after async/sync conflict for sap/ui/core/theming/ThemeManager.js -  sap.ui.ModuleSystem'

Chrome Headless 146.0.0.0 (Mac OS 10.15.7) DEBUG: '2026-04-05 04:47:43.069000 sap.ui.core.theming.ThemeHelper: sap-ui-theme-sap.ui.core: false (noLinkElement: false, sheet: false, innerHtml: false, linkElementFinishedLoading: false) -  '

Chrome Headless 146.0.0.0 (Mac OS 10.15.7) DEBUG: '2026-04-05 04:47:43.069100 sap.ui.core.theming.ThemeHelper: sap-ui-theme-sap.m: false (noLinkElement: false, sheet: false, innerHtml: false, linkElementFinishedLoading: false) -  '

Chrome Headless 146.0.0.0 (Mac OS 10.15.7) DEBUG: '2026-04-05 04:47:43.069100 sap.ui.core.theming.ThemeHelper: sap-ui-theme-sap.ui.unified: false (noLinkElement: false, sheet: false, innerHtml: false, linkElementFinishedLoading: false) -  '

Chrome Headless 146.0.0.0 (Mac OS 10.15.7) DEBUG: '2026-04-05 04:47:43.069100 sap.ui.core.theming.ThemeHelper: sap-ui-theme-miyasuta.ui5uploadcontrols: false (noLinkElement: false, sheet: false, innerHtml: false, linkElementFinishedLoading: false) -  '

Chrome Headless 146.0.0.0 (Mac OS 10.15.7) DEBUG: '2026-04-05 04:47:43.069100 ThemeManager: Theme not yet applied. -  '

Chrome Headless 146.0.0.0 (Mac OS 10.15.7) DEBUG: '2026-04-05 04:47:43.071400 sap.ui.core.theming.ThemeHelper: sap-ui-theme-sap.ui.core: false (noLinkElement: false, sheet: false, innerHtml: false, linkElementFinishedLoading: false) -  '

Chrome Headless 146.0.0.0 (Mac OS 10.15.7) DEBUG: '2026-04-05 04:47:43.071500 sap.ui.core.theming.ThemeHelper: sap-ui-theme-sap.m: false (noLinkElement: false, sheet: false, innerHtml: false, linkElementFinishedLoading: false) -  '

Chrome Headless 146.0.0.0 (Mac OS 10.15.7) DEBUG: '2026-04-05 04:47:43.071500 sap.ui.core.theming.ThemeHelper: sap-ui-theme-sap.ui.unified: false (noLinkElement: false, sheet: false, innerHtml: false, linkElementFinishedLoading: false) -  '

Chrome Headless 146.0.0.0 (Mac OS 10.15.7) DEBUG: '2026-04-05 04:47:43.071600 sap.ui.core.theming.ThemeHelper: sap-ui-theme-miyasuta.ui5uploadcontrols: false (noLinkElement: false, sheet: false, innerHtml: false, linkElementFinishedLoading: false) -  '

Chrome Headless 146.0.0.0 (Mac OS 10.15.7) DEBUG: '2026-04-05 04:47:43.071600 ThemeManager: Theme not yet applied. -  '

Chrome Headless 146.0.0.0 (Mac OS 10.15.7) DEBUG: '2026-04-05 04:47:43.073800 sap.ui.core.theming.ThemeHelper: sap-ui-theme-sap.ui.core: false (noLinkElement: false, sheet: false, innerHtml: false, linkElementFinishedLoading: false) -  '

Chrome Headless 146.0.0.0 (Mac OS 10.15.7) DEBUG: '2026-04-05 04:47:43.073900 sap.ui.core.theming.ThemeHelper: sap-ui-theme-sap.m: false (noLinkElement: false, sheet: false, innerHtml: false, linkElementFinishedLoading: false) -  '

Chrome Headless 146.0.0.0 (Mac OS 10.15.7) DEBUG: '2026-04-05 04:47:43.073900 sap.ui.core.theming.ThemeHelper: sap-ui-theme-sap.ui.unified: false (noLinkElement: false, sheet: false, innerHtml: false, linkElementFinishedLoading: false) -  '

Chrome Headless 146.0.0.0 (Mac OS 10.15.7) DEBUG: '2026-04-05 04:47:43.074000 sap.ui.core.theming.ThemeHelper: sap-ui-theme-miyasuta.ui5uploadcontrols: false (noLinkElement: false, sheet: false, innerHtml: false, linkElementFinishedLoading: false) -  '

Chrome Headless 146.0.0.0 (Mac OS 10.15.7) DEBUG: '2026-04-05 04:47:43.074000 ThemeManager: Theme not yet applied. -  '

Chrome Headless 146.0.0.0 (Mac OS 10.15.7) DEBUG: '2026-04-05 04:47:43.076699 sap.ui.core.theming.ThemeHelper: sap-ui-theme-sap.ui.core: false (noLinkElement: false, sheet: false, innerHtml: false, linkElementFinishedLoading: false) -  '

Chrome Headless 146.0.0.0 (Mac OS 10.15.7) DEBUG: '2026-04-05 04:47:43.076699 sap.ui.core.theming.ThemeHelper: sap-ui-theme-sap.m: false (noLinkElement: false, sheet: false, innerHtml: false, linkElementFinishedLoading: false) -  '

Chrome Headless 146.0.0.0 (Mac OS 10.15.7) DEBUG: '2026-04-05 04:47:43.076699 sap.ui.core.theming.ThemeHelper: sap-ui-theme-sap.ui.unified: false (noLinkElement: false, sheet: false, innerHtml: false, linkElementFinishedLoading: false) -  '

Chrome Headless 146.0.0.0 (Mac OS 10.15.7) DEBUG: '2026-04-05 04:47:43.076800 sap.ui.core.theming.ThemeHelper: sap-ui-theme-miyasuta.ui5uploadcontrols: false (noLinkElement: false, sheet: false, innerHtml: false, linkElementFinishedLoading: false) -  '

Chrome Headless 146.0.0.0 (Mac OS 10.15.7) DEBUG: '2026-04-05 04:47:43.076800 ThemeManager: Theme not yet applied. -  '

Chrome Headless 146.0.0.0 (Mac OS 10.15.7) DEBUG: '2026-04-05 04:47:43.079100 sap.ui.core.theming.ThemeHelper: sap-ui-theme-sap.ui.core: false (noLinkElement: false, sheet: false, innerHtml: false, linkElementFinishedLoading: false) -  '

Chrome Headless 146.0.0.0 (Mac OS 10.15.7) DEBUG: '2026-04-05 04:47:43.079100 sap.ui.core.theming.ThemeHelper: sap-ui-theme-sap.m: false (noLinkElement: false, sheet: false, innerHtml: false, linkElementFinishedLoading: false) -  '

Chrome Headless 146.0.0.0 (Mac OS 10.15.7) DEBUG: '2026-04-05 04:47:43.079199 sap.ui.core.theming.ThemeHelper: sap-ui-theme-sap.ui.unified: false (noLinkElement: false, sheet: false, innerHtml: false, linkElementFinishedLoading: false) -  '

Chrome Headless 146.0.0.0 (Mac OS 10.15.7) DEBUG: '2026-04-05 04:47:43.079199 sap.ui.core.theming.ThemeHelper: sap-ui-theme-miyasuta.ui5uploadcontrols: false (noLinkElement: false, sheet: false, innerHtml: false, linkElementFinishedLoading: false) -  '

Chrome Headless 146.0.0.0 (Mac OS 10.15.7) DEBUG: '2026-04-05 04:47:43.079199 ThemeManager: Theme not yet applied. -  '

Chrome Headless 146.0.0.0 (Mac OS 10.15.7) DEBUG: '2026-04-05 04:47:43.082300 sap.ui.core.theming.ThemeHelper: sap-ui-theme-sap.ui.core: false (noLinkElement: false, sheet: false, innerHtml: false, linkElementFinishedLoading: false) -  '

Chrome Headless 146.0.0.0 (Mac OS 10.15.7) DEBUG: '2026-04-05 04:47:43.082300 sap.ui.core.theming.ThemeHelper: sap-ui-theme-sap.m: false (noLinkElement: false, sheet: false, innerHtml: false, linkElementFinishedLoading: false) -  '

Chrome Headless 146.0.0.0 (Mac OS 10.15.7) DEBUG: '2026-04-05 04:47:43.082300 sap.ui.core.theming.ThemeHelper: sap-ui-theme-sap.ui.unified: false (noLinkElement: false, sheet: false, innerHtml: false, linkElementFinishedLoading: false) -  '

Chrome Headless 146.0.0.0 (Mac OS 10.15.7) DEBUG: '2026-04-05 04:47:43.082300 sap.ui.core.theming.ThemeHelper: sap-ui-theme-miyasuta.ui5uploadcontrols: false (noLinkElement: false, sheet: false, innerHtml: false, linkElementFinishedLoading: false) -  '

Chrome Headless 146.0.0.0 (Mac OS 10.15.7) DEBUG: '2026-04-05 04:47:43.082300 ThemeManager: Theme not yet applied. -  '

Chrome Headless 146.0.0.0 (Mac OS 10.15.7) DEBUG: '2026-04-05 04:47:43.086900 sap.ui.core.theming.ThemeHelper: sap-ui-theme-sap.ui.core: false (noLinkElement: false, sheet: false, innerHtml: false, linkElementFinishedLoading: false) -  '

Chrome Headless 146.0.0.0 (Mac OS 10.15.7) DEBUG: '2026-04-05 04:47:43.086900 sap.ui.core.theming.ThemeHelper: sap-ui-theme-sap.m: false (noLinkElement: false, sheet: false, innerHtml: false, linkElementFinishedLoading: false) -  '

Chrome Headless 146.0.0.0 (Mac OS 10.15.7) DEBUG: '2026-04-05 04:47:43.086900 sap.ui.core.theming.ThemeHelper: sap-ui-theme-sap.ui.unified: false (noLinkElement: false, sheet: false, innerHtml: false, linkElementFinishedLoading: false) -  '

Chrome Headless 146.0.0.0 (Mac OS 10.15.7) DEBUG: '2026-04-05 04:47:43.087000 sap.ui.core.theming.ThemeHelper: sap-ui-theme-miyasuta.ui5uploadcontrols: false (noLinkElement: false, sheet: false, innerHtml: false, linkElementFinishedLoading: false) -  '

Chrome Headless 146.0.0.0 (Mac OS 10.15.7) DEBUG: '2026-04-05 04:47:43.087000 ThemeManager: Theme not yet applied. -  '

Chrome Headless 146.0.0.0 (Mac OS 10.15.7) DEBUG: '2026-04-05 04:47:43.091600 sap.ui.core.theming.ThemeHelper: sap-ui-theme-sap.ui.core: false (noLinkElement: false, sheet: false, innerHtml: false, linkElementFinishedLoading: false) -  '

Chrome Headless 146.0.0.0 (Mac OS 10.15.7) DEBUG: '2026-04-05 04:47:43.091600 sap.ui.core.theming.ThemeHelper: sap-ui-theme-sap.m: false (noLinkElement: false, sheet: false, innerHtml: false, linkElementFinishedLoading: false) -  '

Chrome Headless 146.0.0.0 (Mac OS 10.15.7) DEBUG: '2026-04-05 04:47:43.091600 sap.ui.core.theming.ThemeHelper: sap-ui-theme-sap.ui.unified: false (noLinkElement: false, sheet: false, innerHtml: false, linkElementFinishedLoading: false) -  '

Chrome Headless 146.0.0.0 (Mac OS 10.15.7) DEBUG: '2026-04-05 04:47:43.091600 sap.ui.core.theming.ThemeHelper: sap-ui-theme-miyasuta.ui5uploadcontrols: false (noLinkElement: false, sheet: false, innerHtml: false, linkElementFinishedLoading: false) -  '

Chrome Headless 146.0.0.0 (Mac OS 10.15.7) DEBUG: '2026-04-05 04:47:43.091600 ThemeManager: Theme not yet applied. -  '

Chrome Headless 146.0.0.0 (Mac OS 10.15.7) DEBUG: '2026-04-05 04:47:43.096199 sap.ui.core.theming.ThemeHelper: sap-ui-theme-sap.ui.core: false (noLinkElement: false, sheet: false, innerHtml: false, linkElementFinishedLoading: false) -  '

Chrome Headless 146.0.0.0 (Mac OS 10.15.7) DEBUG: '2026-04-05 04:47:43.096300 sap.ui.core.theming.ThemeHelper: sap-ui-theme-sap.m: false (noLinkElement: false, sheet: false, innerHtml: false, linkElementFinishedLoading: false) -  '

Chrome Headless 146.0.0.0 (Mac OS 10.15.7) DEBUG: '2026-04-05 04:47:43.096300 sap.ui.core.theming.ThemeHelper: sap-ui-theme-sap.ui.unified: false (noLinkElement: false, sheet: false, innerHtml: false, linkElementFinishedLoading: false) -  '

Chrome Headless 146.0.0.0 (Mac OS 10.15.7) DEBUG: '2026-04-05 04:47:43.096300 sap.ui.core.theming.ThemeHelper: sap-ui-theme-miyasuta.ui5uploadcontrols: false (noLinkElement: false, sheet: false, innerHtml: false, linkElementFinishedLoading: false) -  '

Chrome Headless 146.0.0.0 (Mac OS 10.15.7) DEBUG: '2026-04-05 04:47:43.096300 ThemeManager: Theme not yet applied. -  '

Chrome Headless 146.0.0.0 (Mac OS 10.15.7) DEBUG: '2026-04-05 04:47:43.100900 sap.ui.core.theming.ThemeHelper: sap-ui-theme-sap.ui.core: false (noLinkElement: false, sheet: false, innerHtml: false, linkElementFinishedLoading: false) -  '

Chrome Headless 146.0.0.0 (Mac OS 10.15.7) DEBUG: '2026-04-05 04:47:43.101000 sap.ui.core.theming.ThemeHelper: sap-ui-theme-sap.m: false (noLinkElement: false, sheet: false, innerHtml: false, linkElementFinishedLoading: false) -  '

Chrome Headless 146.0.0.0 (Mac OS 10.15.7) DEBUG: '2026-04-05 04:47:43.101000 sap.ui.core.theming.ThemeHelper: sap-ui-theme-sap.ui.unified: false (noLinkElement: false, sheet: false, innerHtml: false, linkElementFinishedLoading: false) -  '

Chrome Headless 146.0.0.0 (Mac OS 10.15.7) DEBUG: '2026-04-05 04:47:43.101000 sap.ui.core.theming.ThemeHelper: sap-ui-theme-miyasuta.ui5uploadcontrols: false (noLinkElement: false, sheet: false, innerHtml: false, linkElementFinishedLoading: false) -  '

Chrome Headless 146.0.0.0 (Mac OS 10.15.7) DEBUG: '2026-04-05 04:47:43.101000 ThemeManager: Theme not yet applied. -  '

Chrome Headless 146.0.0.0 (Mac OS 10.15.7) DEBUG: '2026-04-05 04:47:43.105600 sap.ui.core.theming.ThemeHelper: sap-ui-theme-sap.ui.core: false (noLinkElement: false, sheet: false, innerHtml: false, linkElementFinishedLoading: false) -  '

Chrome Headless 146.0.0.0 (Mac OS 10.15.7) DEBUG: '2026-04-05 04:47:43.105600 sap.ui.core.theming.ThemeHelper: sap-ui-theme-sap.m: false (noLinkElement: false, sheet: false, innerHtml: false, linkElementFinishedLoading: false) -  '

Chrome Headless 146.0.0.0 (Mac OS 10.15.7) DEBUG: '2026-04-05 04:47:43.105600 sap.ui.core.theming.ThemeHelper: sap-ui-theme-sap.ui.unified: false (noLinkElement: false, sheet: false, innerHtml: false, linkElementFinishedLoading: false) -  '

Chrome Headless 146.0.0.0 (Mac OS 10.15.7) DEBUG: '2026-04-05 04:47:43.105600 sap.ui.core.theming.ThemeHelper: sap-ui-theme-miyasuta.ui5uploadcontrols: false (noLinkElement: false, sheet: false, innerHtml: false, linkElementFinishedLoading: false) -  '

Chrome Headless 146.0.0.0 (Mac OS 10.15.7) DEBUG: '2026-04-05 04:47:43.105600 ThemeManager: Theme not yet applied. -  '

Chrome Headless 146.0.0.0 (Mac OS 10.15.7) DEBUG: '2026-04-05 04:47:43.110199 sap.ui.core.theming.ThemeHelper: sap-ui-theme-sap.ui.core: false (noLinkElement: false, sheet: false, innerHtml: false, linkElementFinishedLoading: false) -  '

Chrome Headless 146.0.0.0 (Mac OS 10.15.7) DEBUG: '2026-04-05 04:47:43.110400 sap.ui.core.theming.ThemeHelper: sap-ui-theme-sap.m: false (noLinkElement: false, sheet: false, innerHtml: false, linkElementFinishedLoading: false) -  '

Chrome Headless 146.0.0.0 (Mac OS 10.15.7) DEBUG: '2026-04-05 04:47:43.110400 sap.ui.core.theming.ThemeHelper: sap-ui-theme-sap.ui.unified: false (noLinkElement: false, sheet: false, innerHtml: false, linkElementFinishedLoading: false) -  '

Chrome Headless 146.0.0.0 (Mac OS 10.15.7) DEBUG: '2026-04-05 04:47:43.110400 sap.ui.core.theming.ThemeHelper: sap-ui-theme-miyasuta.ui5uploadcontrols: false (noLinkElement: false, sheet: false, innerHtml: false, linkElementFinishedLoading: false) -  '

Chrome Headless 146.0.0.0 (Mac OS 10.15.7) DEBUG: '2026-04-05 04:47:43.110400 ThemeManager: Theme not yet applied. -  '

Chrome Headless 146.0.0.0 (Mac OS 10.15.7) DEBUG: '2026-04-05 04:47:43.114900 sap.ui.core.theming.ThemeHelper: sap-ui-theme-sap.ui.core: false (noLinkElement: false, sheet: false, innerHtml: false, linkElementFinishedLoading: false) -  '

Chrome Headless 146.0.0.0 (Mac OS 10.15.7) DEBUG: '2026-04-05 04:47:43.115000 sap.ui.core.theming.ThemeHelper: sap-ui-theme-sap.m: false (noLinkElement: false, sheet: false, innerHtml: false, linkElementFinishedLoading: false) -  '

Chrome Headless 146.0.0.0 (Mac OS 10.15.7) DEBUG: '2026-04-05 04:47:43.115100 sap.ui.core.theming.ThemeHelper: sap-ui-theme-sap.ui.unified: false (noLinkElement: false, sheet: false, innerHtml: false, linkElementFinishedLoading: false) -  '

Chrome Headless 146.0.0.0 (Mac OS 10.15.7) DEBUG: '2026-04-05 04:47:43.115100 sap.ui.core.theming.ThemeHelper: sap-ui-theme-miyasuta.ui5uploadcontrols: false (noLinkElement: false, sheet: false, innerHtml: false, linkElementFinishedLoading: false) -  '

Chrome Headless 146.0.0.0 (Mac OS 10.15.7) DEBUG: '2026-04-05 04:47:43.115100 ThemeManager: Theme not yet applied. -  '

Chrome Headless 146.0.0.0 (Mac OS 10.15.7) DEBUG: '2026-04-05 04:47:43.119699 sap.ui.core.theming.ThemeHelper: sap-ui-theme-sap.ui.core: false (noLinkElement: false, sheet: false, innerHtml: false, linkElementFinishedLoading: false) -  '

Chrome Headless 146.0.0.0 (Mac OS 10.15.7) DEBUG: '2026-04-05 04:47:43.119699 sap.ui.core.theming.ThemeHelper: sap-ui-theme-sap.m: false (noLinkElement: false, sheet: false, innerHtml: false, linkElementFinishedLoading: false) -  '

Chrome Headless 146.0.0.0 (Mac OS 10.15.7) DEBUG: '2026-04-05 04:47:43.119699 sap.ui.core.theming.ThemeHelper: sap-ui-theme-sap.ui.unified: false (noLinkElement: false, sheet: false, innerHtml: false, linkElementFinishedLoading: false) -  '

Chrome Headless 146.0.0.0 (Mac OS 10.15.7) DEBUG: '2026-04-05 04:47:43.119699 sap.ui.core.theming.ThemeHelper: sap-ui-theme-miyasuta.ui5uploadcontrols: false (noLinkElement: false, sheet: false, innerHtml: false, linkElementFinishedLoading: false) -  '

Chrome Headless 146.0.0.0 (Mac OS 10.15.7) DEBUG: '2026-04-05 04:47:43.119699 ThemeManager: Theme not yet applied. -  '

Chrome Headless 146.0.0.0 (Mac OS 10.15.7) DEBUG: '2026-04-05 04:47:43.124400 sap.ui.core.theming.ThemeHelper: sap-ui-theme-sap.ui.core: false (noLinkElement: false, sheet: false, innerHtml: false, linkElementFinishedLoading: false) -  '

Chrome Headless 146.0.0.0 (Mac OS 10.15.7) DEBUG: '2026-04-05 04:47:43.124400 sap.ui.core.theming.ThemeHelper: sap-ui-theme-sap.m: false (noLinkElement: false, sheet: false, innerHtml: false, linkElementFinishedLoading: false) -  '

Chrome Headless 146.0.0.0 (Mac OS 10.15.7) DEBUG: '2026-04-05 04:47:43.124400 sap.ui.core.theming.ThemeHelper: sap-ui-theme-sap.ui.unified: false (noLinkElement: false, sheet: false, innerHtml: false, linkElementFinishedLoading: false) -  '

Chrome Headless 146.0.0.0 (Mac OS 10.15.7) DEBUG: '2026-04-05 04:47:43.124400 sap.ui.core.theming.ThemeHelper: sap-ui-theme-miyasuta.ui5uploadcontrols: false (noLinkElement: false, sheet: false, innerHtml: false, linkElementFinishedLoading: false) -  '

Chrome Headless 146.0.0.0 (Mac OS 10.15.7) DEBUG: '2026-04-05 04:47:43.124400 ThemeManager: Theme not yet applied. -  '

Chrome Headless 146.0.0.0 (Mac OS 10.15.7) DEBUG: '2026-04-05 04:47:43.129000 sap.ui.core.theming.ThemeHelper: sap-ui-theme-sap.ui.core: false (noLinkElement: false, sheet: false, innerHtml: false, linkElementFinishedLoading: false) -  '

Chrome Headless 146.0.0.0 (Mac OS 10.15.7) DEBUG: '2026-04-05 04:47:43.129000 sap.ui.core.theming.ThemeHelper: sap-ui-theme-sap.m: false (noLinkElement: false, sheet: false, innerHtml: false, linkElementFinishedLoading: false) -  '

Chrome Headless 146.0.0.0 (Mac OS 10.15.7) DEBUG: '2026-04-05 04:47:43.129000 sap.ui.core.theming.ThemeHelper: sap-ui-theme-sap.ui.unified: false (noLinkElement: false, sheet: false, innerHtml: false, linkElementFinishedLoading: false) -  '

Chrome Headless 146.0.0.0 (Mac OS 10.15.7) DEBUG: '2026-04-05 04:47:43.129000 sap.ui.core.theming.ThemeHelper: sap-ui-theme-miyasuta.ui5uploadcontrols: false (noLinkElement: false, sheet: false, innerHtml: false, linkElementFinishedLoading: false) -  '

Chrome Headless 146.0.0.0 (Mac OS 10.15.7) DEBUG: '2026-04-05 04:47:43.129000 ThemeManager: Theme not yet applied. -  '

Chrome Headless 146.0.0.0 (Mac OS 10.15.7) DEBUG: '2026-04-05 04:47:43.133699 sap.ui.core.theming.ThemeHelper: sap-ui-theme-sap.ui.core: false (noLinkElement: false, sheet: false, innerHtml: false, linkElementFinishedLoading: false) -  '

Chrome Headless 146.0.0.0 (Mac OS 10.15.7) DEBUG: '2026-04-05 04:47:43.133699 sap.ui.core.theming.ThemeHelper: sap-ui-theme-sap.m: false (noLinkElement: false, sheet: false, innerHtml: false, linkElementFinishedLoading: false) -  '

Chrome Headless 146.0.0.0 (Mac OS 10.15.7) DEBUG: '2026-04-05 04:47:43.133699 sap.ui.core.theming.ThemeHelper: sap-ui-theme-sap.ui.unified: false (noLinkElement: false, sheet: false, innerHtml: false, linkElementFinishedLoading: false) -  '

Chrome Headless 146.0.0.0 (Mac OS 10.15.7) DEBUG: '2026-04-05 04:47:43.133699 sap.ui.core.theming.ThemeHelper: sap-ui-theme-miyasuta.ui5uploadcontrols: false (noLinkElement: false, sheet: false, innerHtml: false, linkElementFinishedLoading: false) -  '

Chrome Headless 146.0.0.0 (Mac OS 10.15.7) DEBUG: '2026-04-05 04:47:43.133699 ThemeManager: Theme not yet applied. -  '

Chrome Headless 146.0.0.0 (Mac OS 10.15.7) DEBUG: '2026-04-05 04:47:43.138400 sap.ui.core.theming.ThemeHelper: sap-ui-theme-sap.ui.core: false (noLinkElement: false, sheet: false, innerHtml: false, linkElementFinishedLoading: false) -  '

Chrome Headless 146.0.0.0 (Mac OS 10.15.7) DEBUG: '2026-04-05 04:47:43.138400 sap.ui.core.theming.ThemeHelper: sap-ui-theme-sap.m: false (noLinkElement: false, sheet: false, innerHtml: false, linkElementFinishedLoading: false) -  '

Chrome Headless 146.0.0.0 (Mac OS 10.15.7) DEBUG: '2026-04-05 04:47:43.138400 sap.ui.core.theming.ThemeHelper: sap-ui-theme-sap.ui.unified: false (noLinkElement: false, sheet: false, innerHtml: false, linkElementFinishedLoading: false) -  '

Chrome Headless 146.0.0.0 (Mac OS 10.15.7) DEBUG: '2026-04-05 04:47:43.138400 sap.ui.core.theming.ThemeHelper: sap-ui-theme-miyasuta.ui5uploadcontrols: false (noLinkElement: false, sheet: false, innerHtml: false, linkElementFinishedLoading: false) -  '

Chrome Headless 146.0.0.0 (Mac OS 10.15.7) DEBUG: '2026-04-05 04:47:43.138400 ThemeManager: Theme not yet applied. -  '

Chrome Headless 146.0.0.0 (Mac OS 10.15.7) DEBUG: '2026-04-05 04:47:43.143100 sap.ui.core.theming.ThemeHelper: sap-ui-theme-sap.ui.core: false (noLinkElement: false, sheet: false, innerHtml: false, linkElementFinishedLoading: false) -  '

Chrome Headless 146.0.0.0 (Mac OS 10.15.7) DEBUG: '2026-04-05 04:47:43.143100 sap.ui.core.theming.ThemeHelper: sap-ui-theme-sap.m: false (noLinkElement: false, sheet: false, innerHtml: false, linkElementFinishedLoading: false) -  '

Chrome Headless 146.0.0.0 (Mac OS 10.15.7) DEBUG: '2026-04-05 04:47:43.143100 sap.ui.core.theming.ThemeHelper: sap-ui-theme-sap.ui.unified: false (noLinkElement: false, sheet: false, innerHtml: false, linkElementFinishedLoading: false) -  '

Chrome Headless 146.0.0.0 (Mac OS 10.15.7) DEBUG: '2026-04-05 04:47:43.143100 sap.ui.core.theming.ThemeHelper: sap-ui-theme-miyasuta.ui5uploadcontrols: false (noLinkElement: false, sheet: false, innerHtml: false, linkElementFinishedLoading: false) -  '

Chrome Headless 146.0.0.0 (Mac OS 10.15.7) DEBUG: '2026-04-05 04:47:43.143199 ThemeManager: Theme not yet applied. -  '

Chrome Headless 146.0.0.0 (Mac OS 10.15.7) DEBUG: '2026-04-05 04:47:43.147699 sap.ui.core.theming.ThemeHelper: sap-ui-theme-sap.ui.core: false (noLinkElement: false, sheet: false, innerHtml: false, linkElementFinishedLoading: false) -  '

Chrome Headless 146.0.0.0 (Mac OS 10.15.7) DEBUG: '2026-04-05 04:47:43.147800 sap.ui.core.theming.ThemeHelper: sap-ui-theme-sap.m: false (noLinkElement: false, sheet: false, innerHtml: false, linkElementFinishedLoading: false) -  '

Chrome Headless 146.0.0.0 (Mac OS 10.15.7) DEBUG: '2026-04-05 04:47:43.147800 sap.ui.core.theming.ThemeHelper: sap-ui-theme-sap.ui.unified: false (noLinkElement: false, sheet: false, innerHtml: false, linkElementFinishedLoading: false) -  '

Chrome Headless 146.0.0.0 (Mac OS 10.15.7) DEBUG: '2026-04-05 04:47:43.147800 sap.ui.core.theming.ThemeHelper: sap-ui-theme-miyasuta.ui5uploadcontrols: false (noLinkElement: false, sheet: false, innerHtml: false, linkElementFinishedLoading: false) -  '

Chrome Headless 146.0.0.0 (Mac OS 10.15.7) DEBUG: '2026-04-05 04:47:43.147800 ThemeManager: Theme not yet applied. -  '

Chrome Headless 146.0.0.0 (Mac OS 10.15.7) DEBUG: '2026-04-05 04:47:43.152300 sap.ui.core.theming.ThemeHelper: sap-ui-theme-sap.ui.core: false (noLinkElement: false, sheet: false, innerHtml: false, linkElementFinishedLoading: false) -  '

Chrome Headless 146.0.0.0 (Mac OS 10.15.7) DEBUG: '2026-04-05 04:47:43.152400 sap.ui.core.theming.ThemeHelper: sap-ui-theme-sap.m: false (noLinkElement: false, sheet: false, innerHtml: false, linkElementFinishedLoading: false) -  '

Chrome Headless 146.0.0.0 (Mac OS 10.15.7) DEBUG: '2026-04-05 04:47:43.152500 sap.ui.core.theming.ThemeHelper: sap-ui-theme-sap.ui.unified: false (noLinkElement: false, sheet: false, innerHtml: false, linkElementFinishedLoading: false) -  '

Chrome Headless 146.0.0.0 (Mac OS 10.15.7) DEBUG: '2026-04-05 04:47:43.152500 sap.ui.core.theming.ThemeHelper: sap-ui-theme-miyasuta.ui5uploadcontrols: false (noLinkElement: false, sheet: false, innerHtml: false, linkElementFinishedLoading: false) -  '

Chrome Headless 146.0.0.0 (Mac OS 10.15.7) DEBUG: '2026-04-05 04:47:43.152500 ThemeManager: Theme not yet applied. -  '

Chrome Headless 146.0.0.0 (Mac OS 10.15.7) DEBUG: '2026-04-05 04:47:43.157100 sap.ui.core.theming.ThemeHelper: sap-ui-theme-sap.ui.core: false (noLinkElement: false, sheet: false, innerHtml: false, linkElementFinishedLoading: false) -  '

Chrome Headless 146.0.0.0 (Mac OS 10.15.7) DEBUG: '2026-04-05 04:47:43.157100 sap.ui.core.theming.ThemeHelper: sap-ui-theme-sap.m: false (noLinkElement: false, sheet: false, innerHtml: false, linkElementFinishedLoading: false) -  '

Chrome Headless 146.0.0.0 (Mac OS 10.15.7) DEBUG: '2026-04-05 04:47:43.157100 sap.ui.core.theming.ThemeHelper: sap-ui-theme-sap.ui.unified: false (noLinkElement: false, sheet: false, innerHtml: false, linkElementFinishedLoading: false) -  '

Chrome Headless 146.0.0.0 (Mac OS 10.15.7) DEBUG: '2026-04-05 04:47:43.157100 sap.ui.core.theming.ThemeHelper: sap-ui-theme-miyasuta.ui5uploadcontrols: false (noLinkElement: false, sheet: false, innerHtml: false, linkElementFinishedLoading: false) -  '

Chrome Headless 146.0.0.0 (Mac OS 10.15.7) DEBUG: '2026-04-05 04:47:43.157199 ThemeManager: Theme not yet applied. -  '

Chrome Headless 146.0.0.0 (Mac OS 10.15.7) DEBUG: '2026-04-05 04:47:43.161800 sap.ui.core.theming.ThemeHelper: sap-ui-theme-sap.ui.core: false (noLinkElement: false, sheet: false, innerHtml: false, linkElementFinishedLoading: false) -  '

Chrome Headless 146.0.0.0 (Mac OS 10.15.7) DEBUG: '2026-04-05 04:47:43.161900 sap.ui.core.theming.ThemeHelper: sap-ui-theme-sap.m: false (noLinkElement: false, sheet: false, innerHtml: false, linkElementFinishedLoading: false) -  '

Chrome Headless 146.0.0.0 (Mac OS 10.15.7) DEBUG: '2026-04-05 04:47:43.161900 sap.ui.core.theming.ThemeHelper: sap-ui-theme-sap.ui.unified: false (noLinkElement: false, sheet: false, innerHtml: false, linkElementFinishedLoading: false) -  '

Chrome Headless 146.0.0.0 (Mac OS 10.15.7) DEBUG: '2026-04-05 04:47:43.161900 sap.ui.core.theming.ThemeHelper: sap-ui-theme-miyasuta.ui5uploadcontrols: false (noLinkElement: false, sheet: false, innerHtml: false, linkElementFinishedLoading: false) -  '

Chrome Headless 146.0.0.0 (Mac OS 10.15.7) DEBUG: '2026-04-05 04:47:43.161900 ThemeManager: Theme not yet applied. -  '

Chrome Headless 146.0.0.0 (Mac OS 10.15.7) DEBUG: '2026-04-05 04:47:43.166500 sap.ui.core.theming.ThemeHelper: sap-ui-theme-sap.ui.core: false (noLinkElement: false, sheet: false, innerHtml: false, linkElementFinishedLoading: false) -  '

Chrome Headless 146.0.0.0 (Mac OS 10.15.7) DEBUG: '2026-04-05 04:47:43.166600 sap.ui.core.theming.ThemeHelper: sap-ui-theme-sap.m: false (noLinkElement: false, sheet: false, innerHtml: false, linkElementFinishedLoading: false) -  '

Chrome Headless 146.0.0.0 (Mac OS 10.15.7) DEBUG: '2026-04-05 04:47:43.166600 sap.ui.core.theming.ThemeHelper: sap-ui-theme-sap.ui.unified: false (noLinkElement: false, sheet: false, innerHtml: false, linkElementFinishedLoading: false) -  '

Chrome Headless 146.0.0.0 (Mac OS 10.15.7) DEBUG: '2026-04-05 04:47:43.166600 sap.ui.core.theming.ThemeHelper: sap-ui-theme-miyasuta.ui5uploadcontrols: false (noLinkElement: false, sheet: false, innerHtml: false, linkElementFinishedLoading: false) -  '

Chrome Headless 146.0.0.0 (Mac OS 10.15.7) DEBUG: '2026-04-05 04:47:43.166600 ThemeManager: Theme not yet applied. -  '

Chrome Headless 146.0.0.0 (Mac OS 10.15.7) DEBUG: '2026-04-05 04:47:43.171100 sap.ui.core.theming.ThemeHelper: sap-ui-theme-sap.ui.core: false (noLinkElement: false, sheet: false, innerHtml: false, linkElementFinishedLoading: false) -  '

Chrome Headless 146.0.0.0 (Mac OS 10.15.7) DEBUG: '2026-04-05 04:47:43.171199 sap.ui.core.theming.ThemeHelper: sap-ui-theme-sap.m: false (noLinkElement: false, sheet: false, innerHtml: false, linkElementFinishedLoading: false) -  '

Chrome Headless 146.0.0.0 (Mac OS 10.15.7) DEBUG: '2026-04-05 04:47:43.171199 sap.ui.core.theming.ThemeHelper: sap-ui-theme-sap.ui.unified: false (noLinkElement: false, sheet: false, innerHtml: false, linkElementFinishedLoading: false) -  '

Chrome Headless 146.0.0.0 (Mac OS 10.15.7) DEBUG: '2026-04-05 04:47:43.171199 sap.ui.core.theming.ThemeHelper: sap-ui-theme-miyasuta.ui5uploadcontrols: false (noLinkElement: false, sheet: false, innerHtml: false, linkElementFinishedLoading: false) -  '

Chrome Headless 146.0.0.0 (Mac OS 10.15.7) DEBUG: '2026-04-05 04:47:43.171199 ThemeManager: Theme not yet applied. -  '

Chrome Headless 146.0.0.0 (Mac OS 10.15.7) DEBUG: '2026-04-05 04:47:43.176199 sap.ui.core.theming.ThemeHelper: sap-ui-theme-sap.ui.core: false (noLinkElement: false, sheet: false, innerHtml: false, linkElementFinishedLoading: false) -  '

Chrome Headless 146.0.0.0 (Mac OS 10.15.7) DEBUG: '2026-04-05 04:47:43.176199 sap.ui.core.theming.ThemeHelper: sap-ui-theme-sap.m: false (noLinkElement: false, sheet: false, innerHtml: false, linkElementFinishedLoading: false) -  '

Chrome Headless 146.0.0.0 (Mac OS 10.15.7) DEBUG: '2026-04-05 04:47:43.176199 sap.ui.core.theming.ThemeHelper: sap-ui-theme-sap.ui.unified: false (noLinkElement: false, sheet: false, innerHtml: false, linkElementFinishedLoading: false) -  '

Chrome Headless 146.0.0.0 (Mac OS 10.15.7) DEBUG: '2026-04-05 04:47:43.176199 sap.ui.core.theming.ThemeHelper: sap-ui-theme-miyasuta.ui5uploadcontrols: false (noLinkElement: false, sheet: false, innerHtml: false, linkElementFinishedLoading: false) -  '

Chrome Headless 146.0.0.0 (Mac OS 10.15.7) DEBUG: '2026-04-05 04:47:43.176199 ThemeManager: Theme not yet applied. -  '

Chrome Headless 146.0.0.0 (Mac OS 10.15.7) DEBUG: '2026-04-05 04:47:43.180800 sap.ui.core.theming.ThemeHelper: sap-ui-theme-sap.ui.core: false (noLinkElement: false, sheet: false, innerHtml: false, linkElementFinishedLoading: false) -  '

Chrome Headless 146.0.0.0 (Mac OS 10.15.7) DEBUG: '2026-04-05 04:47:43.180900 sap.ui.core.theming.ThemeHelper: sap-ui-theme-sap.m: false (noLinkElement: false, sheet: false, innerHtml: false, linkElementFinishedLoading: false) -  '

Chrome Headless 146.0.0.0 (Mac OS 10.15.7) DEBUG: '2026-04-05 04:47:43.180900 sap.ui.core.theming.ThemeHelper: sap-ui-theme-sap.ui.unified: false (noLinkElement: false, sheet: false, innerHtml: false, linkElementFinishedLoading: false) -  '

Chrome Headless 146.0.0.0 (Mac OS 10.15.7) DEBUG: '2026-04-05 04:47:43.180900 sap.ui.core.theming.ThemeHelper: sap-ui-theme-miyasuta.ui5uploadcontrols: false (noLinkElement: false, sheet: false, innerHtml: false, linkElementFinishedLoading: false) -  '

Chrome Headless 146.0.0.0 (Mac OS 10.15.7) DEBUG: '2026-04-05 04:47:43.180900 ThemeManager: Theme not yet applied. -  '

Chrome Headless 146.0.0.0 (Mac OS 10.15.7) DEBUG: '2026-04-05 04:47:43.185400 sap.ui.core.theming.ThemeHelper: sap-ui-theme-sap.ui.core: false (noLinkElement: false, sheet: false, innerHtml: false, linkElementFinishedLoading: false) -  '

Chrome Headless 146.0.0.0 (Mac OS 10.15.7) DEBUG: '2026-04-05 04:47:43.185500 sap.ui.core.theming.ThemeHelper: sap-ui-theme-sap.m: false (noLinkElement: false, sheet: false, innerHtml: false, linkElementFinishedLoading: false) -  '

Chrome Headless 146.0.0.0 (Mac OS 10.15.7) DEBUG: '2026-04-05 04:47:43.185500 sap.ui.core.theming.ThemeHelper: sap-ui-theme-sap.ui.unified: false (noLinkElement: false, sheet: false, innerHtml: false, linkElementFinishedLoading: false) -  '

Chrome Headless 146.0.0.0 (Mac OS 10.15.7) DEBUG: '2026-04-05 04:47:43.185500 sap.ui.core.theming.ThemeHelper: sap-ui-theme-miyasuta.ui5uploadcontrols: false (noLinkElement: false, sheet: false, innerHtml: false, linkElementFinishedLoading: false) -  '

Chrome Headless 146.0.0.0 (Mac OS 10.15.7) DEBUG: '2026-04-05 04:47:43.185500 ThemeManager: Theme not yet applied. -  '

Chrome Headless 146.0.0.0 (Mac OS 10.15.7) DEBUG: '2026-04-05 04:47:43.190100 sap.ui.core.theming.ThemeHelper: sap-ui-theme-sap.ui.core: false (noLinkElement: false, sheet: false, innerHtml: false, linkElementFinishedLoading: false) -  '

Chrome Headless 146.0.0.0 (Mac OS 10.15.7) DEBUG: '2026-04-05 04:47:43.190199 sap.ui.core.theming.ThemeHelper: sap-ui-theme-sap.m: false (noLinkElement: false, sheet: false, innerHtml: false, linkElementFinishedLoading: false) -  '

Chrome Headless 146.0.0.0 (Mac OS 10.15.7) DEBUG: '2026-04-05 04:47:43.190199 sap.ui.core.theming.ThemeHelper: sap-ui-theme-sap.ui.unified: false (noLinkElement: false, sheet: false, innerHtml: false, linkElementFinishedLoading: false) -  '

Chrome Headless 146.0.0.0 (Mac OS 10.15.7) DEBUG: '2026-04-05 04:47:43.190300 sap.ui.core.theming.ThemeHelper: sap-ui-theme-miyasuta.ui5uploadcontrols: false (noLinkElement: false, sheet: false, innerHtml: false, linkElementFinishedLoading: false) -  '

Chrome Headless 146.0.0.0 (Mac OS 10.15.7) DEBUG: '2026-04-05 04:47:43.190300 ThemeManager: Theme not yet applied. -  '

Chrome Headless 146.0.0.0 (Mac OS 10.15.7) DEBUG: '2026-04-05 04:47:43.194699 sap.ui.core.theming.ThemeHelper: sap-ui-theme-sap.ui.core: false (noLinkElement: false, sheet: false, innerHtml: false, linkElementFinishedLoading: false) -  '

Chrome Headless 146.0.0.0 (Mac OS 10.15.7) DEBUG: '2026-04-05 04:47:43.194800 sap.ui.core.theming.ThemeHelper: sap-ui-theme-sap.m: false (noLinkElement: false, sheet: false, innerHtml: false, linkElementFinishedLoading: false) -  '

Chrome Headless 146.0.0.0 (Mac OS 10.15.7) DEBUG: '2026-04-05 04:47:43.194800 sap.ui.core.theming.ThemeHelper: sap-ui-theme-sap.ui.unified: false (noLinkElement: false, sheet: false, innerHtml: false, linkElementFinishedLoading: false) -  '

Chrome Headless 146.0.0.0 (Mac OS 10.15.7) DEBUG: '2026-04-05 04:47:43.194800 sap.ui.core.theming.ThemeHelper: sap-ui-theme-miyasuta.ui5uploadcontrols: false (noLinkElement: false, sheet: false, innerHtml: false, linkElementFinishedLoading: false) -  '

Chrome Headless 146.0.0.0 (Mac OS 10.15.7) DEBUG: '2026-04-05 04:47:43.194800 ThemeManager: Theme not yet applied. -  '

Chrome Headless 146.0.0.0 (Mac OS 10.15.7) DEBUG: '2026-04-05 04:47:43.199400 sap.ui.core.theming.ThemeHelper: sap-ui-theme-sap.ui.core: false (noLinkElement: false, sheet: false, innerHtml: false, linkElementFinishedLoading: false) -  '

Chrome Headless 146.0.0.0 (Mac OS 10.15.7) DEBUG: '2026-04-05 04:47:43.199400 sap.ui.core.theming.ThemeHelper: sap-ui-theme-sap.m: false (noLinkElement: false, sheet: false, innerHtml: false, linkElementFinishedLoading: false) -  '

Chrome Headless 146.0.0.0 (Mac OS 10.15.7) DEBUG: '2026-04-05 04:47:43.199400 sap.ui.core.theming.ThemeHelper: sap-ui-theme-sap.ui.unified: false (noLinkElement: false, sheet: false, innerHtml: false, linkElementFinishedLoading: false) -  '

Chrome Headless 146.0.0.0 (Mac OS 10.15.7) DEBUG: '2026-04-05 04:47:43.199400 sap.ui.core.theming.ThemeHelper: sap-ui-theme-miyasuta.ui5uploadcontrols: false (noLinkElement: false, sheet: false, innerHtml: false, linkElementFinishedLoading: false) -  '

Chrome Headless 146.0.0.0 (Mac OS 10.15.7) DEBUG: '2026-04-05 04:47:43.199400 ThemeManager: Theme not yet applied. -  '

Chrome Headless 146.0.0.0 (Mac OS 10.15.7) DEBUG: '2026-04-05 04:47:43.204000 sap.ui.core.theming.ThemeHelper: sap-ui-theme-sap.ui.core: false (noLinkElement: false, sheet: false, innerHtml: false, linkElementFinishedLoading: false) -  '

Chrome Headless 146.0.0.0 (Mac OS 10.15.7) DEBUG: '2026-04-05 04:47:43.204000 sap.ui.core.theming.ThemeHelper: sap-ui-theme-sap.m: false (noLinkElement: false, sheet: false, innerHtml: false, linkElementFinishedLoading: false) -  '

Chrome Headless 146.0.0.0 (Mac OS 10.15.7) DEBUG: '2026-04-05 04:47:43.204000 sap.ui.core.theming.ThemeHelper: sap-ui-theme-sap.ui.unified: false (noLinkElement: false, sheet: false, innerHtml: false, linkElementFinishedLoading: false) -  '

Chrome Headless 146.0.0.0 (Mac OS 10.15.7) DEBUG: '2026-04-05 04:47:43.204000 sap.ui.core.theming.ThemeHelper: sap-ui-theme-miyasuta.ui5uploadcontrols: false (noLinkElement: false, sheet: false, innerHtml: false, linkElementFinishedLoading: false) -  '

Chrome Headless 146.0.0.0 (Mac OS 10.15.7) DEBUG: '2026-04-05 04:47:43.204000 ThemeManager: Theme not yet applied. -  '

Chrome Headless 146.0.0.0 (Mac OS 10.15.7) INFO: '2026-04-05 04:47:43.205400 Sync point 'UI5 Document Ready' finished (tasks:2, open:0, failures:0) -  '

Chrome Headless 146.0.0.0 (Mac OS 10.15.7) INFO: '2026-04-05 04:47:43.205400 Initializing -  sap.ui.core.Core.init()'

Chrome Headless 146.0.0.0 (Mac OS 10.15.7) INFO: '2026-04-05 04:47:43.205500 Initialized -  sap.ui.core.Core.init()'

Chrome Headless 146.0.0.0 (Mac OS 10.15.7) INFO: '2026-04-05 04:47:43.205500 Starting Plugins -  sap.ui.core.Core.init()'

Chrome Headless 146.0.0.0 (Mac OS 10.15.7) INFO: '2026-04-05 04:47:43.205500 Plugins started -  sap.ui.core.Core.init()'

Chrome Headless 146.0.0.0 (Mac OS 10.15.7) DEBUG: '2026-04-05 04:47:43.209199 sap.ui.core.theming.ThemeHelper: sap-ui-theme-sap.ui.core: false (noLinkElement: false, sheet: false, innerHtml: false, linkElementFinishedLoading: false) -  '

Chrome Headless 146.0.0.0 (Mac OS 10.15.7) DEBUG: '2026-04-05 04:47:43.209300 sap.ui.core.theming.ThemeHelper: sap-ui-theme-sap.m: false (noLinkElement: false, sheet: false, innerHtml: false, linkElementFinishedLoading: false) -  '

Chrome Headless 146.0.0.0 (Mac OS 10.15.7) DEBUG: '2026-04-05 04:47:43.209300 sap.ui.core.theming.ThemeHelper: sap-ui-theme-sap.ui.unified: false (noLinkElement: false, sheet: false, innerHtml: false, linkElementFinishedLoading: false) -  '

Chrome Headless 146.0.0.0 (Mac OS 10.15.7) DEBUG: '2026-04-05 04:47:43.209300 sap.ui.core.theming.ThemeHelper: sap-ui-theme-miyasuta.ui5uploadcontrols: false (noLinkElement: false, sheet: false, innerHtml: false, linkElementFinishedLoading: false) -  '

Chrome Headless 146.0.0.0 (Mac OS 10.15.7) DEBUG: '2026-04-05 04:47:43.209400 ThemeManager: Theme not yet applied. -  '

Chrome Headless 146.0.0.0 (Mac OS 10.15.7) DEBUG: '2026-04-05 04:47:43.214000 sap.ui.core.theming.ThemeHelper: sap-ui-theme-sap.ui.core: false (noLinkElement: false, sheet: false, innerHtml: false, linkElementFinishedLoading: false) -  '

Chrome Headless 146.0.0.0 (Mac OS 10.15.7) DEBUG: '2026-04-05 04:47:43.214000 sap.ui.core.theming.ThemeHelper: sap-ui-theme-sap.m: false (noLinkElement: false, sheet: false, innerHtml: false, linkElementFinishedLoading: false) -  '

Chrome Headless 146.0.0.0 (Mac OS 10.15.7) DEBUG: '2026-04-05 04:47:43.214000 sap.ui.core.theming.ThemeHelper: sap-ui-theme-sap.ui.unified: false (noLinkElement: false, sheet: false, innerHtml: false, linkElementFinishedLoading: false) -  '

Chrome Headless 146.0.0.0 (Mac OS 10.15.7) DEBUG: '2026-04-05 04:47:43.214000 sap.ui.core.theming.ThemeHelper: sap-ui-theme-miyasuta.ui5uploadcontrols: false (noLinkElement: false, sheet: false, innerHtml: false, linkElementFinishedLoading: false) -  '

Chrome Headless 146.0.0.0 (Mac OS 10.15.7) DEBUG: '2026-04-05 04:47:43.214000 ThemeManager: Theme not yet applied. -  '

[info] server:custom-middleware:ui5-tooling-transpile-middleware: Transpiling resource /test-resources/miyasuta/ui5uploadcontrols/qunit/MultiFileUpload.qunit.ts
Chrome Headless 146.0.0.0 (Mac OS 10.15.7) DEBUG: '2026-04-05 04:47:43.218600 sap.ui.core.theming.ThemeHelper: sap-ui-theme-sap.ui.core: false (noLinkElement: false, sheet: false, innerHtml: false, linkElementFinishedLoading: false) -  '

Chrome Headless 146.0.0.0 (Mac OS 10.15.7) DEBUG: '2026-04-05 04:47:43.218600 sap.ui.core.theming.ThemeHelper: sap-ui-theme-sap.m: false (noLinkElement: false, sheet: false, innerHtml: false, linkElementFinishedLoading: false) -  '

Chrome Headless 146.0.0.0 (Mac OS 10.15.7) DEBUG: '2026-04-05 04:47:43.218600 sap.ui.core.theming.ThemeHelper: sap-ui-theme-sap.ui.unified: false (noLinkElement: false, sheet: false, innerHtml: false, linkElementFinishedLoading: false) -  '

Chrome Headless 146.0.0.0 (Mac OS 10.15.7) DEBUG: '2026-04-05 04:47:43.218699 sap.ui.core.theming.ThemeHelper: sap-ui-theme-miyasuta.ui5uploadcontrols: false (noLinkElement: false, sheet: false, innerHtml: false, linkElementFinishedLoading: false) -  '

Chrome Headless 146.0.0.0 (Mac OS 10.15.7) DEBUG: '2026-04-05 04:47:43.218699 ThemeManager: Theme not yet applied. -  '

Chrome Headless 146.0.0.0 (Mac OS 10.15.7) DEBUG: '2026-04-05 04:47:43.223199 sap.ui.core.theming.ThemeHelper: sap-ui-theme-sap.ui.core: false (noLinkElement: false, sheet: false, innerHtml: false, linkElementFinishedLoading: false) -  '

Chrome Headless 146.0.0.0 (Mac OS 10.15.7) DEBUG: '2026-04-05 04:47:43.223300 sap.ui.core.theming.ThemeHelper: sap-ui-theme-sap.m: false (noLinkElement: false, sheet: false, innerHtml: false, linkElementFinishedLoading: false) -  '

Chrome Headless 146.0.0.0 (Mac OS 10.15.7) DEBUG: '2026-04-05 04:47:43.223300 sap.ui.core.theming.ThemeHelper: sap-ui-theme-sap.ui.unified: false (noLinkElement: false, sheet: false, innerHtml: false, linkElementFinishedLoading: false) -  '

Chrome Headless 146.0.0.0 (Mac OS 10.15.7) DEBUG: '2026-04-05 04:47:43.223400 sap.ui.core.theming.ThemeHelper: sap-ui-theme-miyasuta.ui5uploadcontrols: false (noLinkElement: false, sheet: false, innerHtml: false, linkElementFinishedLoading: false) -  '

Chrome Headless 146.0.0.0 (Mac OS 10.15.7) DEBUG: '2026-04-05 04:47:43.223400 ThemeManager: Theme not yet applied. -  '

Chrome Headless 146.0.0.0 (Mac OS 10.15.7) DEBUG: '2026-04-05 04:47:43.227900 sap.ui.core.theming.ThemeHelper: sap-ui-theme-sap.ui.core: false (noLinkElement: false, sheet: false, innerHtml: false, linkElementFinishedLoading: false) -  '

Chrome Headless 146.0.0.0 (Mac OS 10.15.7) DEBUG: '2026-04-05 04:47:43.227900 sap.ui.core.theming.ThemeHelper: sap-ui-theme-sap.m: false (noLinkElement: false, sheet: false, innerHtml: false, linkElementFinishedLoading: false) -  '

Chrome Headless 146.0.0.0 (Mac OS 10.15.7) DEBUG: '2026-04-05 04:47:43.227900 sap.ui.core.theming.ThemeHelper: sap-ui-theme-sap.ui.unified: false (noLinkElement: false, sheet: false, innerHtml: false, linkElementFinishedLoading: false) -  '

Chrome Headless 146.0.0.0 (Mac OS 10.15.7) DEBUG: '2026-04-05 04:47:43.227900 sap.ui.core.theming.ThemeHelper: sap-ui-theme-miyasuta.ui5uploadcontrols: false (noLinkElement: false, sheet: false, innerHtml: false, linkElementFinishedLoading: false) -  '

Chrome Headless 146.0.0.0 (Mac OS 10.15.7) DEBUG: '2026-04-05 04:47:43.227900 ThemeManager: Theme not yet applied. -  '

Chrome Headless 146.0.0.0 (Mac OS 10.15.7) DEBUG: '2026-04-05 04:47:43.232500 sap.ui.core.theming.ThemeHelper: sap-ui-theme-sap.ui.core: false (noLinkElement: false, sheet: false, innerHtml: false, linkElementFinishedLoading: false) -  '

Chrome Headless 146.0.0.0 (Mac OS 10.15.7) DEBUG: '2026-04-05 04:47:43.232600 sap.ui.core.theming.ThemeHelper: sap-ui-theme-sap.m: false (noLinkElement: false, sheet: false, innerHtml: false, linkElementFinishedLoading: false) -  '

Chrome Headless 146.0.0.0 (Mac OS 10.15.7) DEBUG: '2026-04-05 04:47:43.232600 sap.ui.core.theming.ThemeHelper: sap-ui-theme-sap.ui.unified: false (noLinkElement: false, sheet: false, innerHtml: false, linkElementFinishedLoading: false) -  '

Chrome Headless 146.0.0.0 (Mac OS 10.15.7) DEBUG: '2026-04-05 04:47:43.232600 sap.ui.core.theming.ThemeHelper: sap-ui-theme-miyasuta.ui5uploadcontrols: false (noLinkElement: false, sheet: false, innerHtml: false, linkElementFinishedLoading: false) -  '

Chrome Headless 146.0.0.0 (Mac OS 10.15.7) DEBUG: '2026-04-05 04:47:43.232600 ThemeManager: Theme not yet applied. -  '

Chrome Headless 146.0.0.0 (Mac OS 10.15.7) DEBUG: '2026-04-05 04:47:43.237199 sap.ui.core.theming.ThemeHelper: sap-ui-theme-sap.ui.core: false (noLinkElement: false, sheet: false, innerHtml: false, linkElementFinishedLoading: false) -  '

Chrome Headless 146.0.0.0 (Mac OS 10.15.7) DEBUG: '2026-04-05 04:47:43.237199 sap.ui.core.theming.ThemeHelper: sap-ui-theme-sap.m: false (noLinkElement: false, sheet: false, innerHtml: false, linkElementFinishedLoading: false) -  '

Chrome Headless 146.0.0.0 (Mac OS 10.15.7) DEBUG: '2026-04-05 04:47:43.237199 sap.ui.core.theming.ThemeHelper: sap-ui-theme-sap.ui.unified: false (noLinkElement: false, sheet: false, innerHtml: false, linkElementFinishedLoading: false) -  '

Chrome Headless 146.0.0.0 (Mac OS 10.15.7) DEBUG: '2026-04-05 04:47:43.237199 sap.ui.core.theming.ThemeHelper: sap-ui-theme-miyasuta.ui5uploadcontrols: false (noLinkElement: false, sheet: false, innerHtml: false, linkElementFinishedLoading: false) -  '

Chrome Headless 146.0.0.0 (Mac OS 10.15.7) DEBUG: '2026-04-05 04:47:43.237300 ThemeManager: Theme not yet applied. -  '

Chrome Headless 146.0.0.0 (Mac OS 10.15.7) DEBUG: '2026-04-05 04:47:43.241800 sap.ui.core.theming.ThemeHelper: sap-ui-theme-sap.ui.core: false (noLinkElement: false, sheet: false, innerHtml: false, linkElementFinishedLoading: false) -  '

Chrome Headless 146.0.0.0 (Mac OS 10.15.7) DEBUG: '2026-04-05 04:47:43.241900 sap.ui.core.theming.ThemeHelper: sap-ui-theme-sap.m: false (noLinkElement: false, sheet: false, innerHtml: false, linkElementFinishedLoading: false) -  '

Chrome Headless 146.0.0.0 (Mac OS 10.15.7) DEBUG: '2026-04-05 04:47:43.241900 sap.ui.core.theming.ThemeHelper: sap-ui-theme-sap.ui.unified: false (noLinkElement: false, sheet: false, innerHtml: false, linkElementFinishedLoading: false) -  '

Chrome Headless 146.0.0.0 (Mac OS 10.15.7) DEBUG: '2026-04-05 04:47:43.241900 sap.ui.core.theming.ThemeHelper: sap-ui-theme-miyasuta.ui5uploadcontrols: false (noLinkElement: false, sheet: false, innerHtml: false, linkElementFinishedLoading: false) -  '

Chrome Headless 146.0.0.0 (Mac OS 10.15.7) DEBUG: '2026-04-05 04:47:43.241900 ThemeManager: Theme not yet applied. -  '

Chrome Headless 146.0.0.0 (Mac OS 10.15.7) DEBUG: '2026-04-05 04:47:43.246500 sap.ui.core.theming.ThemeHelper: sap-ui-theme-sap.ui.core: false (noLinkElement: false, sheet: false, innerHtml: false, linkElementFinishedLoading: false) -  '

Chrome Headless 146.0.0.0 (Mac OS 10.15.7) DEBUG: '2026-04-05 04:47:43.246500 sap.ui.core.theming.ThemeHelper: sap-ui-theme-sap.m: false (noLinkElement: false, sheet: false, innerHtml: false, linkElementFinishedLoading: false) -  '

Chrome Headless 146.0.0.0 (Mac OS 10.15.7) DEBUG: '2026-04-05 04:47:43.246500 sap.ui.core.theming.ThemeHelper: sap-ui-theme-sap.ui.unified: false (noLinkElement: false, sheet: false, innerHtml: false, linkElementFinishedLoading: false) -  '

Chrome Headless 146.0.0.0 (Mac OS 10.15.7) DEBUG: '2026-04-05 04:47:43.246500 sap.ui.core.theming.ThemeHelper: sap-ui-theme-miyasuta.ui5uploadcontrols: false (noLinkElement: false, sheet: false, innerHtml: false, linkElementFinishedLoading: false) -  '

Chrome Headless 146.0.0.0 (Mac OS 10.15.7) DEBUG: '2026-04-05 04:47:43.246500 ThemeManager: Theme not yet applied. -  '

Chrome Headless 146.0.0.0 (Mac OS 10.15.7) DEBUG: '2026-04-05 04:47:43.251100 sap.ui.core.theming.ThemeHelper: sap-ui-theme-sap.ui.core: false (noLinkElement: false, sheet: false, innerHtml: false, linkElementFinishedLoading: false) -  '

Chrome Headless 146.0.0.0 (Mac OS 10.15.7) DEBUG: '2026-04-05 04:47:43.251199 sap.ui.core.theming.ThemeHelper: sap-ui-theme-sap.m: false (noLinkElement: false, sheet: false, innerHtml: false, linkElementFinishedLoading: false) -  '

Chrome Headless 146.0.0.0 (Mac OS 10.15.7) DEBUG: '2026-04-05 04:47:43.251199 sap.ui.core.theming.ThemeHelper: sap-ui-theme-sap.ui.unified: false (noLinkElement: false, sheet: false, innerHtml: false, linkElementFinishedLoading: false) -  '

Chrome Headless 146.0.0.0 (Mac OS 10.15.7) DEBUG: '2026-04-05 04:47:43.251199 sap.ui.core.theming.ThemeHelper: sap-ui-theme-miyasuta.ui5uploadcontrols: false (noLinkElement: false, sheet: false, innerHtml: false, linkElementFinishedLoading: false) -  '

Chrome Headless 146.0.0.0 (Mac OS 10.15.7) DEBUG: '2026-04-05 04:47:43.251199 ThemeManager: Theme not yet applied. -  '

Chrome Headless 146.0.0.0 (Mac OS 10.15.7) DEBUG: '2026-04-05 04:47:43.255800 sap.ui.core.theming.ThemeHelper: sap-ui-theme-sap.ui.core: false (noLinkElement: false, sheet: false, innerHtml: false, linkElementFinishedLoading: false) -  '

Chrome Headless 146.0.0.0 (Mac OS 10.15.7) DEBUG: '2026-04-05 04:47:43.255900 sap.ui.core.theming.ThemeHelper: sap-ui-theme-sap.m: false (noLinkElement: false, sheet: false, innerHtml: false, linkElementFinishedLoading: false) -  '

Chrome Headless 146.0.0.0 (Mac OS 10.15.7) DEBUG: '2026-04-05 04:47:43.255900 sap.ui.core.theming.ThemeHelper: sap-ui-theme-sap.ui.unified: false (noLinkElement: false, sheet: false, innerHtml: false, linkElementFinishedLoading: false) -  '

Chrome Headless 146.0.0.0 (Mac OS 10.15.7) DEBUG: '2026-04-05 04:47:43.255900 sap.ui.core.theming.ThemeHelper: sap-ui-theme-miyasuta.ui5uploadcontrols: false (noLinkElement: false, sheet: false, innerHtml: false, linkElementFinishedLoading: false) -  '

Chrome Headless 146.0.0.0 (Mac OS 10.15.7) DEBUG: '2026-04-05 04:47:43.255900 ThemeManager: Theme not yet applied. -  '

Chrome Headless 146.0.0.0 (Mac OS 10.15.7) DEBUG: '2026-04-05 04:47:43.260500 sap.ui.core.theming.ThemeHelper: sap-ui-theme-sap.ui.core: false (noLinkElement: false, sheet: false, innerHtml: false, linkElementFinishedLoading: false) -  '

Chrome Headless 146.0.0.0 (Mac OS 10.15.7) DEBUG: '2026-04-05 04:47:43.260600 sap.ui.core.theming.ThemeHelper: sap-ui-theme-sap.m: false (noLinkElement: false, sheet: false, innerHtml: false, linkElementFinishedLoading: false) -  '

Chrome Headless 146.0.0.0 (Mac OS 10.15.7) DEBUG: '2026-04-05 04:47:43.260600 sap.ui.core.theming.ThemeHelper: sap-ui-theme-sap.ui.unified: false (noLinkElement: false, sheet: false, innerHtml: false, linkElementFinishedLoading: false) -  '

Chrome Headless 146.0.0.0 (Mac OS 10.15.7) DEBUG: '2026-04-05 04:47:43.260600 sap.ui.core.theming.ThemeHelper: sap-ui-theme-miyasuta.ui5uploadcontrols: false (noLinkElement: false, sheet: false, innerHtml: false, linkElementFinishedLoading: false) -  '

Chrome Headless 146.0.0.0 (Mac OS 10.15.7) DEBUG: '2026-04-05 04:47:43.260600 ThemeManager: Theme not yet applied. -  '

Chrome Headless 146.0.0.0 (Mac OS 10.15.7) DEBUG: '2026-04-05 04:47:43.265100 sap.ui.core.theming.ThemeHelper: sap-ui-theme-sap.ui.core: false (noLinkElement: false, sheet: false, innerHtml: false, linkElementFinishedLoading: false) -  '

Chrome Headless 146.0.0.0 (Mac OS 10.15.7) DEBUG: '2026-04-05 04:47:43.265199 sap.ui.core.theming.ThemeHelper: sap-ui-theme-sap.m: false (noLinkElement: false, sheet: false, innerHtml: false, linkElementFinishedLoading: false) -  '

Chrome Headless 146.0.0.0 (Mac OS 10.15.7) DEBUG: '2026-04-05 04:47:43.265199 sap.ui.core.theming.ThemeHelper: sap-ui-theme-sap.ui.unified: false (noLinkElement: false, sheet: false, innerHtml: false, linkElementFinishedLoading: false) -  '

Chrome Headless 146.0.0.0 (Mac OS 10.15.7) DEBUG: '2026-04-05 04:47:43.265199 sap.ui.core.theming.ThemeHelper: sap-ui-theme-miyasuta.ui5uploadcontrols: false (noLinkElement: false, sheet: false, innerHtml: false, linkElementFinishedLoading: false) -  '

Chrome Headless 146.0.0.0 (Mac OS 10.15.7) DEBUG: '2026-04-05 04:47:43.265199 ThemeManager: Theme not yet applied. -  '

Chrome Headless 146.0.0.0 (Mac OS 10.15.7) DEBUG: '2026-04-05 04:47:43.269800 sap.ui.core.theming.ThemeHelper: sap-ui-theme-sap.ui.core: false (noLinkElement: false, sheet: false, innerHtml: false, linkElementFinishedLoading: false) -  '

Chrome Headless 146.0.0.0 (Mac OS 10.15.7) DEBUG: '2026-04-05 04:47:43.269900 sap.ui.core.theming.ThemeHelper: sap-ui-theme-sap.m: false (noLinkElement: false, sheet: false, innerHtml: false, linkElementFinishedLoading: false) -  '

Chrome Headless 146.0.0.0 (Mac OS 10.15.7) DEBUG: '2026-04-05 04:47:43.269900 sap.ui.core.theming.ThemeHelper: sap-ui-theme-sap.ui.unified: false (noLinkElement: false, sheet: false, innerHtml: false, linkElementFinishedLoading: false) -  '

Chrome Headless 146.0.0.0 (Mac OS 10.15.7) DEBUG: '2026-04-05 04:47:43.269900 sap.ui.core.theming.ThemeHelper: sap-ui-theme-miyasuta.ui5uploadcontrols: false (noLinkElement: false, sheet: false, innerHtml: false, linkElementFinishedLoading: false) -  '

Chrome Headless 146.0.0.0 (Mac OS 10.15.7) DEBUG: '2026-04-05 04:47:43.269900 ThemeManager: Theme not yet applied. -  '

Chrome Headless 146.0.0.0 (Mac OS 10.15.7) DEBUG: '2026-04-05 04:47:43.274400 sap.ui.core.theming.ThemeHelper: sap-ui-theme-sap.ui.core: false (noLinkElement: false, sheet: false, innerHtml: false, linkElementFinishedLoading: false) -  '

Chrome Headless 146.0.0.0 (Mac OS 10.15.7) DEBUG: '2026-04-05 04:47:43.274600 sap.ui.core.theming.ThemeHelper: sap-ui-theme-sap.m: false (noLinkElement: false, sheet: false, innerHtml: false, linkElementFinishedLoading: false) -  '

Chrome Headless 146.0.0.0 (Mac OS 10.15.7) DEBUG: '2026-04-05 04:47:43.274600 sap.ui.core.theming.ThemeHelper: sap-ui-theme-sap.ui.unified: false (noLinkElement: false, sheet: false, innerHtml: false, linkElementFinishedLoading: false) -  '

Chrome Headless 146.0.0.0 (Mac OS 10.15.7) DEBUG: '2026-04-05 04:47:43.274600 sap.ui.core.theming.ThemeHelper: sap-ui-theme-miyasuta.ui5uploadcontrols: false (noLinkElement: false, sheet: false, innerHtml: false, linkElementFinishedLoading: false) -  '

Chrome Headless 146.0.0.0 (Mac OS 10.15.7) DEBUG: '2026-04-05 04:47:43.274600 ThemeManager: Theme not yet applied. -  '

Chrome Headless 146.0.0.0 (Mac OS 10.15.7) DEBUG: '2026-04-05 04:47:43.279100 sap.ui.core.theming.ThemeHelper: sap-ui-theme-sap.ui.core: false (noLinkElement: false, sheet: false, innerHtml: false, linkElementFinishedLoading: false) -  '

Chrome Headless 146.0.0.0 (Mac OS 10.15.7) DEBUG: '2026-04-05 04:47:43.279100 sap.ui.core.theming.ThemeHelper: sap-ui-theme-sap.m: false (noLinkElement: false, sheet: false, innerHtml: false, linkElementFinishedLoading: false) -  '

Chrome Headless 146.0.0.0 (Mac OS 10.15.7) DEBUG: '2026-04-05 04:47:43.279100 sap.ui.core.theming.ThemeHelper: sap-ui-theme-sap.ui.unified: false (noLinkElement: false, sheet: false, innerHtml: false, linkElementFinishedLoading: false) -  '

Chrome Headless 146.0.0.0 (Mac OS 10.15.7) DEBUG: '2026-04-05 04:47:43.279100 sap.ui.core.theming.ThemeHelper: sap-ui-theme-miyasuta.ui5uploadcontrols: false (noLinkElement: false, sheet: false, innerHtml: false, linkElementFinishedLoading: false) -  '

Chrome Headless 146.0.0.0 (Mac OS 10.15.7) DEBUG: '2026-04-05 04:47:43.279100 ThemeManager: Theme not yet applied. -  '

Chrome Headless 146.0.0.0 (Mac OS 10.15.7) DEBUG: '2026-04-05 04:47:43.283699 sap.ui.core.theming.ThemeHelper: sap-ui-theme-sap.ui.core: false (noLinkElement: false, sheet: false, innerHtml: false, linkElementFinishedLoading: false) -  '

Chrome Headless 146.0.0.0 (Mac OS 10.15.7) DEBUG: '2026-04-05 04:47:43.283800 sap.ui.core.theming.ThemeHelper: sap-ui-theme-sap.m: false (noLinkElement: false, sheet: false, innerHtml: false, linkElementFinishedLoading: false) -  '

Chrome Headless 146.0.0.0 (Mac OS 10.15.7) DEBUG: '2026-04-05 04:47:43.283800 sap.ui.core.theming.ThemeHelper: sap-ui-theme-sap.ui.unified: false (noLinkElement: false, sheet: false, innerHtml: false, linkElementFinishedLoading: false) -  '

Chrome Headless 146.0.0.0 (Mac OS 10.15.7) DEBUG: '2026-04-05 04:47:43.283800 sap.ui.core.theming.ThemeHelper: sap-ui-theme-miyasuta.ui5uploadcontrols: false (noLinkElement: false, sheet: false, innerHtml: false, linkElementFinishedLoading: false) -  '

Chrome Headless 146.0.0.0 (Mac OS 10.15.7) DEBUG: '2026-04-05 04:47:43.283800 ThemeManager: Theme not yet applied. -  '

Chrome Headless 146.0.0.0 (Mac OS 10.15.7) DEBUG: '2026-04-05 04:47:43.288000 sap.ui.core.theming.ThemeHelper: sap-ui-theme-sap.ui.core: false (noLinkElement: false, sheet: false, innerHtml: false, linkElementFinishedLoading: false) -  '

Chrome Headless 146.0.0.0 (Mac OS 10.15.7) DEBUG: '2026-04-05 04:47:43.288100 sap.ui.core.theming.ThemeHelper: sap-ui-theme-sap.m: false (noLinkElement: false, sheet: false, innerHtml: false, linkElementFinishedLoading: false) -  '

Chrome Headless 146.0.0.0 (Mac OS 10.15.7) DEBUG: '2026-04-05 04:47:43.288100 sap.ui.core.theming.ThemeHelper: sap-ui-theme-sap.ui.unified: false (noLinkElement: false, sheet: false, innerHtml: false, linkElementFinishedLoading: false) -  '

Chrome Headless 146.0.0.0 (Mac OS 10.15.7) DEBUG: '2026-04-05 04:47:43.288100 sap.ui.core.theming.ThemeHelper: sap-ui-theme-miyasuta.ui5uploadcontrols: false (noLinkElement: false, sheet: false, innerHtml: false, linkElementFinishedLoading: false) -  '

Chrome Headless 146.0.0.0 (Mac OS 10.15.7) DEBUG: '2026-04-05 04:47:43.288100 ThemeManager: Theme not yet applied. -  '

Chrome Headless 146.0.0.0 (Mac OS 10.15.7) DEBUG: '2026-04-05 04:47:43.293199 sap.ui.core.theming.ThemeHelper: sap-ui-theme-sap.ui.core: false (noLinkElement: false, sheet: false, innerHtml: false, linkElementFinishedLoading: false) -  '

Chrome Headless 146.0.0.0 (Mac OS 10.15.7) DEBUG: '2026-04-05 04:47:43.293199 sap.ui.core.theming.ThemeHelper: sap-ui-theme-sap.m: false (noLinkElement: false, sheet: false, innerHtml: false, linkElementFinishedLoading: false) -  '

Chrome Headless 146.0.0.0 (Mac OS 10.15.7) DEBUG: '2026-04-05 04:47:43.293199 sap.ui.core.theming.ThemeHelper: sap-ui-theme-sap.ui.unified: false (noLinkElement: false, sheet: false, innerHtml: false, linkElementFinishedLoading: false) -  '

Chrome Headless 146.0.0.0 (Mac OS 10.15.7) DEBUG: '2026-04-05 04:47:43.293199 sap.ui.core.theming.ThemeHelper: sap-ui-theme-miyasuta.ui5uploadcontrols: false (noLinkElement: false, sheet: false, innerHtml: false, linkElementFinishedLoading: false) -  '

Chrome Headless 146.0.0.0 (Mac OS 10.15.7) DEBUG: '2026-04-05 04:47:43.293300 ThemeManager: Theme not yet applied. -  '

Chrome Headless 146.0.0.0 (Mac OS 10.15.7) DEBUG: '2026-04-05 04:47:43.297900 sap.ui.core.theming.ThemeHelper: sap-ui-theme-sap.ui.core: false (noLinkElement: false, sheet: false, innerHtml: false, linkElementFinishedLoading: false) -  '

Chrome Headless 146.0.0.0 (Mac OS 10.15.7) DEBUG: '2026-04-05 04:47:43.298000 sap.ui.core.theming.ThemeHelper: sap-ui-theme-sap.m: false (noLinkElement: false, sheet: false, innerHtml: false, linkElementFinishedLoading: false) -  '

Chrome Headless 146.0.0.0 (Mac OS 10.15.7) DEBUG: '2026-04-05 04:47:43.298000 sap.ui.core.theming.ThemeHelper: sap-ui-theme-sap.ui.unified: false (noLinkElement: false, sheet: false, innerHtml: false, linkElementFinishedLoading: false) -  '

Chrome Headless 146.0.0.0 (Mac OS 10.15.7) DEBUG: '2026-04-05 04:47:43.298000 sap.ui.core.theming.ThemeHelper: sap-ui-theme-miyasuta.ui5uploadcontrols: false (noLinkElement: false, sheet: false, innerHtml: false, linkElementFinishedLoading: false) -  '

Chrome Headless 146.0.0.0 (Mac OS 10.15.7) DEBUG: '2026-04-05 04:47:43.298000 ThemeManager: Theme not yet applied. -  '

Chrome Headless 146.0.0.0 (Mac OS 10.15.7) DEBUG: '2026-04-05 04:47:43.302500 sap.ui.core.theming.ThemeHelper: sap-ui-theme-sap.ui.core: false (noLinkElement: false, sheet: false, innerHtml: false, linkElementFinishedLoading: false) -  '

Chrome Headless 146.0.0.0 (Mac OS 10.15.7) DEBUG: '2026-04-05 04:47:43.302600 sap.ui.core.theming.ThemeHelper: sap-ui-theme-sap.m: false (noLinkElement: false, sheet: false, innerHtml: false, linkElementFinishedLoading: false) -  '

Chrome Headless 146.0.0.0 (Mac OS 10.15.7) DEBUG: '2026-04-05 04:47:43.302600 sap.ui.core.theming.ThemeHelper: sap-ui-theme-sap.ui.unified: false (noLinkElement: false, sheet: false, innerHtml: false, linkElementFinishedLoading: false) -  '

Chrome Headless 146.0.0.0 (Mac OS 10.15.7) DEBUG: '2026-04-05 04:47:43.302600 sap.ui.core.theming.ThemeHelper: sap-ui-theme-miyasuta.ui5uploadcontrols: false (noLinkElement: false, sheet: false, innerHtml: false, linkElementFinishedLoading: false) -  '

Chrome Headless 146.0.0.0 (Mac OS 10.15.7) DEBUG: '2026-04-05 04:47:43.302600 ThemeManager: Theme not yet applied. -  '

Chrome Headless 146.0.0.0 (Mac OS 10.15.7) DEBUG: '2026-04-05 04:47:43.307100 sap.ui.core.theming.ThemeHelper: sap-ui-theme-sap.ui.core: false (noLinkElement: false, sheet: false, innerHtml: false, linkElementFinishedLoading: false) -  '

Chrome Headless 146.0.0.0 (Mac OS 10.15.7) DEBUG: '2026-04-05 04:47:43.307199 sap.ui.core.theming.ThemeHelper: sap-ui-theme-sap.m: false (noLinkElement: false, sheet: false, innerHtml: false, linkElementFinishedLoading: false) -  '

Chrome Headless 146.0.0.0 (Mac OS 10.15.7) DEBUG: '2026-04-05 04:47:43.307199 sap.ui.core.theming.ThemeHelper: sap-ui-theme-sap.ui.unified: false (noLinkElement: false, sheet: false, innerHtml: false, linkElementFinishedLoading: false) -  '

Chrome Headless 146.0.0.0 (Mac OS 10.15.7) DEBUG: '2026-04-05 04:47:43.307199 sap.ui.core.theming.ThemeHelper: sap-ui-theme-miyasuta.ui5uploadcontrols: false (noLinkElement: false, sheet: false, innerHtml: false, linkElementFinishedLoading: false) -  '

Chrome Headless 146.0.0.0 (Mac OS 10.15.7) DEBUG: '2026-04-05 04:47:43.307199 ThemeManager: Theme not yet applied. -  '

Chrome Headless 146.0.0.0 (Mac OS 10.15.7) DEBUG: '2026-04-05 04:47:43.311800 sap.ui.core.theming.ThemeHelper: sap-ui-theme-sap.ui.core: false (noLinkElement: false, sheet: false, innerHtml: false, linkElementFinishedLoading: false) -  '

Chrome Headless 146.0.0.0 (Mac OS 10.15.7) DEBUG: '2026-04-05 04:47:43.311800 sap.ui.core.theming.ThemeHelper: sap-ui-theme-sap.m: false (noLinkElement: false, sheet: false, innerHtml: false, linkElementFinishedLoading: false) -  '

Chrome Headless 146.0.0.0 (Mac OS 10.15.7) DEBUG: '2026-04-05 04:47:43.311900 sap.ui.core.theming.ThemeHelper: sap-ui-theme-sap.ui.unified: false (noLinkElement: false, sheet: false, innerHtml: false, linkElementFinishedLoading: false) -  '

Chrome Headless 146.0.0.0 (Mac OS 10.15.7) DEBUG: '2026-04-05 04:47:43.311900 sap.ui.core.theming.ThemeHelper: sap-ui-theme-miyasuta.ui5uploadcontrols: false (noLinkElement: false, sheet: false, innerHtml: false, linkElementFinishedLoading: false) -  '

Chrome Headless 146.0.0.0 (Mac OS 10.15.7) DEBUG: '2026-04-05 04:47:43.311900 ThemeManager: Theme not yet applied. -  '

Chrome Headless 146.0.0.0 (Mac OS 10.15.7) DEBUG: '2026-04-05 04:47:43.316400 sap.ui.core.theming.ThemeHelper: sap-ui-theme-sap.ui.core: false (noLinkElement: false, sheet: false, innerHtml: false, linkElementFinishedLoading: false) -  '

Chrome Headless 146.0.0.0 (Mac OS 10.15.7) DEBUG: '2026-04-05 04:47:43.316400 sap.ui.core.theming.ThemeHelper: sap-ui-theme-sap.m: false (noLinkElement: false, sheet: false, innerHtml: false, linkElementFinishedLoading: false) -  '

Chrome Headless 146.0.0.0 (Mac OS 10.15.7) DEBUG: '2026-04-05 04:47:43.316400 sap.ui.core.theming.ThemeHelper: sap-ui-theme-sap.ui.unified: false (noLinkElement: false, sheet: false, innerHtml: false, linkElementFinishedLoading: false) -  '

Chrome Headless 146.0.0.0 (Mac OS 10.15.7) DEBUG: '2026-04-05 04:47:43.316400 sap.ui.core.theming.ThemeHelper: sap-ui-theme-miyasuta.ui5uploadcontrols: false (noLinkElement: false, sheet: false, innerHtml: false, linkElementFinishedLoading: false) -  '

Chrome Headless 146.0.0.0 (Mac OS 10.15.7) DEBUG: '2026-04-05 04:47:43.316400 ThemeManager: Theme not yet applied. -  '

Chrome Headless 146.0.0.0 (Mac OS 10.15.7) DEBUG: '2026-04-05 04:47:43.321100 sap.ui.core.theming.ThemeHelper: sap-ui-theme-sap.ui.core: false (noLinkElement: false, sheet: false, innerHtml: false, linkElementFinishedLoading: false) -  '

Chrome Headless 146.0.0.0 (Mac OS 10.15.7) DEBUG: '2026-04-05 04:47:43.321100 sap.ui.core.theming.ThemeHelper: sap-ui-theme-sap.m: false (noLinkElement: false, sheet: false, innerHtml: false, linkElementFinishedLoading: false) -  '

Chrome Headless 146.0.0.0 (Mac OS 10.15.7) DEBUG: '2026-04-05 04:47:43.321100 sap.ui.core.theming.ThemeHelper: sap-ui-theme-sap.ui.unified: false (noLinkElement: false, sheet: false, innerHtml: false, linkElementFinishedLoading: false) -  '

Chrome Headless 146.0.0.0 (Mac OS 10.15.7) DEBUG: '2026-04-05 04:47:43.321100 sap.ui.core.theming.ThemeHelper: sap-ui-theme-miyasuta.ui5uploadcontrols: false (noLinkElement: false, sheet: false, innerHtml: false, linkElementFinishedLoading: false) -  '

Chrome Headless 146.0.0.0 (Mac OS 10.15.7) DEBUG: '2026-04-05 04:47:43.321100 ThemeManager: Theme not yet applied. -  '

Chrome Headless 146.0.0.0 (Mac OS 10.15.7) DEBUG: '2026-04-05 04:47:43.325800 sap.ui.core.theming.ThemeHelper: sap-ui-theme-sap.ui.core: false (noLinkElement: false, sheet: false, innerHtml: false, linkElementFinishedLoading: false) -  '

Chrome Headless 146.0.0.0 (Mac OS 10.15.7) DEBUG: '2026-04-05 04:47:43.325900 sap.ui.core.theming.ThemeHelper: sap-ui-theme-sap.m: false (noLinkElement: false, sheet: false, innerHtml: false, linkElementFinishedLoading: false) -  '

Chrome Headless 146.0.0.0 (Mac OS 10.15.7) DEBUG: '2026-04-05 04:47:43.325900 sap.ui.core.theming.ThemeHelper: sap-ui-theme-sap.ui.unified: false (noLinkElement: false, sheet: false, innerHtml: false, linkElementFinishedLoading: false) -  '

Chrome Headless 146.0.0.0 (Mac OS 10.15.7) DEBUG: '2026-04-05 04:47:43.325900 sap.ui.core.theming.ThemeHelper: sap-ui-theme-miyasuta.ui5uploadcontrols: false (noLinkElement: false, sheet: false, innerHtml: false, linkElementFinishedLoading: false) -  '

Chrome Headless 146.0.0.0 (Mac OS 10.15.7) DEBUG: '2026-04-05 04:47:43.325900 ThemeManager: Theme not yet applied. -  '

Chrome Headless 146.0.0.0 (Mac OS 10.15.7) DEBUG: '2026-04-05 04:47:43.330400 sap.ui.core.theming.ThemeHelper: sap-ui-theme-sap.ui.core: false (noLinkElement: false, sheet: false, innerHtml: false, linkElementFinishedLoading: false) -  '

Chrome Headless 146.0.0.0 (Mac OS 10.15.7) DEBUG: '2026-04-05 04:47:43.330500 sap.ui.core.theming.ThemeHelper: sap-ui-theme-sap.m: false (noLinkElement: false, sheet: false, innerHtml: false, linkElementFinishedLoading: false) -  '

Chrome Headless 146.0.0.0 (Mac OS 10.15.7) DEBUG: '2026-04-05 04:47:43.330500 sap.ui.core.theming.ThemeHelper: sap-ui-theme-sap.ui.unified: false (noLinkElement: false, sheet: false, innerHtml: false, linkElementFinishedLoading: false) -  '

Chrome Headless 146.0.0.0 (Mac OS 10.15.7) DEBUG: '2026-04-05 04:47:43.330500 sap.ui.core.theming.ThemeHelper: sap-ui-theme-miyasuta.ui5uploadcontrols: false (noLinkElement: false, sheet: false, innerHtml: false, linkElementFinishedLoading: false) -  '

Chrome Headless 146.0.0.0 (Mac OS 10.15.7) DEBUG: '2026-04-05 04:47:43.330600 ThemeManager: Theme not yet applied. -  '

Chrome Headless 146.0.0.0 (Mac OS 10.15.7) DEBUG: '2026-04-05 04:47:43.335000 sap.ui.core.theming.ThemeHelper: sap-ui-theme-sap.ui.core: false (noLinkElement: false, sheet: false, innerHtml: false, linkElementFinishedLoading: false) -  '

Chrome Headless 146.0.0.0 (Mac OS 10.15.7) DEBUG: '2026-04-05 04:47:43.335100 sap.ui.core.theming.ThemeHelper: sap-ui-theme-sap.m: false (noLinkElement: false, sheet: false, innerHtml: false, linkElementFinishedLoading: false) -  '

Chrome Headless 146.0.0.0 (Mac OS 10.15.7) DEBUG: '2026-04-05 04:47:43.335100 sap.ui.core.theming.ThemeHelper: sap-ui-theme-sap.ui.unified: false (noLinkElement: false, sheet: false, innerHtml: false, linkElementFinishedLoading: false) -  '

Chrome Headless 146.0.0.0 (Mac OS 10.15.7) DEBUG: '2026-04-05 04:47:43.335100 sap.ui.core.theming.ThemeHelper: sap-ui-theme-miyasuta.ui5uploadcontrols: false (noLinkElement: false, sheet: false, innerHtml: false, linkElementFinishedLoading: false) -  '

Chrome Headless 146.0.0.0 (Mac OS 10.15.7) DEBUG: '2026-04-05 04:47:43.335100 ThemeManager: Theme not yet applied. -  '

Chrome Headless 146.0.0.0 (Mac OS 10.15.7) DEBUG: '2026-04-05 04:47:43.339699 sap.ui.core.theming.ThemeHelper: sap-ui-theme-sap.ui.core: false (noLinkElement: false, sheet: false, innerHtml: false, linkElementFinishedLoading: false) -  '

Chrome Headless 146.0.0.0 (Mac OS 10.15.7) DEBUG: '2026-04-05 04:47:43.339800 sap.ui.core.theming.ThemeHelper: sap-ui-theme-sap.m: false (noLinkElement: false, sheet: false, innerHtml: false, linkElementFinishedLoading: false) -  '

Chrome Headless 146.0.0.0 (Mac OS 10.15.7) DEBUG: '2026-04-05 04:47:43.339800 sap.ui.core.theming.ThemeHelper: sap-ui-theme-sap.ui.unified: false (noLinkElement: false, sheet: false, innerHtml: false, linkElementFinishedLoading: false) -  '

Chrome Headless 146.0.0.0 (Mac OS 10.15.7) DEBUG: '2026-04-05 04:47:43.339800 sap.ui.core.theming.ThemeHelper: sap-ui-theme-miyasuta.ui5uploadcontrols: false (noLinkElement: false, sheet: false, innerHtml: false, linkElementFinishedLoading: false) -  '

Chrome Headless 146.0.0.0 (Mac OS 10.15.7) DEBUG: '2026-04-05 04:47:43.339800 ThemeManager: Theme not yet applied. -  '

Chrome Headless 146.0.0.0 (Mac OS 10.15.7) DEBUG: '2026-04-05 04:47:43.344400 sap.ui.core.theming.ThemeHelper: sap-ui-theme-sap.ui.core: false (noLinkElement: false, sheet: false, innerHtml: false, linkElementFinishedLoading: false) -  '

Chrome Headless 146.0.0.0 (Mac OS 10.15.7) DEBUG: '2026-04-05 04:47:43.344500 sap.ui.core.theming.ThemeHelper: sap-ui-theme-sap.m: false (noLinkElement: false, sheet: false, innerHtml: false, linkElementFinishedLoading: false) -  '

Chrome Headless 146.0.0.0 (Mac OS 10.15.7) DEBUG: '2026-04-05 04:47:43.344500 sap.ui.core.theming.ThemeHelper: sap-ui-theme-sap.ui.unified: false (noLinkElement: false, sheet: false, innerHtml: false, linkElementFinishedLoading: false) -  '

Chrome Headless 146.0.0.0 (Mac OS 10.15.7) DEBUG: '2026-04-05 04:47:43.344500 sap.ui.core.theming.ThemeHelper: sap-ui-theme-miyasuta.ui5uploadcontrols: false (noLinkElement: false, sheet: false, innerHtml: false, linkElementFinishedLoading: false) -  '

Chrome Headless 146.0.0.0 (Mac OS 10.15.7) DEBUG: '2026-04-05 04:47:43.344500 ThemeManager: Theme not yet applied. -  '

Chrome Headless 146.0.0.0 (Mac OS 10.15.7) DEBUG: '2026-04-05 04:47:43.349100 sap.ui.core.theming.ThemeHelper: sap-ui-theme-sap.ui.core: false (noLinkElement: false, sheet: false, innerHtml: false, linkElementFinishedLoading: false) -  '

Chrome Headless 146.0.0.0 (Mac OS 10.15.7) DEBUG: '2026-04-05 04:47:43.349100 sap.ui.core.theming.ThemeHelper: sap-ui-theme-sap.m: false (noLinkElement: false, sheet: false, innerHtml: false, linkElementFinishedLoading: false) -  '

Chrome Headless 146.0.0.0 (Mac OS 10.15.7) DEBUG: '2026-04-05 04:47:43.349100 sap.ui.core.theming.ThemeHelper: sap-ui-theme-sap.ui.unified: false (noLinkElement: false, sheet: false, innerHtml: false, linkElementFinishedLoading: false) -  '

Chrome Headless 146.0.0.0 (Mac OS 10.15.7) DEBUG: '2026-04-05 04:47:43.349100 sap.ui.core.theming.ThemeHelper: sap-ui-theme-miyasuta.ui5uploadcontrols: false (noLinkElement: false, sheet: false, innerHtml: false, linkElementFinishedLoading: false) -  '

Chrome Headless 146.0.0.0 (Mac OS 10.15.7) DEBUG: '2026-04-05 04:47:43.349100 ThemeManager: Theme not yet applied. -  '

Chrome Headless 146.0.0.0 (Mac OS 10.15.7) DEBUG: '2026-04-05 04:47:43.353699 sap.ui.core.theming.ThemeHelper: sap-ui-theme-sap.ui.core: false (noLinkElement: false, sheet: false, innerHtml: false, linkElementFinishedLoading: false) -  '

Chrome Headless 146.0.0.0 (Mac OS 10.15.7) DEBUG: '2026-04-05 04:47:43.353699 sap.ui.core.theming.ThemeHelper: sap-ui-theme-sap.m: false (noLinkElement: false, sheet: false, innerHtml: false, linkElementFinishedLoading: false) -  '

Chrome Headless 146.0.0.0 (Mac OS 10.15.7) DEBUG: '2026-04-05 04:47:43.353699 sap.ui.core.theming.ThemeHelper: sap-ui-theme-sap.ui.unified: false (noLinkElement: false, sheet: false, innerHtml: false, linkElementFinishedLoading: false) -  '

Chrome Headless 146.0.0.0 (Mac OS 10.15.7) DEBUG: '2026-04-05 04:47:43.353699 sap.ui.core.theming.ThemeHelper: sap-ui-theme-miyasuta.ui5uploadcontrols: false (noLinkElement: false, sheet: false, innerHtml: false, linkElementFinishedLoading: false) -  '

Chrome Headless 146.0.0.0 (Mac OS 10.15.7) DEBUG: '2026-04-05 04:47:43.353699 ThemeManager: Theme not yet applied. -  '

Chrome Headless 146.0.0.0 (Mac OS 10.15.7) DEBUG: '2026-04-05 04:47:43.358300 sap.ui.core.theming.ThemeHelper: sap-ui-theme-sap.ui.core: false (noLinkElement: false, sheet: false, innerHtml: false, linkElementFinishedLoading: false) -  '

Chrome Headless 146.0.0.0 (Mac OS 10.15.7) DEBUG: '2026-04-05 04:47:43.358300 sap.ui.core.theming.ThemeHelper: sap-ui-theme-sap.m: false (noLinkElement: false, sheet: false, innerHtml: false, linkElementFinishedLoading: false) -  '

Chrome Headless 146.0.0.0 (Mac OS 10.15.7) DEBUG: '2026-04-05 04:47:43.358300 sap.ui.core.theming.ThemeHelper: sap-ui-theme-sap.ui.unified: false (noLinkElement: false, sheet: false, innerHtml: false, linkElementFinishedLoading: false) -  '

Chrome Headless 146.0.0.0 (Mac OS 10.15.7) DEBUG: '2026-04-05 04:47:43.358300 sap.ui.core.theming.ThemeHelper: sap-ui-theme-miyasuta.ui5uploadcontrols: false (noLinkElement: false, sheet: false, innerHtml: false, linkElementFinishedLoading: false) -  '

Chrome Headless 146.0.0.0 (Mac OS 10.15.7) DEBUG: '2026-04-05 04:47:43.358300 ThemeManager: Theme not yet applied. -  '

Chrome Headless 146.0.0.0 (Mac OS 10.15.7) DEBUG: '2026-04-05 04:47:43.363000 sap.ui.core.theming.ThemeHelper: sap-ui-theme-sap.ui.core: false (noLinkElement: false, sheet: false, innerHtml: false, linkElementFinishedLoading: false) -  '

Chrome Headless 146.0.0.0 (Mac OS 10.15.7) DEBUG: '2026-04-05 04:47:43.363000 sap.ui.core.theming.ThemeHelper: sap-ui-theme-sap.m: false (noLinkElement: false, sheet: false, innerHtml: false, linkElementFinishedLoading: false) -  '

Chrome Headless 146.0.0.0 (Mac OS 10.15.7) DEBUG: '2026-04-05 04:47:43.363000 sap.ui.core.theming.ThemeHelper: sap-ui-theme-sap.ui.unified: false (noLinkElement: false, sheet: false, innerHtml: false, linkElementFinishedLoading: false) -  '

Chrome Headless 146.0.0.0 (Mac OS 10.15.7) DEBUG: '2026-04-05 04:47:43.363000 sap.ui.core.theming.ThemeHelper: sap-ui-theme-miyasuta.ui5uploadcontrols: false (noLinkElement: false, sheet: false, innerHtml: false, linkElementFinishedLoading: false) -  '

Chrome Headless 146.0.0.0 (Mac OS 10.15.7) DEBUG: '2026-04-05 04:47:43.363000 ThemeManager: Theme not yet applied. -  '

Chrome Headless 146.0.0.0 (Mac OS 10.15.7) DEBUG: '2026-04-05 04:47:43.367500 sap.ui.core.theming.ThemeHelper: sap-ui-theme-sap.ui.core: false (noLinkElement: false, sheet: false, innerHtml: false, linkElementFinishedLoading: false) -  '

Chrome Headless 146.0.0.0 (Mac OS 10.15.7) DEBUG: '2026-04-05 04:47:43.367600 sap.ui.core.theming.ThemeHelper: sap-ui-theme-sap.m: false (noLinkElement: false, sheet: false, innerHtml: false, linkElementFinishedLoading: false) -  '

Chrome Headless 146.0.0.0 (Mac OS 10.15.7) DEBUG: '2026-04-05 04:47:43.367600 sap.ui.core.theming.ThemeHelper: sap-ui-theme-sap.ui.unified: false (noLinkElement: false, sheet: false, innerHtml: false, linkElementFinishedLoading: false) -  '

Chrome Headless 146.0.0.0 (Mac OS 10.15.7) DEBUG: '2026-04-05 04:47:43.367600 sap.ui.core.theming.ThemeHelper: sap-ui-theme-miyasuta.ui5uploadcontrols: false (noLinkElement: false, sheet: false, innerHtml: false, linkElementFinishedLoading: false) -  '

Chrome Headless 146.0.0.0 (Mac OS 10.15.7) DEBUG: '2026-04-05 04:47:43.367600 ThemeManager: Theme not yet applied. -  '

Chrome Headless 146.0.0.0 (Mac OS 10.15.7) DEBUG: '2026-04-05 04:47:43.372199 sap.ui.core.theming.ThemeHelper: sap-ui-theme-sap.ui.core: false (noLinkElement: false, sheet: false, innerHtml: false, linkElementFinishedLoading: false) -  '

Chrome Headless 146.0.0.0 (Mac OS 10.15.7) DEBUG: '2026-04-05 04:47:43.372300 sap.ui.core.theming.ThemeHelper: sap-ui-theme-sap.m: false (noLinkElement: false, sheet: false, innerHtml: false, linkElementFinishedLoading: false) -  '

Chrome Headless 146.0.0.0 (Mac OS 10.15.7) DEBUG: '2026-04-05 04:47:43.372300 sap.ui.core.theming.ThemeHelper: sap-ui-theme-sap.ui.unified: false (noLinkElement: false, sheet: false, innerHtml: false, linkElementFinishedLoading: false) -  '

Chrome Headless 146.0.0.0 (Mac OS 10.15.7) DEBUG: '2026-04-05 04:47:43.372300 sap.ui.core.theming.ThemeHelper: sap-ui-theme-miyasuta.ui5uploadcontrols: false (noLinkElement: false, sheet: false, innerHtml: false, linkElementFinishedLoading: false) -  '

Chrome Headless 146.0.0.0 (Mac OS 10.15.7) DEBUG: '2026-04-05 04:47:43.372300 ThemeManager: Theme not yet applied. -  '

Chrome Headless 146.0.0.0 (Mac OS 10.15.7) DEBUG: '2026-04-05 04:47:43.376900 sap.ui.core.theming.ThemeHelper: sap-ui-theme-sap.ui.core: false (noLinkElement: false, sheet: false, innerHtml: false, linkElementFinishedLoading: false) -  '

Chrome Headless 146.0.0.0 (Mac OS 10.15.7) DEBUG: '2026-04-05 04:47:43.377000 sap.ui.core.theming.ThemeHelper: sap-ui-theme-sap.m: false (noLinkElement: false, sheet: false, innerHtml: false, linkElementFinishedLoading: false) -  '

Chrome Headless 146.0.0.0 (Mac OS 10.15.7) DEBUG: '2026-04-05 04:47:43.377000 sap.ui.core.theming.ThemeHelper: sap-ui-theme-sap.ui.unified: false (noLinkElement: false, sheet: false, innerHtml: false, linkElementFinishedLoading: false) -  '

Chrome Headless 146.0.0.0 (Mac OS 10.15.7) DEBUG: '2026-04-05 04:47:43.377000 sap.ui.core.theming.ThemeHelper: sap-ui-theme-miyasuta.ui5uploadcontrols: false (noLinkElement: false, sheet: false, innerHtml: false, linkElementFinishedLoading: false) -  '

Chrome Headless 146.0.0.0 (Mac OS 10.15.7) DEBUG: '2026-04-05 04:47:43.377000 ThemeManager: Theme not yet applied. -  '

Chrome Headless 146.0.0.0 (Mac OS 10.15.7) DEBUG: '2026-04-05 04:47:43.381500 sap.ui.core.theming.ThemeHelper: sap-ui-theme-sap.ui.core: false (noLinkElement: false, sheet: false, innerHtml: false, linkElementFinishedLoading: false) -  '

Chrome Headless 146.0.0.0 (Mac OS 10.15.7) DEBUG: '2026-04-05 04:47:43.381600 sap.ui.core.theming.ThemeHelper: sap-ui-theme-sap.m: false (noLinkElement: false, sheet: false, innerHtml: false, linkElementFinishedLoading: false) -  '

Chrome Headless 146.0.0.0 (Mac OS 10.15.7) DEBUG: '2026-04-05 04:47:43.381600 sap.ui.core.theming.ThemeHelper: sap-ui-theme-sap.ui.unified: false (noLinkElement: false, sheet: false, innerHtml: false, linkElementFinishedLoading: false) -  '

Chrome Headless 146.0.0.0 (Mac OS 10.15.7) DEBUG: '2026-04-05 04:47:43.381600 sap.ui.core.theming.ThemeHelper: sap-ui-theme-miyasuta.ui5uploadcontrols: false (noLinkElement: false, sheet: false, innerHtml: false, linkElementFinishedLoading: false) -  '

Chrome Headless 146.0.0.0 (Mac OS 10.15.7) DEBUG: '2026-04-05 04:47:43.381600 ThemeManager: Theme not yet applied. -  '

Chrome Headless 146.0.0.0 (Mac OS 10.15.7) DEBUG: '2026-04-05 04:47:43.386199 sap.ui.core.theming.ThemeHelper: sap-ui-theme-sap.ui.core: false (noLinkElement: false, sheet: false, innerHtml: false, linkElementFinishedLoading: false) -  '

Chrome Headless 146.0.0.0 (Mac OS 10.15.7) DEBUG: '2026-04-05 04:47:43.386300 sap.ui.core.theming.ThemeHelper: sap-ui-theme-sap.m: false (noLinkElement: false, sheet: false, innerHtml: false, linkElementFinishedLoading: false) -  '

Chrome Headless 146.0.0.0 (Mac OS 10.15.7) DEBUG: '2026-04-05 04:47:43.386300 sap.ui.core.theming.ThemeHelper: sap-ui-theme-sap.ui.unified: false (noLinkElement: false, sheet: false, innerHtml: false, linkElementFinishedLoading: false) -  '

Chrome Headless 146.0.0.0 (Mac OS 10.15.7) DEBUG: '2026-04-05 04:47:43.386300 sap.ui.core.theming.ThemeHelper: sap-ui-theme-miyasuta.ui5uploadcontrols: false (noLinkElement: false, sheet: false, innerHtml: false, linkElementFinishedLoading: false) -  '

Chrome Headless 146.0.0.0 (Mac OS 10.15.7) DEBUG: '2026-04-05 04:47:43.386300 ThemeManager: Theme not yet applied. -  '

Chrome Headless 146.0.0.0 (Mac OS 10.15.7) DEBUG: '2026-04-05 04:47:43.390900 sap.ui.core.theming.ThemeHelper: sap-ui-theme-sap.ui.core: false (noLinkElement: false, sheet: false, innerHtml: false, linkElementFinishedLoading: false) -  '

Chrome Headless 146.0.0.0 (Mac OS 10.15.7) DEBUG: '2026-04-05 04:47:43.390900 sap.ui.core.theming.ThemeHelper: sap-ui-theme-sap.m: false (noLinkElement: false, sheet: false, innerHtml: false, linkElementFinishedLoading: false) -  '

Chrome Headless 146.0.0.0 (Mac OS 10.15.7) DEBUG: '2026-04-05 04:47:43.390900 sap.ui.core.theming.ThemeHelper: sap-ui-theme-sap.ui.unified: false (noLinkElement: false, sheet: false, innerHtml: false, linkElementFinishedLoading: false) -  '

Chrome Headless 146.0.0.0 (Mac OS 10.15.7) DEBUG: '2026-04-05 04:47:43.390900 sap.ui.core.theming.ThemeHelper: sap-ui-theme-miyasuta.ui5uploadcontrols: false (noLinkElement: false, sheet: false, innerHtml: false, linkElementFinishedLoading: false) -  '

Chrome Headless 146.0.0.0 (Mac OS 10.15.7) DEBUG: '2026-04-05 04:47:43.391000 ThemeManager: Theme not yet applied. -  '

Chrome Headless 146.0.0.0 (Mac OS 10.15.7) DEBUG: '2026-04-05 04:47:43.395600 sap.ui.core.theming.ThemeHelper: sap-ui-theme-sap.ui.core: false (noLinkElement: false, sheet: false, innerHtml: false, linkElementFinishedLoading: false) -  '

Chrome Headless 146.0.0.0 (Mac OS 10.15.7) DEBUG: '2026-04-05 04:47:43.395600 sap.ui.core.theming.ThemeHelper: sap-ui-theme-sap.m: false (noLinkElement: false, sheet: false, innerHtml: false, linkElementFinishedLoading: false) -  '

Chrome Headless 146.0.0.0 (Mac OS 10.15.7) DEBUG: '2026-04-05 04:47:43.395600 sap.ui.core.theming.ThemeHelper: sap-ui-theme-sap.ui.unified: false (noLinkElement: false, sheet: false, innerHtml: false, linkElementFinishedLoading: false) -  '

Chrome Headless 146.0.0.0 (Mac OS 10.15.7) DEBUG: '2026-04-05 04:47:43.395600 sap.ui.core.theming.ThemeHelper: sap-ui-theme-miyasuta.ui5uploadcontrols: false (noLinkElement: false, sheet: false, innerHtml: false, linkElementFinishedLoading: false) -  '

Chrome Headless 146.0.0.0 (Mac OS 10.15.7) DEBUG: '2026-04-05 04:47:43.395600 ThemeManager: Theme not yet applied. -  '

Chrome Headless 146.0.0.0 (Mac OS 10.15.7) DEBUG: '2026-04-05 04:47:43.400199 sap.ui.core.theming.ThemeHelper: sap-ui-theme-sap.ui.core: false (noLinkElement: false, sheet: false, innerHtml: false, linkElementFinishedLoading: false) -  '

Chrome Headless 146.0.0.0 (Mac OS 10.15.7) DEBUG: '2026-04-05 04:47:43.400199 sap.ui.core.theming.ThemeHelper: sap-ui-theme-sap.m: false (noLinkElement: false, sheet: false, innerHtml: false, linkElementFinishedLoading: false) -  '

Chrome Headless 146.0.0.0 (Mac OS 10.15.7) DEBUG: '2026-04-05 04:47:43.400199 sap.ui.core.theming.ThemeHelper: sap-ui-theme-sap.ui.unified: false (noLinkElement: false, sheet: false, innerHtml: false, linkElementFinishedLoading: false) -  '

Chrome Headless 146.0.0.0 (Mac OS 10.15.7) DEBUG: '2026-04-05 04:47:43.400300 sap.ui.core.theming.ThemeHelper: sap-ui-theme-miyasuta.ui5uploadcontrols: false (noLinkElement: false, sheet: false, innerHtml: false, linkElementFinishedLoading: false) -  '

Chrome Headless 146.0.0.0 (Mac OS 10.15.7) DEBUG: '2026-04-05 04:47:43.400300 ThemeManager: Theme not yet applied. -  '

Chrome Headless 146.0.0.0 (Mac OS 10.15.7) DEBUG: '2026-04-05 04:47:43.404800 sap.ui.core.theming.ThemeHelper: sap-ui-theme-sap.ui.core: false (noLinkElement: false, sheet: false, innerHtml: false, linkElementFinishedLoading: false) -  '

Chrome Headless 146.0.0.0 (Mac OS 10.15.7) DEBUG: '2026-04-05 04:47:43.404900 sap.ui.core.theming.ThemeHelper: sap-ui-theme-sap.m: false (noLinkElement: false, sheet: false, innerHtml: false, linkElementFinishedLoading: false) -  '

Chrome Headless 146.0.0.0 (Mac OS 10.15.7) DEBUG: '2026-04-05 04:47:43.404900 sap.ui.core.theming.ThemeHelper: sap-ui-theme-sap.ui.unified: false (noLinkElement: false, sheet: false, innerHtml: false, linkElementFinishedLoading: false) -  '

Chrome Headless 146.0.0.0 (Mac OS 10.15.7) DEBUG: '2026-04-05 04:47:43.404900 sap.ui.core.theming.ThemeHelper: sap-ui-theme-miyasuta.ui5uploadcontrols: false (noLinkElement: false, sheet: false, innerHtml: false, linkElementFinishedLoading: false) -  '

Chrome Headless 146.0.0.0 (Mac OS 10.15.7) DEBUG: '2026-04-05 04:47:43.404900 ThemeManager: Theme not yet applied. -  '

Chrome Headless 146.0.0.0 (Mac OS 10.15.7) DEBUG: '2026-04-05 04:47:43.409400 sap.ui.core.theming.ThemeHelper: sap-ui-theme-sap.ui.core: false (noLinkElement: false, sheet: false, innerHtml: false, linkElementFinishedLoading: false) -  '

Chrome Headless 146.0.0.0 (Mac OS 10.15.7) DEBUG: '2026-04-05 04:47:43.409500 sap.ui.core.theming.ThemeHelper: sap-ui-theme-sap.m: false (noLinkElement: false, sheet: false, innerHtml: false, linkElementFinishedLoading: false) -  '

Chrome Headless 146.0.0.0 (Mac OS 10.15.7) DEBUG: '2026-04-05 04:47:43.409500 sap.ui.core.theming.ThemeHelper: sap-ui-theme-sap.ui.unified: false (noLinkElement: false, sheet: false, innerHtml: false, linkElementFinishedLoading: false) -  '

Chrome Headless 146.0.0.0 (Mac OS 10.15.7) DEBUG: '2026-04-05 04:47:43.409500 sap.ui.core.theming.ThemeHelper: sap-ui-theme-miyasuta.ui5uploadcontrols: false (noLinkElement: false, sheet: false, innerHtml: false, linkElementFinishedLoading: false) -  '

Chrome Headless 146.0.0.0 (Mac OS 10.15.7) DEBUG: '2026-04-05 04:47:43.409500 ThemeManager: Theme not yet applied. -  '

Chrome Headless 146.0.0.0 (Mac OS 10.15.7) DEBUG: '2026-04-05 04:47:43.414100 sap.ui.core.theming.ThemeHelper: sap-ui-theme-sap.ui.core: false (noLinkElement: false, sheet: false, innerHtml: false, linkElementFinishedLoading: false) -  '

Chrome Headless 146.0.0.0 (Mac OS 10.15.7) DEBUG: '2026-04-05 04:47:43.414100 sap.ui.core.theming.ThemeHelper: sap-ui-theme-sap.m: false (noLinkElement: false, sheet: false, innerHtml: false, linkElementFinishedLoading: false) -  '

Chrome Headless 146.0.0.0 (Mac OS 10.15.7) DEBUG: '2026-04-05 04:47:43.414100 sap.ui.core.theming.ThemeHelper: sap-ui-theme-sap.ui.unified: false (noLinkElement: false, sheet: false, innerHtml: false, linkElementFinishedLoading: false) -  '

Chrome Headless 146.0.0.0 (Mac OS 10.15.7) DEBUG: '2026-04-05 04:47:43.414100 sap.ui.core.theming.ThemeHelper: sap-ui-theme-miyasuta.ui5uploadcontrols: false (noLinkElement: false, sheet: false, innerHtml: false, linkElementFinishedLoading: false) -  '

Chrome Headless 146.0.0.0 (Mac OS 10.15.7) DEBUG: '2026-04-05 04:47:43.414100 ThemeManager: Theme not yet applied. -  '

Chrome Headless 146.0.0.0 (Mac OS 10.15.7) DEBUG: '2026-04-05 04:47:43.418699 sap.ui.core.theming.ThemeHelper: sap-ui-theme-sap.ui.core: false (noLinkElement: false, sheet: false, innerHtml: false, linkElementFinishedLoading: false) -  '

Chrome Headless 146.0.0.0 (Mac OS 10.15.7) DEBUG: '2026-04-05 04:47:43.418699 sap.ui.core.theming.ThemeHelper: sap-ui-theme-sap.m: false (noLinkElement: false, sheet: false, innerHtml: false, linkElementFinishedLoading: false) -  '

Chrome Headless 146.0.0.0 (Mac OS 10.15.7) DEBUG: '2026-04-05 04:47:43.418800 sap.ui.core.theming.ThemeHelper: sap-ui-theme-sap.ui.unified: false (noLinkElement: false, sheet: false, innerHtml: false, linkElementFinishedLoading: false) -  '

Chrome Headless 146.0.0.0 (Mac OS 10.15.7) DEBUG: '2026-04-05 04:47:43.418800 sap.ui.core.theming.ThemeHelper: sap-ui-theme-miyasuta.ui5uploadcontrols: false (noLinkElement: false, sheet: false, innerHtml: false, linkElementFinishedLoading: false) -  '

Chrome Headless 146.0.0.0 (Mac OS 10.15.7) DEBUG: '2026-04-05 04:47:43.418800 ThemeManager: Theme not yet applied. -  '

Chrome Headless 146.0.0.0 (Mac OS 10.15.7) DEBUG: '2026-04-05 04:47:43.423300 sap.ui.core.theming.ThemeHelper: sap-ui-theme-sap.ui.core: false (noLinkElement: false, sheet: false, innerHtml: false, linkElementFinishedLoading: false) -  '

Chrome Headless 146.0.0.0 (Mac OS 10.15.7) DEBUG: '2026-04-05 04:47:43.423400 sap.ui.core.theming.ThemeHelper: sap-ui-theme-sap.m: false (noLinkElement: false, sheet: false, innerHtml: false, linkElementFinishedLoading: false) -  '

Chrome Headless 146.0.0.0 (Mac OS 10.15.7) DEBUG: '2026-04-05 04:47:43.423400 sap.ui.core.theming.ThemeHelper: sap-ui-theme-sap.ui.unified: false (noLinkElement: false, sheet: false, innerHtml: false, linkElementFinishedLoading: false) -  '

Chrome Headless 146.0.0.0 (Mac OS 10.15.7) DEBUG: '2026-04-05 04:47:43.423400 sap.ui.core.theming.ThemeHelper: sap-ui-theme-miyasuta.ui5uploadcontrols: false (noLinkElement: false, sheet: false, innerHtml: false, linkElementFinishedLoading: false) -  '

Chrome Headless 146.0.0.0 (Mac OS 10.15.7) DEBUG: '2026-04-05 04:47:43.423400 ThemeManager: Theme not yet applied. -  '

Chrome Headless 146.0.0.0 (Mac OS 10.15.7) DEBUG: '2026-04-05 04:47:43.427900 sap.ui.core.theming.ThemeHelper: sap-ui-theme-sap.ui.core: false (noLinkElement: false, sheet: false, innerHtml: false, linkElementFinishedLoading: false) -  '

Chrome Headless 146.0.0.0 (Mac OS 10.15.7) DEBUG: '2026-04-05 04:47:43.427900 sap.ui.core.theming.ThemeHelper: sap-ui-theme-sap.m: false (noLinkElement: false, sheet: false, innerHtml: false, linkElementFinishedLoading: false) -  '

Chrome Headless 146.0.0.0 (Mac OS 10.15.7) DEBUG: '2026-04-05 04:47:43.427900 sap.ui.core.theming.ThemeHelper: sap-ui-theme-sap.ui.unified: false (noLinkElement: false, sheet: false, innerHtml: false, linkElementFinishedLoading: false) -  '

Chrome Headless 146.0.0.0 (Mac OS 10.15.7) DEBUG: '2026-04-05 04:47:43.427900 sap.ui.core.theming.ThemeHelper: sap-ui-theme-miyasuta.ui5uploadcontrols: false (noLinkElement: false, sheet: false, innerHtml: false, linkElementFinishedLoading: false) -  '

Chrome Headless 146.0.0.0 (Mac OS 10.15.7) DEBUG: '2026-04-05 04:47:43.427900 ThemeManager: Theme not yet applied. -  '

Chrome Headless 146.0.0.0 (Mac OS 10.15.7) DEBUG: '2026-04-05 04:47:43.432500 sap.ui.core.theming.ThemeHelper: sap-ui-theme-sap.ui.core: false (noLinkElement: false, sheet: false, innerHtml: false, linkElementFinishedLoading: false) -  '

Chrome Headless 146.0.0.0 (Mac OS 10.15.7) DEBUG: '2026-04-05 04:47:43.432500 sap.ui.core.theming.ThemeHelper: sap-ui-theme-sap.m: false (noLinkElement: false, sheet: false, innerHtml: false, linkElementFinishedLoading: false) -  '

Chrome Headless 146.0.0.0 (Mac OS 10.15.7) DEBUG: '2026-04-05 04:47:43.432500 sap.ui.core.theming.ThemeHelper: sap-ui-theme-sap.ui.unified: false (noLinkElement: false, sheet: false, innerHtml: false, linkElementFinishedLoading: false) -  '

Chrome Headless 146.0.0.0 (Mac OS 10.15.7) DEBUG: '2026-04-05 04:47:43.432500 sap.ui.core.theming.ThemeHelper: sap-ui-theme-miyasuta.ui5uploadcontrols: false (noLinkElement: false, sheet: false, innerHtml: false, linkElementFinishedLoading: false) -  '

Chrome Headless 146.0.0.0 (Mac OS 10.15.7) DEBUG: '2026-04-05 04:47:43.432500 ThemeManager: Theme not yet applied. -  '

Chrome Headless 146.0.0.0 (Mac OS 10.15.7) DEBUG: '2026-04-05 04:47:43.437100 sap.ui.core.theming.ThemeHelper: sap-ui-theme-sap.ui.core: false (noLinkElement: false, sheet: false, innerHtml: false, linkElementFinishedLoading: false) -  '

Chrome Headless 146.0.0.0 (Mac OS 10.15.7) DEBUG: '2026-04-05 04:47:43.437100 sap.ui.core.theming.ThemeHelper: sap-ui-theme-sap.m: false (noLinkElement: false, sheet: false, innerHtml: false, linkElementFinishedLoading: false) -  '

Chrome Headless 146.0.0.0 (Mac OS 10.15.7) DEBUG: '2026-04-05 04:47:43.437100 sap.ui.core.theming.ThemeHelper: sap-ui-theme-sap.ui.unified: false (noLinkElement: false, sheet: false, innerHtml: false, linkElementFinishedLoading: false) -  '

Chrome Headless 146.0.0.0 (Mac OS 10.15.7) DEBUG: '2026-04-05 04:47:43.437100 sap.ui.core.theming.ThemeHelper: sap-ui-theme-miyasuta.ui5uploadcontrols: false (noLinkElement: false, sheet: false, innerHtml: false, linkElementFinishedLoading: false) -  '

Chrome Headless 146.0.0.0 (Mac OS 10.15.7) DEBUG: '2026-04-05 04:47:43.437199 ThemeManager: Theme not yet applied. -  '

Chrome Headless 146.0.0.0 (Mac OS 10.15.7) DEBUG: '2026-04-05 04:47:43.441699 sap.ui.core.theming.ThemeHelper: sap-ui-theme-sap.ui.core: false (noLinkElement: false, sheet: false, innerHtml: false, linkElementFinishedLoading: false) -  '

Chrome Headless 146.0.0.0 (Mac OS 10.15.7) DEBUG: '2026-04-05 04:47:43.441800 sap.ui.core.theming.ThemeHelper: sap-ui-theme-sap.m: false (noLinkElement: false, sheet: false, innerHtml: false, linkElementFinishedLoading: false) -  '

Chrome Headless 146.0.0.0 (Mac OS 10.15.7) DEBUG: '2026-04-05 04:47:43.441800 sap.ui.core.theming.ThemeHelper: sap-ui-theme-sap.ui.unified: false (noLinkElement: false, sheet: false, innerHtml: false, linkElementFinishedLoading: false) -  '

Chrome Headless 146.0.0.0 (Mac OS 10.15.7) DEBUG: '2026-04-05 04:47:43.441800 sap.ui.core.theming.ThemeHelper: sap-ui-theme-miyasuta.ui5uploadcontrols: false (noLinkElement: false, sheet: false, innerHtml: false, linkElementFinishedLoading: false) -  '

Chrome Headless 146.0.0.0 (Mac OS 10.15.7) DEBUG: '2026-04-05 04:47:43.441800 ThemeManager: Theme not yet applied. -  '

Chrome Headless 146.0.0.0 (Mac OS 10.15.7) DEBUG: '2026-04-05 04:47:43.446300 sap.ui.core.theming.ThemeHelper: sap-ui-theme-sap.ui.core: false (noLinkElement: false, sheet: false, innerHtml: false, linkElementFinishedLoading: false) -  '

Chrome Headless 146.0.0.0 (Mac OS 10.15.7) DEBUG: '2026-04-05 04:47:43.446400 sap.ui.core.theming.ThemeHelper: sap-ui-theme-sap.m: false (noLinkElement: false, sheet: false, innerHtml: false, linkElementFinishedLoading: false) -  '

Chrome Headless 146.0.0.0 (Mac OS 10.15.7) DEBUG: '2026-04-05 04:47:43.446400 sap.ui.core.theming.ThemeHelper: sap-ui-theme-sap.ui.unified: false (noLinkElement: false, sheet: false, innerHtml: false, linkElementFinishedLoading: false) -  '

Chrome Headless 146.0.0.0 (Mac OS 10.15.7) DEBUG: '2026-04-05 04:47:43.446400 sap.ui.core.theming.ThemeHelper: sap-ui-theme-miyasuta.ui5uploadcontrols: false (noLinkElement: false, sheet: false, innerHtml: false, linkElementFinishedLoading: false) -  '

Chrome Headless 146.0.0.0 (Mac OS 10.15.7) DEBUG: '2026-04-05 04:47:43.446400 ThemeManager: Theme not yet applied. -  '

Chrome Headless 146.0.0.0 (Mac OS 10.15.7) DEBUG: '2026-04-05 04:47:43.451000 sap.ui.core.theming.ThemeHelper: sap-ui-theme-sap.ui.core: false (noLinkElement: false, sheet: false, innerHtml: false, linkElementFinishedLoading: false) -  '

Chrome Headless 146.0.0.0 (Mac OS 10.15.7) DEBUG: '2026-04-05 04:47:43.451000 sap.ui.core.theming.ThemeHelper: sap-ui-theme-sap.m: false (noLinkElement: false, sheet: false, innerHtml: false, linkElementFinishedLoading: false) -  '

Chrome Headless 146.0.0.0 (Mac OS 10.15.7) DEBUG: '2026-04-05 04:47:43.451000 sap.ui.core.theming.ThemeHelper: sap-ui-theme-sap.ui.unified: false (noLinkElement: false, sheet: false, innerHtml: false, linkElementFinishedLoading: false) -  '

Chrome Headless 146.0.0.0 (Mac OS 10.15.7) DEBUG: '2026-04-05 04:47:43.451000 sap.ui.core.theming.ThemeHelper: sap-ui-theme-miyasuta.ui5uploadcontrols: false (noLinkElement: false, sheet: false, innerHtml: false, linkElementFinishedLoading: false) -  '

Chrome Headless 146.0.0.0 (Mac OS 10.15.7) DEBUG: '2026-04-05 04:47:43.451100 ThemeManager: Theme not yet applied. -  '

Chrome Headless 146.0.0.0 (Mac OS 10.15.7) DEBUG: '2026-04-05 04:47:43.455699 sap.ui.core.theming.ThemeHelper: sap-ui-theme-sap.ui.core: false (noLinkElement: false, sheet: false, innerHtml: false, linkElementFinishedLoading: false) -  '

Chrome Headless 146.0.0.0 (Mac OS 10.15.7) DEBUG: '2026-04-05 04:47:43.455699 sap.ui.core.theming.ThemeHelper: sap-ui-theme-sap.m: false (noLinkElement: false, sheet: false, innerHtml: false, linkElementFinishedLoading: false) -  '

Chrome Headless 146.0.0.0 (Mac OS 10.15.7) DEBUG: '2026-04-05 04:47:43.455699 sap.ui.core.theming.ThemeHelper: sap-ui-theme-sap.ui.unified: false (noLinkElement: false, sheet: false, innerHtml: false, linkElementFinishedLoading: false) -  '

Chrome Headless 146.0.0.0 (Mac OS 10.15.7) DEBUG: '2026-04-05 04:47:43.455699 sap.ui.core.theming.ThemeHelper: sap-ui-theme-miyasuta.ui5uploadcontrols: false (noLinkElement: false, sheet: false, innerHtml: false, linkElementFinishedLoading: false) -  '

Chrome Headless 146.0.0.0 (Mac OS 10.15.7) DEBUG: '2026-04-05 04:47:43.455699 ThemeManager: Theme not yet applied. -  '

Chrome Headless 146.0.0.0 (Mac OS 10.15.7) DEBUG: '2026-04-05 04:47:43.460300 sap.ui.core.theming.ThemeHelper: sap-ui-theme-sap.ui.core: false (noLinkElement: false, sheet: false, innerHtml: false, linkElementFinishedLoading: false) -  '

Chrome Headless 146.0.0.0 (Mac OS 10.15.7) DEBUG: '2026-04-05 04:47:43.460300 sap.ui.core.theming.ThemeHelper: sap-ui-theme-sap.m: false (noLinkElement: false, sheet: false, innerHtml: false, linkElementFinishedLoading: false) -  '

Chrome Headless 146.0.0.0 (Mac OS 10.15.7) DEBUG: '2026-04-05 04:47:43.460300 sap.ui.core.theming.ThemeHelper: sap-ui-theme-sap.ui.unified: false (noLinkElement: false, sheet: false, innerHtml: false, linkElementFinishedLoading: false) -  '

Chrome Headless 146.0.0.0 (Mac OS 10.15.7) DEBUG: '2026-04-05 04:47:43.460400 sap.ui.core.theming.ThemeHelper: sap-ui-theme-miyasuta.ui5uploadcontrols: false (noLinkElement: false, sheet: false, innerHtml: false, linkElementFinishedLoading: false) -  '

Chrome Headless 146.0.0.0 (Mac OS 10.15.7) DEBUG: '2026-04-05 04:47:43.460400 ThemeManager: Theme not yet applied. -  '

Chrome Headless 146.0.0.0 (Mac OS 10.15.7) DEBUG: '2026-04-05 04:47:43.465000 sap.ui.core.theming.ThemeHelper: sap-ui-theme-sap.ui.core: false (noLinkElement: false, sheet: false, innerHtml: false, linkElementFinishedLoading: false) -  '

Chrome Headless 146.0.0.0 (Mac OS 10.15.7) DEBUG: '2026-04-05 04:47:43.465000 sap.ui.core.theming.ThemeHelper: sap-ui-theme-sap.m: false (noLinkElement: false, sheet: false, innerHtml: false, linkElementFinishedLoading: false) -  '

Chrome Headless 146.0.0.0 (Mac OS 10.15.7) DEBUG: '2026-04-05 04:47:43.465000 sap.ui.core.theming.ThemeHelper: sap-ui-theme-sap.ui.unified: false (noLinkElement: false, sheet: false, innerHtml: false, linkElementFinishedLoading: false) -  '

Chrome Headless 146.0.0.0 (Mac OS 10.15.7) DEBUG: '2026-04-05 04:47:43.465000 sap.ui.core.theming.ThemeHelper: sap-ui-theme-miyasuta.ui5uploadcontrols: false (noLinkElement: false, sheet: false, innerHtml: false, linkElementFinishedLoading: false) -  '

Chrome Headless 146.0.0.0 (Mac OS 10.15.7) DEBUG: '2026-04-05 04:47:43.465000 ThemeManager: Theme not yet applied. -  '

Chrome Headless 146.0.0.0 (Mac OS 10.15.7) DEBUG: '2026-04-05 04:47:43.469600 sap.ui.core.theming.ThemeHelper: sap-ui-theme-sap.ui.core: false (noLinkElement: false, sheet: false, innerHtml: false, linkElementFinishedLoading: false) -  '

Chrome Headless 146.0.0.0 (Mac OS 10.15.7) DEBUG: '2026-04-05 04:47:43.469600 sap.ui.core.theming.ThemeHelper: sap-ui-theme-sap.m: false (noLinkElement: false, sheet: false, innerHtml: false, linkElementFinishedLoading: false) -  '

Chrome Headless 146.0.0.0 (Mac OS 10.15.7) DEBUG: '2026-04-05 04:47:43.469600 sap.ui.core.theming.ThemeHelper: sap-ui-theme-sap.ui.unified: false (noLinkElement: false, sheet: false, innerHtml: false, linkElementFinishedLoading: false) -  '

Chrome Headless 146.0.0.0 (Mac OS 10.15.7) DEBUG: '2026-04-05 04:47:43.469699 sap.ui.core.theming.ThemeHelper: sap-ui-theme-miyasuta.ui5uploadcontrols: false (noLinkElement: false, sheet: false, innerHtml: false, linkElementFinishedLoading: false) -  '

Chrome Headless 146.0.0.0 (Mac OS 10.15.7) DEBUG: '2026-04-05 04:47:43.469699 ThemeManager: Theme not yet applied. -  '

Chrome Headless 146.0.0.0 (Mac OS 10.15.7) DEBUG: '2026-04-05 04:47:43.474100 sap.ui.core.theming.ThemeHelper: sap-ui-theme-sap.ui.core: false (noLinkElement: false, sheet: false, innerHtml: false, linkElementFinishedLoading: false) -  '

Chrome Headless 146.0.0.0 (Mac OS 10.15.7) DEBUG: '2026-04-05 04:47:43.474199 sap.ui.core.theming.ThemeHelper: sap-ui-theme-sap.m: false (noLinkElement: false, sheet: false, innerHtml: false, linkElementFinishedLoading: false) -  '

Chrome Headless 146.0.0.0 (Mac OS 10.15.7) DEBUG: '2026-04-05 04:47:43.474199 sap.ui.core.theming.ThemeHelper: sap-ui-theme-sap.ui.unified: false (noLinkElement: false, sheet: false, innerHtml: false, linkElementFinishedLoading: false) -  '

Chrome Headless 146.0.0.0 (Mac OS 10.15.7) DEBUG: '2026-04-05 04:47:43.474199 sap.ui.core.theming.ThemeHelper: sap-ui-theme-miyasuta.ui5uploadcontrols: false (noLinkElement: false, sheet: false, innerHtml: false, linkElementFinishedLoading: false) -  '

Chrome Headless 146.0.0.0 (Mac OS 10.15.7) DEBUG: '2026-04-05 04:47:43.474199 ThemeManager: Theme not yet applied. -  '

Chrome Headless 146.0.0.0 (Mac OS 10.15.7) DEBUG: '2026-04-05 04:47:43.478800 sap.ui.core.theming.ThemeHelper: sap-ui-theme-sap.ui.core: false (noLinkElement: false, sheet: false, innerHtml: false, linkElementFinishedLoading: false) -  '

Chrome Headless 146.0.0.0 (Mac OS 10.15.7) DEBUG: '2026-04-05 04:47:43.478800 sap.ui.core.theming.ThemeHelper: sap-ui-theme-sap.m: false (noLinkElement: false, sheet: false, innerHtml: false, linkElementFinishedLoading: false) -  '

Chrome Headless 146.0.0.0 (Mac OS 10.15.7) DEBUG: '2026-04-05 04:47:43.478800 sap.ui.core.theming.ThemeHelper: sap-ui-theme-sap.ui.unified: false (noLinkElement: false, sheet: false, innerHtml: false, linkElementFinishedLoading: false) -  '

Chrome Headless 146.0.0.0 (Mac OS 10.15.7) DEBUG: '2026-04-05 04:47:43.478800 sap.ui.core.theming.ThemeHelper: sap-ui-theme-miyasuta.ui5uploadcontrols: false (noLinkElement: false, sheet: false, innerHtml: false, linkElementFinishedLoading: false) -  '

Chrome Headless 146.0.0.0 (Mac OS 10.15.7) DEBUG: '2026-04-05 04:47:43.478800 ThemeManager: Theme not yet applied. -  '

Chrome Headless 146.0.0.0 (Mac OS 10.15.7) DEBUG: '2026-04-05 04:47:43.483400 sap.ui.core.theming.ThemeHelper: sap-ui-theme-sap.ui.core: false (noLinkElement: false, sheet: false, innerHtml: false, linkElementFinishedLoading: false) -  '

Chrome Headless 146.0.0.0 (Mac OS 10.15.7) DEBUG: '2026-04-05 04:47:43.483400 sap.ui.core.theming.ThemeHelper: sap-ui-theme-sap.m: false (noLinkElement: false, sheet: false, innerHtml: false, linkElementFinishedLoading: false) -  '

Chrome Headless 146.0.0.0 (Mac OS 10.15.7) DEBUG: '2026-04-05 04:47:43.483400 sap.ui.core.theming.ThemeHelper: sap-ui-theme-sap.ui.unified: false (noLinkElement: false, sheet: false, innerHtml: false, linkElementFinishedLoading: false) -  '

Chrome Headless 146.0.0.0 (Mac OS 10.15.7) DEBUG: '2026-04-05 04:47:43.483400 sap.ui.core.theming.ThemeHelper: sap-ui-theme-miyasuta.ui5uploadcontrols: false (noLinkElement: false, sheet: false, innerHtml: false, linkElementFinishedLoading: false) -  '

Chrome Headless 146.0.0.0 (Mac OS 10.15.7) DEBUG: '2026-04-05 04:47:43.483500 ThemeManager: Theme not yet applied. -  '

Chrome Headless 146.0.0.0 (Mac OS 10.15.7) DEBUG: '2026-04-05 04:47:43.488100 sap.ui.core.theming.ThemeHelper: sap-ui-theme-sap.ui.core: false (noLinkElement: false, sheet: false, innerHtml: false, linkElementFinishedLoading: false) -  '

Chrome Headless 146.0.0.0 (Mac OS 10.15.7) DEBUG: '2026-04-05 04:47:43.488100 sap.ui.core.theming.ThemeHelper: sap-ui-theme-sap.m: false (noLinkElement: false, sheet: false, innerHtml: false, linkElementFinishedLoading: false) -  '

Chrome Headless 146.0.0.0 (Mac OS 10.15.7) DEBUG: '2026-04-05 04:47:43.488100 sap.ui.core.theming.ThemeHelper: sap-ui-theme-sap.ui.unified: false (noLinkElement: false, sheet: false, innerHtml: false, linkElementFinishedLoading: false) -  '

Chrome Headless 146.0.0.0 (Mac OS 10.15.7) DEBUG: '2026-04-05 04:47:43.488100 sap.ui.core.theming.ThemeHelper: sap-ui-theme-miyasuta.ui5uploadcontrols: false (noLinkElement: false, sheet: false, innerHtml: false, linkElementFinishedLoading: false) -  '

Chrome Headless 146.0.0.0 (Mac OS 10.15.7) DEBUG: '2026-04-05 04:47:43.488199 ThemeManager: Theme not yet applied. -  '

Chrome Headless 146.0.0.0 (Mac OS 10.15.7) DEBUG: '2026-04-05 04:47:43.492800 sap.ui.core.theming.ThemeHelper: sap-ui-theme-sap.ui.core: false (noLinkElement: false, sheet: false, innerHtml: false, linkElementFinishedLoading: false) -  '

Chrome Headless 146.0.0.0 (Mac OS 10.15.7) DEBUG: '2026-04-05 04:47:43.492800 sap.ui.core.theming.ThemeHelper: sap-ui-theme-sap.m: false (noLinkElement: false, sheet: false, innerHtml: false, linkElementFinishedLoading: false) -  '

Chrome Headless 146.0.0.0 (Mac OS 10.15.7) DEBUG: '2026-04-05 04:47:43.492800 sap.ui.core.theming.ThemeHelper: sap-ui-theme-sap.ui.unified: false (noLinkElement: false, sheet: false, innerHtml: false, linkElementFinishedLoading: false) -  '

Chrome Headless 146.0.0.0 (Mac OS 10.15.7) DEBUG: '2026-04-05 04:47:43.492800 sap.ui.core.theming.ThemeHelper: sap-ui-theme-miyasuta.ui5uploadcontrols: false (noLinkElement: false, sheet: false, innerHtml: false, linkElementFinishedLoading: false) -  '

Chrome Headless 146.0.0.0 (Mac OS 10.15.7) DEBUG: '2026-04-05 04:47:43.492800 ThemeManager: Theme not yet applied. -  '

Chrome Headless 146.0.0.0 (Mac OS 10.15.7) DEBUG: '2026-04-05 04:47:43.497400 sap.ui.core.theming.ThemeHelper: sap-ui-theme-sap.ui.core: false (noLinkElement: false, sheet: false, innerHtml: false, linkElementFinishedLoading: false) -  '

Chrome Headless 146.0.0.0 (Mac OS 10.15.7) DEBUG: '2026-04-05 04:47:43.497500 sap.ui.core.theming.ThemeHelper: sap-ui-theme-sap.m: false (noLinkElement: false, sheet: false, innerHtml: false, linkElementFinishedLoading: false) -  '

Chrome Headless 146.0.0.0 (Mac OS 10.15.7) DEBUG: '2026-04-05 04:47:43.497500 sap.ui.core.theming.ThemeHelper: sap-ui-theme-sap.ui.unified: false (noLinkElement: false, sheet: false, innerHtml: false, linkElementFinishedLoading: false) -  '

Chrome Headless 146.0.0.0 (Mac OS 10.15.7) DEBUG: '2026-04-05 04:47:43.497500 sap.ui.core.theming.ThemeHelper: sap-ui-theme-miyasuta.ui5uploadcontrols: false (noLinkElement: false, sheet: false, innerHtml: false, linkElementFinishedLoading: false) -  '

Chrome Headless 146.0.0.0 (Mac OS 10.15.7) DEBUG: '2026-04-05 04:47:43.497500 ThemeManager: Theme not yet applied. -  '

Chrome Headless 146.0.0.0 (Mac OS 10.15.7) DEBUG: '2026-04-05 04:47:43.502000 sap.ui.core.theming.ThemeHelper: sap-ui-theme-sap.ui.core: false (noLinkElement: false, sheet: false, innerHtml: false, linkElementFinishedLoading: false) -  '

Chrome Headless 146.0.0.0 (Mac OS 10.15.7) DEBUG: '2026-04-05 04:47:43.502000 sap.ui.core.theming.ThemeHelper: sap-ui-theme-sap.m: false (noLinkElement: false, sheet: false, innerHtml: false, linkElementFinishedLoading: false) -  '

Chrome Headless 146.0.0.0 (Mac OS 10.15.7) DEBUG: '2026-04-05 04:47:43.502100 sap.ui.core.theming.ThemeHelper: sap-ui-theme-sap.ui.unified: false (noLinkElement: false, sheet: false, innerHtml: false, linkElementFinishedLoading: false) -  '

Chrome Headless 146.0.0.0 (Mac OS 10.15.7) DEBUG: '2026-04-05 04:47:43.502100 sap.ui.core.theming.ThemeHelper: sap-ui-theme-miyasuta.ui5uploadcontrols: false (noLinkElement: false, sheet: false, innerHtml: false, linkElementFinishedLoading: false) -  '

Chrome Headless 146.0.0.0 (Mac OS 10.15.7) DEBUG: '2026-04-05 04:47:43.502100 ThemeManager: Theme not yet applied. -  '

Chrome Headless 146.0.0.0 (Mac OS 10.15.7) DEBUG: '2026-04-05 04:47:43.506699 sap.ui.core.theming.ThemeHelper: sap-ui-theme-sap.ui.core: false (noLinkElement: false, sheet: false, innerHtml: false, linkElementFinishedLoading: false) -  '

Chrome Headless 146.0.0.0 (Mac OS 10.15.7) DEBUG: '2026-04-05 04:47:43.506699 sap.ui.core.theming.ThemeHelper: sap-ui-theme-sap.m: false (noLinkElement: false, sheet: false, innerHtml: false, linkElementFinishedLoading: false) -  '

Chrome Headless 146.0.0.0 (Mac OS 10.15.7) DEBUG: '2026-04-05 04:47:43.506699 sap.ui.core.theming.ThemeHelper: sap-ui-theme-sap.ui.unified: false (noLinkElement: false, sheet: false, innerHtml: false, linkElementFinishedLoading: false) -  '

Chrome Headless 146.0.0.0 (Mac OS 10.15.7) DEBUG: '2026-04-05 04:47:43.506699 sap.ui.core.theming.ThemeHelper: sap-ui-theme-miyasuta.ui5uploadcontrols: false (noLinkElement: false, sheet: false, innerHtml: false, linkElementFinishedLoading: false) -  '

Chrome Headless 146.0.0.0 (Mac OS 10.15.7) DEBUG: '2026-04-05 04:47:43.506699 ThemeManager: Theme not yet applied. -  '

Chrome Headless 146.0.0.0 (Mac OS 10.15.7) DEBUG: '2026-04-05 04:47:43.510800 sap.ui.core.theming.ThemeHelper: sap-ui-theme-sap.ui.core: false (noLinkElement: false, sheet: false, innerHtml: false, linkElementFinishedLoading: false) -  '

Chrome Headless 146.0.0.0 (Mac OS 10.15.7) DEBUG: '2026-04-05 04:47:43.510800 sap.ui.core.theming.ThemeHelper: sap-ui-theme-sap.m: false (noLinkElement: false, sheet: false, innerHtml: false, linkElementFinishedLoading: false) -  '

Chrome Headless 146.0.0.0 (Mac OS 10.15.7) DEBUG: '2026-04-05 04:47:43.510800 sap.ui.core.theming.ThemeHelper: sap-ui-theme-sap.ui.unified: false (noLinkElement: false, sheet: false, innerHtml: false, linkElementFinishedLoading: false) -  '

Chrome Headless 146.0.0.0 (Mac OS 10.15.7) DEBUG: '2026-04-05 04:47:43.510800 sap.ui.core.theming.ThemeHelper: sap-ui-theme-miyasuta.ui5uploadcontrols: false (noLinkElement: false, sheet: false, innerHtml: false, linkElementFinishedLoading: false) -  '

Chrome Headless 146.0.0.0 (Mac OS 10.15.7) DEBUG: '2026-04-05 04:47:43.510800 ThemeManager: Theme not yet applied. -  '

Chrome Headless 146.0.0.0 (Mac OS 10.15.7) DEBUG: '2026-04-05 04:47:43.515400 sap.ui.core.theming.ThemeHelper: sap-ui-theme-sap.ui.core: false (noLinkElement: false, sheet: false, innerHtml: false, linkElementFinishedLoading: false) -  '

Chrome Headless 146.0.0.0 (Mac OS 10.15.7) DEBUG: '2026-04-05 04:47:43.515400 sap.ui.core.theming.ThemeHelper: sap-ui-theme-sap.m: false (noLinkElement: false, sheet: false, innerHtml: false, linkElementFinishedLoading: false) -  '

Chrome Headless 146.0.0.0 (Mac OS 10.15.7) DEBUG: '2026-04-05 04:47:43.515400 sap.ui.core.theming.ThemeHelper: sap-ui-theme-sap.ui.unified: false (noLinkElement: false, sheet: false, innerHtml: false, linkElementFinishedLoading: false) -  '

Chrome Headless 146.0.0.0 (Mac OS 10.15.7) DEBUG: '2026-04-05 04:47:43.515400 sap.ui.core.theming.ThemeHelper: sap-ui-theme-miyasuta.ui5uploadcontrols: false (noLinkElement: false, sheet: false, innerHtml: false, linkElementFinishedLoading: false) -  '

Chrome Headless 146.0.0.0 (Mac OS 10.15.7) DEBUG: '2026-04-05 04:47:43.515400 ThemeManager: Theme not yet applied. -  '

Chrome Headless 146.0.0.0 (Mac OS 10.15.7) DEBUG: '2026-04-05 04:47:43.520000 sap.ui.core.theming.ThemeHelper: sap-ui-theme-sap.ui.core: false (noLinkElement: false, sheet: false, innerHtml: false, linkElementFinishedLoading: false) -  '

Chrome Headless 146.0.0.0 (Mac OS 10.15.7) DEBUG: '2026-04-05 04:47:43.520100 sap.ui.core.theming.ThemeHelper: sap-ui-theme-sap.m: false (noLinkElement: false, sheet: false, innerHtml: false, linkElementFinishedLoading: false) -  '

Chrome Headless 146.0.0.0 (Mac OS 10.15.7) DEBUG: '2026-04-05 04:47:43.520100 sap.ui.core.theming.ThemeHelper: sap-ui-theme-sap.ui.unified: false (noLinkElement: false, sheet: false, innerHtml: false, linkElementFinishedLoading: false) -  '

Chrome Headless 146.0.0.0 (Mac OS 10.15.7) DEBUG: '2026-04-05 04:47:43.520100 sap.ui.core.theming.ThemeHelper: sap-ui-theme-miyasuta.ui5uploadcontrols: false (noLinkElement: false, sheet: false, innerHtml: false, linkElementFinishedLoading: false) -  '

Chrome Headless 146.0.0.0 (Mac OS 10.15.7) DEBUG: '2026-04-05 04:47:43.520100 ThemeManager: Theme not yet applied. -  '

[info] server:custom-middleware:ui5-tooling-transpile-middleware: Transpiling resource /resources/miyasuta/ui5uploadcontrols/MultiFileUpload.ts
[info] server:custom-middleware:ui5-tooling-transpile-middleware: Transpiling resource /resources/miyasuta/ui5uploadcontrols/MultiFileUploadRenderer.ts
Chrome Headless 146.0.0.0 (Mac OS 10.15.7) DEBUG: '2026-04-05 04:47:43.918000 Class sap.m.upload.ActionsPlaceholder registered for library sap.m -  '

Chrome Headless 146.0.0.0 (Mac OS 10.15.7) DEBUG: '2026-04-05 04:47:44.051100 sap.ui.core.theming.ThemeHelper: sap-ui-theme-sap.ui.core: true (noLinkElement: false, sheet: true, innerHtml: false, linkElementFinishedLoading: true) -  '

Chrome Headless 146.0.0.0 (Mac OS 10.15.7) DEBUG: '2026-04-05 04:47:44.051199 sap.ui.core.theming.ThemeHelper: sap-ui-theme-sap.m: true (noLinkElement: false, sheet: true, innerHtml: false, linkElementFinishedLoading: true) -  '

Chrome Headless 146.0.0.0 (Mac OS 10.15.7) DEBUG: '2026-04-05 04:47:44.051300 sap.ui.core.theming.ThemeHelper: sap-ui-theme-sap.ui.unified: true (noLinkElement: false, sheet: true, innerHtml: false, linkElementFinishedLoading: true) -  '

Chrome Headless 146.0.0.0 (Mac OS 10.15.7) DEBUG: '2026-04-05 04:47:44.051300 sap.ui.core.theming.ThemeHelper: sap-ui-theme-miyasuta.ui5uploadcontrols: true (noLinkElement: false, sheet: true, innerHtml: false, linkElementFinishedLoading: true) -  '

Chrome Headless 146.0.0.0 (Mac OS 10.15.7) DEBUG: '2026-04-05 04:47:44.072900 Class sap.m.Illustration registered for library sap.m -  '

Chrome Headless 146.0.0.0 (Mac OS 10.15.7) DEBUG: '2026-04-05 04:47:44.073199 Analyzing Library sap.ui.export -  sap/ui/core/Lib.init'

Chrome Headless 146.0.0.0 (Mac OS 10.15.7) DEBUG: '2026-04-05 04:47:44.073199 resolve Dependencies to sap.ui.core -  sap/ui/core/Lib.init'

Chrome Headless 146.0.0.0 (Mac OS 10.15.7) INFO: '2026-04-05 04:47:44.073300 Including http://localhost:9876/base/resources/sap/ui/export/themes/sap_fiori_3/library.css?version=1.136.0 -  sap.ui.core.theming.ThemeManager.includeLibraryTheme() -  '

Chrome Headless 146.0.0.0 (Mac OS 10.15.7) DEBUG: '2026-04-05 04:47:44.073400 sap.ui.core.theming.ThemeHelper: sap-ui-theme-sap.ui.core: true (noLinkElement: false, sheet: true, innerHtml: false, linkElementFinishedLoading: true) -  '

Chrome Headless 146.0.0.0 (Mac OS 10.15.7) DEBUG: '2026-04-05 04:47:44.073400 sap.ui.core.theming.ThemeHelper: sap-ui-theme-sap.m: true (noLinkElement: false, sheet: true, innerHtml: false, linkElementFinishedLoading: true) -  '

Chrome Headless 146.0.0.0 (Mac OS 10.15.7) DEBUG: '2026-04-05 04:47:44.073400 sap.ui.core.theming.ThemeHelper: sap-ui-theme-sap.ui.unified: true (noLinkElement: false, sheet: true, innerHtml: false, linkElementFinishedLoading: true) -  '

Chrome Headless 146.0.0.0 (Mac OS 10.15.7) DEBUG: '2026-04-05 04:47:44.073400 sap.ui.core.theming.ThemeHelper: sap-ui-theme-miyasuta.ui5uploadcontrols: true (noLinkElement: false, sheet: true, innerHtml: false, linkElementFinishedLoading: true) -  '

Chrome Headless 146.0.0.0 (Mac OS 10.15.7) DEBUG: '2026-04-05 04:47:44.073400 sap.ui.core.theming.ThemeHelper: sap-ui-theme-sap.ui.export: false (noLinkElement: false, sheet: false, innerHtml: false, linkElementFinishedLoading: false) -  '

Chrome Headless 146.0.0.0 (Mac OS 10.15.7) DEBUG: '2026-04-05 04:47:44.073400 ThemeManager: Theme not yet applied. -  '

Chrome Headless 146.0.0.0 (Mac OS 10.15.7) DEBUG: '2026-04-05 04:47:44.075600 sap.ui.core.theming.ThemeHelper: sap-ui-theme-sap.ui.core: true (noLinkElement: false, sheet: true, innerHtml: false, linkElementFinishedLoading: true) -  '

Chrome Headless 146.0.0.0 (Mac OS 10.15.7) DEBUG: '2026-04-05 04:47:44.075600 sap.ui.core.theming.ThemeHelper: sap-ui-theme-sap.m: true (noLinkElement: false, sheet: true, innerHtml: false, linkElementFinishedLoading: true) -  '

Chrome Headless 146.0.0.0 (Mac OS 10.15.7) DEBUG: '2026-04-05 04:47:44.075600 sap.ui.core.theming.ThemeHelper: sap-ui-theme-sap.ui.unified: true (noLinkElement: false, sheet: true, innerHtml: false, linkElementFinishedLoading: true) -  '

Chrome Headless 146.0.0.0 (Mac OS 10.15.7) DEBUG: '2026-04-05 04:47:44.075600 sap.ui.core.theming.ThemeHelper: sap-ui-theme-miyasuta.ui5uploadcontrols: true (noLinkElement: false, sheet: true, innerHtml: false, linkElementFinishedLoading: true) -  '

Chrome Headless 146.0.0.0 (Mac OS 10.15.7) DEBUG: '2026-04-05 04:47:44.075699 sap.ui.core.theming.ThemeHelper: sap-ui-theme-sap.ui.export: false (noLinkElement: false, sheet: false, innerHtml: false, linkElementFinishedLoading: false) -  '

Chrome Headless 146.0.0.0 (Mac OS 10.15.7) DEBUG: '2026-04-05 04:47:44.075699 ThemeManager: Theme not yet applied. -  '

Chrome Headless 146.0.0.0 (Mac OS 10.15.7) DEBUG: '2026-04-05 04:47:44.078000 sap.ui.core.theming.ThemeHelper: sap-ui-theme-sap.ui.core: true (noLinkElement: false, sheet: true, innerHtml: false, linkElementFinishedLoading: true) -  '

Chrome Headless 146.0.0.0 (Mac OS 10.15.7) DEBUG: '2026-04-05 04:47:44.078000 sap.ui.core.theming.ThemeHelper: sap-ui-theme-sap.m: true (noLinkElement: false, sheet: true, innerHtml: false, linkElementFinishedLoading: true) -  '

Chrome Headless 146.0.0.0 (Mac OS 10.15.7) DEBUG: '2026-04-05 04:47:44.078000 sap.ui.core.theming.ThemeHelper: sap-ui-theme-sap.ui.unified: true (noLinkElement: false, sheet: true, innerHtml: false, linkElementFinishedLoading: true) -  '

Chrome Headless 146.0.0.0 (Mac OS 10.15.7) DEBUG: '2026-04-05 04:47:44.078000 sap.ui.core.theming.ThemeHelper: sap-ui-theme-miyasuta.ui5uploadcontrols: true (noLinkElement: false, sheet: true, innerHtml: false, linkElementFinishedLoading: true) -  '

Chrome Headless 146.0.0.0 (Mac OS 10.15.7) DEBUG: '2026-04-05 04:47:44.078000 sap.ui.core.theming.ThemeHelper: sap-ui-theme-sap.ui.export: false (noLinkElement: false, sheet: false, innerHtml: false, linkElementFinishedLoading: false) -  '

Chrome Headless 146.0.0.0 (Mac OS 10.15.7) DEBUG: '2026-04-05 04:47:44.078000 ThemeManager: Theme not yet applied. -  '

Chrome Headless 146.0.0.0 (Mac OS 10.15.7) DEBUG: '2026-04-05 04:47:44.080199 sap.ui.core.theming.ThemeHelper: sap-ui-theme-sap.ui.core: true (noLinkElement: false, sheet: true, innerHtml: false, linkElementFinishedLoading: true) -  '

Chrome Headless 146.0.0.0 (Mac OS 10.15.7) DEBUG: '2026-04-05 04:47:44.080300 sap.ui.core.theming.ThemeHelper: sap-ui-theme-sap.m: true (noLinkElement: false, sheet: true, innerHtml: false, linkElementFinishedLoading: true) -  '

Chrome Headless 146.0.0.0 (Mac OS 10.15.7) DEBUG: '2026-04-05 04:47:44.080300 sap.ui.core.theming.ThemeHelper: sap-ui-theme-sap.ui.unified: true (noLinkElement: false, sheet: true, innerHtml: false, linkElementFinishedLoading: true) -  '

Chrome Headless 146.0.0.0 (Mac OS 10.15.7) DEBUG: '2026-04-05 04:47:44.080300 sap.ui.core.theming.ThemeHelper: sap-ui-theme-miyasuta.ui5uploadcontrols: true (noLinkElement: false, sheet: true, innerHtml: false, linkElementFinishedLoading: true) -  '

Chrome Headless 146.0.0.0 (Mac OS 10.15.7) DEBUG: '2026-04-05 04:47:44.080300 sap.ui.core.theming.ThemeHelper: sap-ui-theme-sap.ui.export: false (noLinkElement: false, sheet: false, innerHtml: false, linkElementFinishedLoading: false) -  '

Chrome Headless 146.0.0.0 (Mac OS 10.15.7) DEBUG: '2026-04-05 04:47:44.080300 ThemeManager: Theme not yet applied. -  '

Chrome Headless 146.0.0.0 (Mac OS 10.15.7) DEBUG: '2026-04-05 04:47:44.083300 sap.ui.core.theming.ThemeHelper: sap-ui-theme-sap.ui.core: true (noLinkElement: false, sheet: true, innerHtml: false, linkElementFinishedLoading: true) -  '

Chrome Headless 146.0.0.0 (Mac OS 10.15.7) DEBUG: '2026-04-05 04:47:44.083400 sap.ui.core.theming.ThemeHelper: sap-ui-theme-sap.m: true (noLinkElement: false, sheet: true, innerHtml: false, linkElementFinishedLoading: true) -  '

Chrome Headless 146.0.0.0 (Mac OS 10.15.7) DEBUG: '2026-04-05 04:47:44.083400 sap.ui.core.theming.ThemeHelper: sap-ui-theme-sap.ui.unified: true (noLinkElement: false, sheet: true, innerHtml: false, linkElementFinishedLoading: true) -  '

Chrome Headless 146.0.0.0 (Mac OS 10.15.7) DEBUG: '2026-04-05 04:47:44.083400 sap.ui.core.theming.ThemeHelper: sap-ui-theme-miyasuta.ui5uploadcontrols: true (noLinkElement: false, sheet: true, innerHtml: false, linkElementFinishedLoading: true) -  '

Chrome Headless 146.0.0.0 (Mac OS 10.15.7) DEBUG: '2026-04-05 04:47:44.083400 sap.ui.core.theming.ThemeHelper: sap-ui-theme-sap.ui.export: false (noLinkElement: false, sheet: false, innerHtml: false, linkElementFinishedLoading: false) -  '

Chrome Headless 146.0.0.0 (Mac OS 10.15.7) DEBUG: '2026-04-05 04:47:44.083400 ThemeManager: Theme not yet applied. -  '

Chrome Headless 146.0.0.0 (Mac OS 10.15.7) DEBUG: '2026-04-05 04:47:44.085900 sap.ui.core.theming.ThemeHelper: sap-ui-theme-sap.ui.core: true (noLinkElement: false, sheet: true, innerHtml: false, linkElementFinishedLoading: true) -  '

Chrome Headless 146.0.0.0 (Mac OS 10.15.7) DEBUG: '2026-04-05 04:47:44.085900 sap.ui.core.theming.ThemeHelper: sap-ui-theme-sap.m: true (noLinkElement: false, sheet: true, innerHtml: false, linkElementFinishedLoading: true) -  '

Chrome Headless 146.0.0.0 (Mac OS 10.15.7) DEBUG: '2026-04-05 04:47:44.085900 sap.ui.core.theming.ThemeHelper: sap-ui-theme-sap.ui.unified: true (noLinkElement: false, sheet: true, innerHtml: false, linkElementFinishedLoading: true) -  '

Chrome Headless 146.0.0.0 (Mac OS 10.15.7) DEBUG: '2026-04-05 04:47:44.085900 sap.ui.core.theming.ThemeHelper: sap-ui-theme-miyasuta.ui5uploadcontrols: true (noLinkElement: false, sheet: true, innerHtml: false, linkElementFinishedLoading: true) -  '

Chrome Headless 146.0.0.0 (Mac OS 10.15.7) DEBUG: '2026-04-05 04:47:44.086000 sap.ui.core.theming.ThemeHelper: sap-ui-theme-sap.ui.export: false (noLinkElement: false, sheet: false, innerHtml: false, linkElementFinishedLoading: false) -  '

Chrome Headless 146.0.0.0 (Mac OS 10.15.7) DEBUG: '2026-04-05 04:47:44.086000 ThemeManager: Theme not yet applied. -  '

Chrome Headless 146.0.0.0 (Mac OS 10.15.7) DEBUG: '2026-04-05 04:47:44.088300 sap.ui.core.theming.ThemeHelper: sap-ui-theme-sap.ui.core: true (noLinkElement: false, sheet: true, innerHtml: false, linkElementFinishedLoading: true) -  '

Chrome Headless 146.0.0.0 (Mac OS 10.15.7) DEBUG: '2026-04-05 04:47:44.088300 sap.ui.core.theming.ThemeHelper: sap-ui-theme-sap.m: true (noLinkElement: false, sheet: true, innerHtml: false, linkElementFinishedLoading: true) -  '

Chrome Headless 146.0.0.0 (Mac OS 10.15.7) DEBUG: '2026-04-05 04:47:44.088300 sap.ui.core.theming.ThemeHelper: sap-ui-theme-sap.ui.unified: true (noLinkElement: false, sheet: true, innerHtml: false, linkElementFinishedLoading: true) -  '

Chrome Headless 146.0.0.0 (Mac OS 10.15.7) DEBUG: '2026-04-05 04:47:44.088300 sap.ui.core.theming.ThemeHelper: sap-ui-theme-miyasuta.ui5uploadcontrols: true (noLinkElement: false, sheet: true, innerHtml: false, linkElementFinishedLoading: true) -  '

Chrome Headless 146.0.0.0 (Mac OS 10.15.7) DEBUG: '2026-04-05 04:47:44.088300 sap.ui.core.theming.ThemeHelper: sap-ui-theme-sap.ui.export: false (noLinkElement: false, sheet: false, innerHtml: false, linkElementFinishedLoading: false) -  '

Chrome Headless 146.0.0.0 (Mac OS 10.15.7) DEBUG: '2026-04-05 04:47:44.088300 ThemeManager: Theme not yet applied. -  '

Chrome Headless 146.0.0.0 (Mac OS 10.15.7) DEBUG: '2026-04-05 04:47:44.092600 sap.ui.core.theming.ThemeHelper: sap-ui-theme-sap.ui.core: true (noLinkElement: false, sheet: true, innerHtml: false, linkElementFinishedLoading: true) -  '

Chrome Headless 146.0.0.0 (Mac OS 10.15.7) DEBUG: '2026-04-05 04:47:44.092600 sap.ui.core.theming.ThemeHelper: sap-ui-theme-sap.m: true (noLinkElement: false, sheet: true, innerHtml: false, linkElementFinishedLoading: true) -  '

Chrome Headless 146.0.0.0 (Mac OS 10.15.7) DEBUG: '2026-04-05 04:47:44.092600 sap.ui.core.theming.ThemeHelper: sap-ui-theme-sap.ui.unified: true (noLinkElement: false, sheet: true, innerHtml: false, linkElementFinishedLoading: true) -  '

Chrome Headless 146.0.0.0 (Mac OS 10.15.7) DEBUG: '2026-04-05 04:47:44.092600 sap.ui.core.theming.ThemeHelper: sap-ui-theme-miyasuta.ui5uploadcontrols: true (noLinkElement: false, sheet: true, innerHtml: false, linkElementFinishedLoading: true) -  '

Chrome Headless 146.0.0.0 (Mac OS 10.15.7) DEBUG: '2026-04-05 04:47:44.092600 sap.ui.core.theming.ThemeHelper: sap-ui-theme-sap.ui.export: false (noLinkElement: false, sheet: false, innerHtml: false, linkElementFinishedLoading: false) -  '

Chrome Headless 146.0.0.0 (Mac OS 10.15.7) DEBUG: '2026-04-05 04:47:44.092600 ThemeManager: Theme not yet applied. -  '

Chrome Headless 146.0.0.0 (Mac OS 10.15.7) DEBUG: '2026-04-05 04:47:44.097600 sap.ui.core.theming.ThemeHelper: sap-ui-theme-sap.ui.core: true (noLinkElement: false, sheet: true, innerHtml: false, linkElementFinishedLoading: true) -  '

Chrome Headless 146.0.0.0 (Mac OS 10.15.7) DEBUG: '2026-04-05 04:47:44.097600 sap.ui.core.theming.ThemeHelper: sap-ui-theme-sap.m: true (noLinkElement: false, sheet: true, innerHtml: false, linkElementFinishedLoading: true) -  '

Chrome Headless 146.0.0.0 (Mac OS 10.15.7) DEBUG: '2026-04-05 04:47:44.097699 sap.ui.core.theming.ThemeHelper: sap-ui-theme-sap.ui.unified: true (noLinkElement: false, sheet: true, innerHtml: false, linkElementFinishedLoading: true) -  '

Chrome Headless 146.0.0.0 (Mac OS 10.15.7) DEBUG: '2026-04-05 04:47:44.097699 sap.ui.core.theming.ThemeHelper: sap-ui-theme-miyasuta.ui5uploadcontrols: true (noLinkElement: false, sheet: true, innerHtml: false, linkElementFinishedLoading: true) -  '

Chrome Headless 146.0.0.0 (Mac OS 10.15.7) DEBUG: '2026-04-05 04:47:44.097699 sap.ui.core.theming.ThemeHelper: sap-ui-theme-sap.ui.export: false (noLinkElement: false, sheet: false, innerHtml: false, linkElementFinishedLoading: false) -  '

Chrome Headless 146.0.0.0 (Mac OS 10.15.7) DEBUG: '2026-04-05 04:47:44.097699 ThemeManager: Theme not yet applied. -  '

Chrome Headless 146.0.0.0 (Mac OS 10.15.7) DEBUG: '2026-04-05 04:47:44.102199 sap.ui.core.theming.ThemeHelper: sap-ui-theme-sap.ui.core: true (noLinkElement: false, sheet: true, innerHtml: false, linkElementFinishedLoading: true) -  '

Chrome Headless 146.0.0.0 (Mac OS 10.15.7) DEBUG: '2026-04-05 04:47:44.102300 sap.ui.core.theming.ThemeHelper: sap-ui-theme-sap.m: true (noLinkElement: false, sheet: true, innerHtml: false, linkElementFinishedLoading: true) -  '

Chrome Headless 146.0.0.0 (Mac OS 10.15.7) DEBUG: '2026-04-05 04:47:44.102300 sap.ui.core.theming.ThemeHelper: sap-ui-theme-sap.ui.unified: true (noLinkElement: false, sheet: true, innerHtml: false, linkElementFinishedLoading: true) -  '

Chrome Headless 146.0.0.0 (Mac OS 10.15.7) DEBUG: '2026-04-05 04:47:44.102400 sap.ui.core.theming.ThemeHelper: sap-ui-theme-miyasuta.ui5uploadcontrols: true (noLinkElement: false, sheet: true, innerHtml: false, linkElementFinishedLoading: true) -  '

Chrome Headless 146.0.0.0 (Mac OS 10.15.7) DEBUG: '2026-04-05 04:47:44.102400 sap.ui.core.theming.ThemeHelper: sap-ui-theme-sap.ui.export: false (noLinkElement: false, sheet: false, innerHtml: false, linkElementFinishedLoading: false) -  '

Chrome Headless 146.0.0.0 (Mac OS 10.15.7) DEBUG: '2026-04-05 04:47:44.102400 ThemeManager: Theme not yet applied. -  '

Chrome Headless 146.0.0.0 (Mac OS 10.15.7) DEBUG: '2026-04-05 04:47:44.106900 sap.ui.core.theming.ThemeHelper: sap-ui-theme-sap.ui.core: true (noLinkElement: false, sheet: true, innerHtml: false, linkElementFinishedLoading: true) -  '

Chrome Headless 146.0.0.0 (Mac OS 10.15.7) DEBUG: '2026-04-05 04:47:44.106900 sap.ui.core.theming.ThemeHelper: sap-ui-theme-sap.m: true (noLinkElement: false, sheet: true, innerHtml: false, linkElementFinishedLoading: true) -  '

Chrome Headless 146.0.0.0 (Mac OS 10.15.7) DEBUG: '2026-04-05 04:47:44.106900 sap.ui.core.theming.ThemeHelper: sap-ui-theme-sap.ui.unified: true (noLinkElement: false, sheet: true, innerHtml: false, linkElementFinishedLoading: true) -  '

Chrome Headless 146.0.0.0 (Mac OS 10.15.7) DEBUG: '2026-04-05 04:47:44.106900 sap.ui.core.theming.ThemeHelper: sap-ui-theme-miyasuta.ui5uploadcontrols: true (noLinkElement: false, sheet: true, innerHtml: false, linkElementFinishedLoading: true) -  '

Chrome Headless 146.0.0.0 (Mac OS 10.15.7) DEBUG: '2026-04-05 04:47:44.106900 sap.ui.core.theming.ThemeHelper: sap-ui-theme-sap.ui.export: false (noLinkElement: false, sheet: false, innerHtml: false, linkElementFinishedLoading: false) -  '

Chrome Headless 146.0.0.0 (Mac OS 10.15.7) DEBUG: '2026-04-05 04:47:44.106900 ThemeManager: Theme not yet applied. -  '

Chrome Headless 146.0.0.0 (Mac OS 10.15.7) DEBUG: '2026-04-05 04:47:44.111500 sap.ui.core.theming.ThemeHelper: sap-ui-theme-sap.ui.core: true (noLinkElement: false, sheet: true, innerHtml: false, linkElementFinishedLoading: true) -  '

Chrome Headless 146.0.0.0 (Mac OS 10.15.7) DEBUG: '2026-04-05 04:47:44.111600 sap.ui.core.theming.ThemeHelper: sap-ui-theme-sap.m: true (noLinkElement: false, sheet: true, innerHtml: false, linkElementFinishedLoading: true) -  '

Chrome Headless 146.0.0.0 (Mac OS 10.15.7) DEBUG: '2026-04-05 04:47:44.111600 sap.ui.core.theming.ThemeHelper: sap-ui-theme-sap.ui.unified: true (noLinkElement: false, sheet: true, innerHtml: false, linkElementFinishedLoading: true) -  '

Chrome Headless 146.0.0.0 (Mac OS 10.15.7) DEBUG: '2026-04-05 04:47:44.111600 sap.ui.core.theming.ThemeHelper: sap-ui-theme-miyasuta.ui5uploadcontrols: true (noLinkElement: false, sheet: true, innerHtml: false, linkElementFinishedLoading: true) -  '

Chrome Headless 146.0.0.0 (Mac OS 10.15.7) DEBUG: '2026-04-05 04:47:44.111600 sap.ui.core.theming.ThemeHelper: sap-ui-theme-sap.ui.export: false (noLinkElement: false, sheet: false, innerHtml: false, linkElementFinishedLoading: false) -  '

Chrome Headless 146.0.0.0 (Mac OS 10.15.7) DEBUG: '2026-04-05 04:47:44.111900 ThemeManager: Theme not yet applied. -  '

Chrome Headless 146.0.0.0 (Mac OS 10.15.7) DEBUG: '2026-04-05 04:47:44.116400 sap.ui.core.theming.ThemeHelper: sap-ui-theme-sap.ui.core: true (noLinkElement: false, sheet: true, innerHtml: false, linkElementFinishedLoading: true) -  '

Chrome Headless 146.0.0.0 (Mac OS 10.15.7) DEBUG: '2026-04-05 04:47:44.116500 sap.ui.core.theming.ThemeHelper: sap-ui-theme-sap.m: true (noLinkElement: false, sheet: true, innerHtml: false, linkElementFinishedLoading: true) -  '

Chrome Headless 146.0.0.0 (Mac OS 10.15.7) DEBUG: '2026-04-05 04:47:44.116500 sap.ui.core.theming.ThemeHelper: sap-ui-theme-sap.ui.unified: true (noLinkElement: false, sheet: true, innerHtml: false, linkElementFinishedLoading: true) -  '

Chrome Headless 146.0.0.0 (Mac OS 10.15.7) DEBUG: '2026-04-05 04:47:44.116500 sap.ui.core.theming.ThemeHelper: sap-ui-theme-miyasuta.ui5uploadcontrols: true (noLinkElement: false, sheet: true, innerHtml: false, linkElementFinishedLoading: true) -  '

Chrome Headless 146.0.0.0 (Mac OS 10.15.7) DEBUG: '2026-04-05 04:47:44.116900 sap.ui.core.theming.ThemeHelper: sap-ui-theme-sap.ui.export: false (noLinkElement: false, sheet: false, innerHtml: false, linkElementFinishedLoading: false) -  '

Chrome Headless 146.0.0.0 (Mac OS 10.15.7) DEBUG: '2026-04-05 04:47:44.116900 ThemeManager: Theme not yet applied. -  '

Chrome Headless 146.0.0.0 (Mac OS 10.15.7) DEBUG: '2026-04-05 04:47:44.121500 sap.ui.core.theming.ThemeHelper: sap-ui-theme-sap.ui.core: true (noLinkElement: false, sheet: true, innerHtml: false, linkElementFinishedLoading: true) -  '

Chrome Headless 146.0.0.0 (Mac OS 10.15.7) DEBUG: '2026-04-05 04:47:44.121500 sap.ui.core.theming.ThemeHelper: sap-ui-theme-sap.m: true (noLinkElement: false, sheet: true, innerHtml: false, linkElementFinishedLoading: true) -  '

Chrome Headless 146.0.0.0 (Mac OS 10.15.7) DEBUG: '2026-04-05 04:47:44.121500 sap.ui.core.theming.ThemeHelper: sap-ui-theme-sap.ui.unified: true (noLinkElement: false, sheet: true, innerHtml: false, linkElementFinishedLoading: true) -  '

Chrome Headless 146.0.0.0 (Mac OS 10.15.7) DEBUG: '2026-04-05 04:47:44.121500 sap.ui.core.theming.ThemeHelper: sap-ui-theme-miyasuta.ui5uploadcontrols: true (noLinkElement: false, sheet: true, innerHtml: false, linkElementFinishedLoading: true) -  '

Chrome Headless 146.0.0.0 (Mac OS 10.15.7) DEBUG: '2026-04-05 04:47:44.121600 sap.ui.core.theming.ThemeHelper: sap-ui-theme-sap.ui.export: false (noLinkElement: false, sheet: false, innerHtml: false, linkElementFinishedLoading: false) -  '

Chrome Headless 146.0.0.0 (Mac OS 10.15.7) DEBUG: '2026-04-05 04:47:44.121600 ThemeManager: Theme not yet applied. -  '

Chrome Headless 146.0.0.0 (Mac OS 10.15.7) DEBUG: '2026-04-05 04:47:44.126100 sap.ui.core.theming.ThemeHelper: sap-ui-theme-sap.ui.core: true (noLinkElement: false, sheet: true, innerHtml: false, linkElementFinishedLoading: true) -  '

Chrome Headless 146.0.0.0 (Mac OS 10.15.7) DEBUG: '2026-04-05 04:47:44.126199 sap.ui.core.theming.ThemeHelper: sap-ui-theme-sap.m: true (noLinkElement: false, sheet: true, innerHtml: false, linkElementFinishedLoading: true) -  '

Chrome Headless 146.0.0.0 (Mac OS 10.15.7) DEBUG: '2026-04-05 04:47:44.126199 sap.ui.core.theming.ThemeHelper: sap-ui-theme-sap.ui.unified: true (noLinkElement: false, sheet: true, innerHtml: false, linkElementFinishedLoading: true) -  '

Chrome Headless 146.0.0.0 (Mac OS 10.15.7) DEBUG: '2026-04-05 04:47:44.126199 sap.ui.core.theming.ThemeHelper: sap-ui-theme-miyasuta.ui5uploadcontrols: true (noLinkElement: false, sheet: true, innerHtml: false, linkElementFinishedLoading: true) -  '

Chrome Headless 146.0.0.0 (Mac OS 10.15.7) DEBUG: '2026-04-05 04:47:44.126199 sap.ui.core.theming.ThemeHelper: sap-ui-theme-sap.ui.export: false (noLinkElement: false, sheet: false, innerHtml: false, linkElementFinishedLoading: false) -  '

Chrome Headless 146.0.0.0 (Mac OS 10.15.7) DEBUG: '2026-04-05 04:47:44.126199 ThemeManager: Theme not yet applied. -  '

Chrome Headless 146.0.0.0 (Mac OS 10.15.7) DEBUG: '2026-04-05 04:47:44.130800 sap.ui.core.theming.ThemeHelper: sap-ui-theme-sap.ui.core: true (noLinkElement: false, sheet: true, innerHtml: false, linkElementFinishedLoading: true) -  '

Chrome Headless 146.0.0.0 (Mac OS 10.15.7) DEBUG: '2026-04-05 04:47:44.130900 sap.ui.core.theming.ThemeHelper: sap-ui-theme-sap.m: true (noLinkElement: false, sheet: true, innerHtml: false, linkElementFinishedLoading: true) -  '

Chrome Headless 146.0.0.0 (Mac OS 10.15.7) DEBUG: '2026-04-05 04:47:44.130900 sap.ui.core.theming.ThemeHelper: sap-ui-theme-sap.ui.unified: true (noLinkElement: false, sheet: true, innerHtml: false, linkElementFinishedLoading: true) -  '

Chrome Headless 146.0.0.0 (Mac OS 10.15.7) DEBUG: '2026-04-05 04:47:44.130900 sap.ui.core.theming.ThemeHelper: sap-ui-theme-miyasuta.ui5uploadcontrols: true (noLinkElement: false, sheet: true, innerHtml: false, linkElementFinishedLoading: true) -  '

Chrome Headless 146.0.0.0 (Mac OS 10.15.7) DEBUG: '2026-04-05 04:47:44.130900 sap.ui.core.theming.ThemeHelper: sap-ui-theme-sap.ui.export: false (noLinkElement: false, sheet: false, innerHtml: false, linkElementFinishedLoading: false) -  '

Chrome Headless 146.0.0.0 (Mac OS 10.15.7) DEBUG: '2026-04-05 04:47:44.130900 ThemeManager: Theme not yet applied. -  '

Chrome Headless 146.0.0.0 (Mac OS 10.15.7) DEBUG: '2026-04-05 04:47:44.135500 sap.ui.core.theming.ThemeHelper: sap-ui-theme-sap.ui.core: true (noLinkElement: false, sheet: true, innerHtml: false, linkElementFinishedLoading: true) -  '

Chrome Headless 146.0.0.0 (Mac OS 10.15.7) DEBUG: '2026-04-05 04:47:44.135600 sap.ui.core.theming.ThemeHelper: sap-ui-theme-sap.m: true (noLinkElement: false, sheet: true, innerHtml: false, linkElementFinishedLoading: true) -  '

Chrome Headless 146.0.0.0 (Mac OS 10.15.7) DEBUG: '2026-04-05 04:47:44.135600 sap.ui.core.theming.ThemeHelper: sap-ui-theme-sap.ui.unified: true (noLinkElement: false, sheet: true, innerHtml: false, linkElementFinishedLoading: true) -  '

Chrome Headless 146.0.0.0 (Mac OS 10.15.7) DEBUG: '2026-04-05 04:47:44.135600 sap.ui.core.theming.ThemeHelper: sap-ui-theme-miyasuta.ui5uploadcontrols: true (noLinkElement: false, sheet: true, innerHtml: false, linkElementFinishedLoading: true) -  '

Chrome Headless 146.0.0.0 (Mac OS 10.15.7) DEBUG: '2026-04-05 04:47:44.135600 sap.ui.core.theming.ThemeHelper: sap-ui-theme-sap.ui.export: false (noLinkElement: false, sheet: false, innerHtml: false, linkElementFinishedLoading: false) -  '

Chrome Headless 146.0.0.0 (Mac OS 10.15.7) DEBUG: '2026-04-05 04:47:44.135600 ThemeManager: Theme not yet applied. -  '

Chrome Headless 146.0.0.0 (Mac OS 10.15.7) DEBUG: '2026-04-05 04:47:44.140199 sap.ui.core.theming.ThemeHelper: sap-ui-theme-sap.ui.core: true (noLinkElement: false, sheet: true, innerHtml: false, linkElementFinishedLoading: true) -  '

Chrome Headless 146.0.0.0 (Mac OS 10.15.7) DEBUG: '2026-04-05 04:47:44.140199 sap.ui.core.theming.ThemeHelper: sap-ui-theme-sap.m: true (noLinkElement: false, sheet: true, innerHtml: false, linkElementFinishedLoading: true) -  '

Chrome Headless 146.0.0.0 (Mac OS 10.15.7) DEBUG: '2026-04-05 04:47:44.140300 sap.ui.core.theming.ThemeHelper: sap-ui-theme-sap.ui.unified: true (noLinkElement: false, sheet: true, innerHtml: false, linkElementFinishedLoading: true) -  '

Chrome Headless 146.0.0.0 (Mac OS 10.15.7) DEBUG: '2026-04-05 04:47:44.140300 sap.ui.core.theming.ThemeHelper: sap-ui-theme-miyasuta.ui5uploadcontrols: true (noLinkElement: false, sheet: true, innerHtml: false, linkElementFinishedLoading: true) -  '

Chrome Headless 146.0.0.0 (Mac OS 10.15.7) DEBUG: '2026-04-05 04:47:44.140300 sap.ui.core.theming.ThemeHelper: sap-ui-theme-sap.ui.export: false (noLinkElement: false, sheet: false, innerHtml: false, linkElementFinishedLoading: false) -  '

Chrome Headless 146.0.0.0 (Mac OS 10.15.7) DEBUG: '2026-04-05 04:47:44.140300 ThemeManager: Theme not yet applied. -  '

Chrome Headless 146.0.0.0 (Mac OS 10.15.7) DEBUG: '2026-04-05 04:47:44.144699 sap.ui.core.theming.ThemeHelper: sap-ui-theme-sap.ui.core: true (noLinkElement: false, sheet: true, innerHtml: false, linkElementFinishedLoading: true) -  '

Chrome Headless 146.0.0.0 (Mac OS 10.15.7) DEBUG: '2026-04-05 04:47:44.144800 sap.ui.core.theming.ThemeHelper: sap-ui-theme-sap.m: true (noLinkElement: false, sheet: true, innerHtml: false, linkElementFinishedLoading: true) -  '

Chrome Headless 146.0.0.0 (Mac OS 10.15.7) DEBUG: '2026-04-05 04:47:44.144800 sap.ui.core.theming.ThemeHelper: sap-ui-theme-sap.ui.unified: true (noLinkElement: false, sheet: true, innerHtml: false, linkElementFinishedLoading: true) -  '

Chrome Headless 146.0.0.0 (Mac OS 10.15.7) DEBUG: '2026-04-05 04:47:44.144800 sap.ui.core.theming.ThemeHelper: sap-ui-theme-miyasuta.ui5uploadcontrols: true (noLinkElement: false, sheet: true, innerHtml: false, linkElementFinishedLoading: true) -  '

Chrome Headless 146.0.0.0 (Mac OS 10.15.7) DEBUG: '2026-04-05 04:47:44.144800 sap.ui.core.theming.ThemeHelper: sap-ui-theme-sap.ui.export: false (noLinkElement: false, sheet: false, innerHtml: false, linkElementFinishedLoading: false) -  '

Chrome Headless 146.0.0.0 (Mac OS 10.15.7) DEBUG: '2026-04-05 04:47:44.144800 ThemeManager: Theme not yet applied. -  '

Chrome Headless 146.0.0.0 (Mac OS 10.15.7) DEBUG: '2026-04-05 04:47:44.149400 sap.ui.core.theming.ThemeHelper: sap-ui-theme-sap.ui.core: true (noLinkElement: false, sheet: true, innerHtml: false, linkElementFinishedLoading: true) -  '

Chrome Headless 146.0.0.0 (Mac OS 10.15.7) DEBUG: '2026-04-05 04:47:44.149400 sap.ui.core.theming.ThemeHelper: sap-ui-theme-sap.m: true (noLinkElement: false, sheet: true, innerHtml: false, linkElementFinishedLoading: true) -  '

Chrome Headless 146.0.0.0 (Mac OS 10.15.7) DEBUG: '2026-04-05 04:47:44.149400 sap.ui.core.theming.ThemeHelper: sap-ui-theme-sap.ui.unified: true (noLinkElement: false, sheet: true, innerHtml: false, linkElementFinishedLoading: true) -  '

Chrome Headless 146.0.0.0 (Mac OS 10.15.7) DEBUG: '2026-04-05 04:47:44.149400 sap.ui.core.theming.ThemeHelper: sap-ui-theme-miyasuta.ui5uploadcontrols: true (noLinkElement: false, sheet: true, innerHtml: false, linkElementFinishedLoading: true) -  '

Chrome Headless 146.0.0.0 (Mac OS 10.15.7) DEBUG: '2026-04-05 04:47:44.149400 sap.ui.core.theming.ThemeHelper: sap-ui-theme-sap.ui.export: false (noLinkElement: false, sheet: false, innerHtml: false, linkElementFinishedLoading: false) -  '

Chrome Headless 146.0.0.0 (Mac OS 10.15.7) DEBUG: '2026-04-05 04:47:44.149400 ThemeManager: Theme not yet applied. -  '

Chrome Headless 146.0.0.0 (Mac OS 10.15.7) DEBUG: '2026-04-05 04:47:44.154000 sap.ui.core.theming.ThemeHelper: sap-ui-theme-sap.ui.core: true (noLinkElement: false, sheet: true, innerHtml: false, linkElementFinishedLoading: true) -  '

Chrome Headless 146.0.0.0 (Mac OS 10.15.7) DEBUG: '2026-04-05 04:47:44.154000 sap.ui.core.theming.ThemeHelper: sap-ui-theme-sap.m: true (noLinkElement: false, sheet: true, innerHtml: false, linkElementFinishedLoading: true) -  '

Chrome Headless 146.0.0.0 (Mac OS 10.15.7) DEBUG: '2026-04-05 04:47:44.154000 sap.ui.core.theming.ThemeHelper: sap-ui-theme-sap.ui.unified: true (noLinkElement: false, sheet: true, innerHtml: false, linkElementFinishedLoading: true) -  '

Chrome Headless 146.0.0.0 (Mac OS 10.15.7) DEBUG: '2026-04-05 04:47:44.154000 sap.ui.core.theming.ThemeHelper: sap-ui-theme-miyasuta.ui5uploadcontrols: true (noLinkElement: false, sheet: true, innerHtml: false, linkElementFinishedLoading: true) -  '

Chrome Headless 146.0.0.0 (Mac OS 10.15.7) DEBUG: '2026-04-05 04:47:44.154000 sap.ui.core.theming.ThemeHelper: sap-ui-theme-sap.ui.export: false (noLinkElement: false, sheet: false, innerHtml: false, linkElementFinishedLoading: false) -  '

Chrome Headless 146.0.0.0 (Mac OS 10.15.7) DEBUG: '2026-04-05 04:47:44.154000 ThemeManager: Theme not yet applied. -  '

Chrome Headless 146.0.0.0 (Mac OS 10.15.7) DEBUG: '2026-04-05 04:47:44.158100 sap.ui.core.theming.ThemeHelper: sap-ui-theme-sap.ui.core: true (noLinkElement: false, sheet: true, innerHtml: false, linkElementFinishedLoading: true) -  '

Chrome Headless 146.0.0.0 (Mac OS 10.15.7) DEBUG: '2026-04-05 04:47:44.158100 sap.ui.core.theming.ThemeHelper: sap-ui-theme-sap.m: true (noLinkElement: false, sheet: true, innerHtml: false, linkElementFinishedLoading: true) -  '

Chrome Headless 146.0.0.0 (Mac OS 10.15.7) DEBUG: '2026-04-05 04:47:44.158100 sap.ui.core.theming.ThemeHelper: sap-ui-theme-sap.ui.unified: true (noLinkElement: false, sheet: true, innerHtml: false, linkElementFinishedLoading: true) -  '

Chrome Headless 146.0.0.0 (Mac OS 10.15.7) DEBUG: '2026-04-05 04:47:44.158100 sap.ui.core.theming.ThemeHelper: sap-ui-theme-miyasuta.ui5uploadcontrols: true (noLinkElement: false, sheet: true, innerHtml: false, linkElementFinishedLoading: true) -  '

Chrome Headless 146.0.0.0 (Mac OS 10.15.7) DEBUG: '2026-04-05 04:47:44.158199 sap.ui.core.theming.ThemeHelper: sap-ui-theme-sap.ui.export: true (noLinkElement: false, sheet: true, innerHtml: false, linkElementFinishedLoading: true) -  '

Chrome Headless 146.0.0.0 (Mac OS 10.15.7) INFO: '2026-04-05 04:47:44.167400 It's not needed to call IconPool.insertFontFaceStyle to insert font-face for the predefined icon font SAP-icons because the font-face is included in the library.css of sap.ui.core -  '

Chrome Headless 146.0.0.0 (Mac OS 10.15.7) DEBUG: '2026-04-05 04:47:44.175000 Class sap.m.ValueStateHeader registered for library sap.m -  '

Chrome Headless 146.0.0.0 (Mac OS 10.15.7) DEBUG: '2026-04-05 04:47:44.176100 Class sap.ui.core.CommandExecution registered for library sap.ui.core -  '

Chrome Headless 146.0.0.0 (Mac OS 10.15.7) DEBUG: '2026-04-05 04:47:44.198199 Class sap.m.TablePopin registered for library sap.m -  '

Chrome Headless 146.0.0.0 (Mac OS 10.15.7) DEBUG: '2026-04-05 04:47:44.206699 Class sap.m.SplitButton registered for library sap.m -  '

Chrome Headless 146.0.0.0 (Mac OS 10.15.7) DEBUG: '2026-04-05 04:47:44.207199 Class sap.m._overflowToolbarHelpers.OverflowToolbarAssociativePopover registered for library sap.m -  '

Chrome Headless 146.0.0.0 (Mac OS 10.15.7) DEBUG: '2026-04-05 04:47:44.207300 Class sap.m.AssociativeOverflowToolbar registered for library sap.m -  '

Chrome Headless 146.0.0.0 (Mac OS 10.15.7) DEBUG: '2026-04-05 04:47:44.209300 sap.ui.core.theming.ThemeHelper: sap-ui-theme-sap.ui.core: true (noLinkElement: false, sheet: true, innerHtml: false, linkElementFinishedLoading: true) -  '

Chrome Headless 146.0.0.0 (Mac OS 10.15.7) DEBUG: '2026-04-05 04:47:44.213100 sap.ui.core.theming.ThemeHelper: sap-ui-theme-sap.m: true (noLinkElement: false, sheet: true, innerHtml: false, linkElementFinishedLoading: true) -  '

Chrome Headless 146.0.0.0 (Mac OS 10.15.7) DEBUG: '2026-04-05 04:47:44.213500 sap.ui.core.theming.ThemeHelper: sap-ui-theme-sap.ui.unified: true (noLinkElement: false, sheet: true, innerHtml: false, linkElementFinishedLoading: true) -  '

Chrome Headless 146.0.0.0 (Mac OS 10.15.7) DEBUG: '2026-04-05 04:47:44.213699 sap.ui.core.theming.ThemeHelper: sap-ui-theme-miyasuta.ui5uploadcontrols: true (noLinkElement: false, sheet: true, innerHtml: false, linkElementFinishedLoading: true) -  '

Chrome Headless 146.0.0.0 (Mac OS 10.15.7) DEBUG: '2026-04-05 04:47:44.213699 sap.ui.core.theming.ThemeHelper: sap-ui-theme-sap.ui.export: true (noLinkElement: false, sheet: true, innerHtml: false, linkElementFinishedLoading: true) -  '

Chrome Headless 146.0.0.0 (Mac OS 10.15.7) INFO: '2026-04-05 04:47:44.214699 It's not needed to call IconPool.insertFontFaceStyle to insert font-face for the predefined icon font SAP-icons because the font-face is included in the library.css of sap.ui.core -  '


[1A[2KChrome Headless 146.0.0.0 (Mac OS 10.15.7): Executed 0 of 34 SUCCESS (0 secs / 0 secs)
[1A[2KWARN: '2026-04-05 04:47:44.259400 JQMIGRATE: jQuery.fn.removeAttr no longer sets boolean properties: disabled - jQueryThreeDeprecation '
Chrome Headless 146.0.0.0 (Mac OS 10.15.7): Executed 0 of 34 SUCCESS (0 secs / 0 secs)
[1A[2KChrome Headless 146.0.0.0 (Mac OS 10.15.7): Executed 1 of 34 SUCCESS (0 secs / 0.023 secs)
[1A[2KWARN: '2026-04-05 04:47:44.262100 JQMIGRATE: jQuery.fn.removeAttr no longer sets boolean properties: disabled - jQueryThreeDeprecation '
Chrome Headless 146.0.0.0 (Mac OS 10.15.7): Executed 1 of 34 SUCCESS (0 secs / 0.023 secs)
[1A[2KChrome Headless 146.0.0.0 (Mac OS 10.15.7): Executed 2 of 34 SUCCESS (0 secs / 0.024 secs)
[1A[2KWARN: '2026-04-05 04:47:44.263000 JQMIGRATE: jQuery.fn.removeAttr no longer sets boolean properties: disabled - jQueryThreeDeprecation '
Chrome Headless 146.0.0.0 (Mac OS 10.15.7): Executed 2 of 34 SUCCESS (0 secs / 0.024 secs)
[1A[2KChrome Headless 146.0.0.0 (Mac OS 10.15.7): Executed 3 of 34 SUCCESS (0 secs / 0.025 secs)
[1A[2KWARN: '2026-04-05 04:47:44.263699 JQMIGRATE: jQuery.fn.removeAttr no longer sets boolean properties: disabled - jQueryThreeDeprecation '
Chrome Headless 146.0.0.0 (Mac OS 10.15.7): Executed 3 of 34 SUCCESS (0 secs / 0.025 secs)
[1A[2KChrome Headless 146.0.0.0 (Mac OS 10.15.7): Executed 4 of 34 SUCCESS (0 secs / 0.026 secs)
[1A[2KWARN: '2026-04-05 04:47:44.264400 JQMIGRATE: jQuery.fn.removeAttr no longer sets boolean properties: disabled - jQueryThreeDeprecation '
Chrome Headless 146.0.0.0 (Mac OS 10.15.7): Executed 4 of 34 SUCCESS (0 secs / 0.026 secs)
[1A[2KWARN: '2026-04-05 04:47:44.269000 Some of the Control's properties are missing. Can't build Symbol ID. No SVG will be displayed. -  '
Chrome Headless 146.0.0.0 (Mac OS 10.15.7): Executed 4 of 34 SUCCESS (0 secs / 0.026 secs)
[1A[2KChrome Headless 146.0.0.0 (Mac OS 10.15.7): Executed 5 of 34 SUCCESS (0 secs / 0.035 secs)
[1A[2KWARN: '2026-04-05 04:47:44.274199 JQMIGRATE: jQuery.fn.removeAttr no longer sets boolean properties: disabled - jQueryThreeDeprecation '
Chrome Headless 146.0.0.0 (Mac OS 10.15.7): Executed 5 of 34 SUCCESS (0 secs / 0.035 secs)
[1A[2KWARN: '2026-04-05 04:47:44.275000 Illustration Set is currently being loaded. -  '
Chrome Headless 146.0.0.0 (Mac OS 10.15.7): Executed 5 of 34 SUCCESS (0 secs / 0.035 secs)
[1A[2KWARN: '2026-04-05 04:47:44.275100 Some of the Control's properties are missing. Can't build Symbol ID. No SVG will be displayed. -  '
Chrome Headless 146.0.0.0 (Mac OS 10.15.7): Executed 5 of 34 SUCCESS (0 secs / 0.035 secs)
[1A[2KINFO: '2026-04-05 04:47:44.276400 The asset with ID 'sapIllus-Spot-DragFilesToUpload' is either loaded or being loaded. -  '
Chrome Headless 146.0.0.0 (Mac OS 10.15.7): Executed 5 of 34 SUCCESS (0 secs / 0.035 secs)
[1A[2KChrome Headless 146.0.0.0 (Mac OS 10.15.7): Executed 6 of 34 SUCCESS (0 secs / 0.038 secs)
[1A[2KWARN: '2026-04-05 04:47:44.277500 JQMIGRATE: jQuery.fn.removeAttr no longer sets boolean properties: disabled - jQueryThreeDeprecation '
Chrome Headless 146.0.0.0 (Mac OS 10.15.7): Executed 6 of 34 SUCCESS (0 secs / 0.038 secs)
[1A[2KERROR: 'MultiFileUpload: no binding context found'
Chrome Headless 146.0.0.0 (Mac OS 10.15.7): Executed 6 of 34 SUCCESS (0 secs / 0.038 secs)
[1A[2KINFO: '2026-04-05 04:47:44.286400 Metadata for illustration set (sapIllus) successfully loaded -  '
Chrome Headless 146.0.0.0 (Mac OS 10.15.7): Executed 6 of 34 SUCCESS (0 secs / 0.038 secs)
[1A[2KINFO: '2026-04-05 04:47:44.286500 The asset with ID 'sapIllus-Spot-DragFilesToUpload' is either loaded or being loaded. -  '
Chrome Headless 146.0.0.0 (Mac OS 10.15.7): Executed 6 of 34 SUCCESS (0 secs / 0.038 secs)
[1A[2KINFO: '2026-04-05 04:47:44.286500 The asset with ID 'sapIllus-Spot-DragFilesToUpload' is either loaded or being loaded. -  '
Chrome Headless 146.0.0.0 (Mac OS 10.15.7): Executed 6 of 34 SUCCESS (0 secs / 0.038 secs)
[1A[2KChrome Headless 146.0.0.0 (Mac OS 10.15.7): Executed 7 of 34 SUCCESS (0 secs / 0.054 secs)
[1A[2KWARN: '2026-04-05 04:47:44.293600 JQMIGRATE: jQuery.fn.removeAttr no longer sets boolean properties: disabled - jQueryThreeDeprecation '
Chrome Headless 146.0.0.0 (Mac OS 10.15.7): Executed 7 of 34 SUCCESS (0 secs / 0.054 secs)
[1A[2KINFO: 'MultiFileUpload: upload completed', 'report.pdf'
Chrome Headless 146.0.0.0 (Mac OS 10.15.7): Executed 7 of 34 SUCCESS (0 secs / 0.054 secs)
[1A[2KChrome Headless 146.0.0.0 (Mac OS 10.15.7): Executed 8 of 34 SUCCESS (0 secs / 0.071 secs)
[1A[2KWARN: '2026-04-05 04:47:44.310600 JQMIGRATE: jQuery.fn.removeAttr no longer sets boolean properties: disabled - jQueryThreeDeprecation '
Chrome Headless 146.0.0.0 (Mac OS 10.15.7): Executed 8 of 34 SUCCESS (0 secs / 0.071 secs)
[1A[2KINFO: 'MultiFileUpload: upload completed', 'report.pdf'
Chrome Headless 146.0.0.0 (Mac OS 10.15.7): Executed 8 of 34 SUCCESS (0 secs / 0.071 secs)
[1A[2KChrome Headless 146.0.0.0 (Mac OS 10.15.7): Executed 9 of 34 SUCCESS (0 secs / 0.087 secs)
[1A[2KWARN: '2026-04-05 04:47:44.326100 JQMIGRATE: jQuery.fn.removeAttr no longer sets boolean properties: disabled - jQueryThreeDeprecation '
Chrome Headless 146.0.0.0 (Mac OS 10.15.7): Executed 9 of 34 SUCCESS (0 secs / 0.087 secs)
[1A[2KWARN: '2026-04-05 04:47:44.326600 JQMIGRATE: jQuery.fn.removeAttr no longer sets boolean properties: disabled - jQueryThreeDeprecation '
Chrome Headless 146.0.0.0 (Mac OS 10.15.7): Executed 9 of 34 SUCCESS (0 secs / 0.087 secs)
[1A[2KINFO: 'MultiFileUpload: upload completed', 'file.txt'
Chrome Headless 146.0.0.0 (Mac OS 10.15.7): Executed 9 of 34 SUCCESS (0 secs / 0.087 secs)
[1A[2KChrome Headless 146.0.0.0 (Mac OS 10.15.7): Executed 10 of 34 SUCCESS (0 secs / 0.103 secs)
[1A[2KWARN: '2026-04-05 04:47:44.342400 JQMIGRATE: jQuery.fn.removeAttr no longer sets boolean properties: disabled - jQueryThreeDeprecation '
Chrome Headless 146.0.0.0 (Mac OS 10.15.7): Executed 10 of 34 SUCCESS (0 secs / 0.103 secs)
[1A[2KChrome Headless 146.0.0.0 (Mac OS 10.15.7): Executed 11 of 34 SUCCESS (0 secs / 0.119 secs)
[1A[2KWARN: '2026-04-05 04:47:44.358300 JQMIGRATE: jQuery.fn.removeAttr no longer sets boolean properties: disabled - jQueryThreeDeprecation '
Chrome Headless 146.0.0.0 (Mac OS 10.15.7): Executed 11 of 34 SUCCESS (0 secs / 0.119 secs)
[1A[2KWARN: '2026-04-05 04:47:44.358699 JQMIGRATE: jQuery.fn.removeAttr no longer sets boolean properties: disabled - jQueryThreeDeprecation '
Chrome Headless 146.0.0.0 (Mac OS 10.15.7): Executed 11 of 34 SUCCESS (0 secs / 0.119 secs)
[1A[2KINFO: 'MultiFileUpload: upload completed', 'file.txt'
Chrome Headless 146.0.0.0 (Mac OS 10.15.7): Executed 11 of 34 SUCCESS (0 secs / 0.119 secs)
[1A[2KChrome Headless 146.0.0.0 (Mac OS 10.15.7): Executed 12 of 34 SUCCESS (0 secs / 0.134 secs)
[1A[2KWARN: '2026-04-05 04:47:44.373300 JQMIGRATE: jQuery.fn.removeAttr no longer sets boolean properties: disabled - jQueryThreeDeprecation '
Chrome Headless 146.0.0.0 (Mac OS 10.15.7): Executed 12 of 34 SUCCESS (0 secs / 0.134 secs)
[1A[2KINFO: 'MultiFileUpload: delete completed'
Chrome Headless 146.0.0.0 (Mac OS 10.15.7): Executed 12 of 34 SUCCESS (0 secs / 0.134 secs)
[1A[2KChrome Headless 146.0.0.0 (Mac OS 10.15.7): Executed 13 of 34 SUCCESS (0 secs / 0.149 secs)
[1A[2KWARN: '2026-04-05 04:47:44.388699 JQMIGRATE: jQuery.fn.removeAttr no longer sets boolean properties: disabled - jQueryThreeDeprecation '
Chrome Headless 146.0.0.0 (Mac OS 10.15.7): Executed 13 of 34 SUCCESS (0 secs / 0.149 secs)
[1A[2KWARN: '2026-04-05 04:47:44.389000 JQMIGRATE: jQuery.fn.removeAttr no longer sets boolean properties: disabled - jQueryThreeDeprecation '
Chrome Headless 146.0.0.0 (Mac OS 10.15.7): Executed 13 of 34 SUCCESS (0 secs / 0.149 secs)
[1A[2KINFO: 'MultiFileUpload: delete completed'
Chrome Headless 146.0.0.0 (Mac OS 10.15.7): Executed 13 of 34 SUCCESS (0 secs / 0.149 secs)
[1A[2KChrome Headless 146.0.0.0 (Mac OS 10.15.7): Executed 14 of 34 SUCCESS (0 secs / 0.165 secs)
[1A[2KWARN: '2026-04-05 04:47:44.405100 JQMIGRATE: jQuery.fn.removeAttr no longer sets boolean properties: disabled - jQueryThreeDeprecation '
Chrome Headless 146.0.0.0 (Mac OS 10.15.7): Executed 14 of 34 SUCCESS (0 secs / 0.165 secs)
[1A[2KChrome Headless 146.0.0.0 (Mac OS 10.15.7): Executed 15 of 34 SUCCESS (0 secs / 0.18 secs)
[1A[2KWARN: '2026-04-05 04:47:44.420600 JQMIGRATE: jQuery.fn.removeAttr no longer sets boolean properties: disabled - jQueryThreeDeprecation '
Chrome Headless 146.0.0.0 (Mac OS 10.15.7): Executed 15 of 34 SUCCESS (0 secs / 0.18 secs)
[1A[2KChrome Headless 146.0.0.0 (Mac OS 10.15.7): Executed 16 of 34 SUCCESS (0 secs / 0.18 secs)
[1A[2KWARN: '2026-04-05 04:47:44.421300 JQMIGRATE: jQuery.fn.removeAttr no longer sets boolean properties: disabled - jQueryThreeDeprecation '
Chrome Headless 146.0.0.0 (Mac OS 10.15.7): Executed 16 of 34 SUCCESS (0 secs / 0.18 secs)
[1A[2KChrome Headless 146.0.0.0 (Mac OS 10.15.7): Executed 17 of 34 SUCCESS (0 secs / 0.181 secs)
[1A[2KWARN: '2026-04-05 04:47:44.421800 JQMIGRATE: jQuery.fn.removeAttr no longer sets boolean properties: disabled - jQueryThreeDeprecation '
Chrome Headless 146.0.0.0 (Mac OS 10.15.7): Executed 17 of 34 SUCCESS (0 secs / 0.181 secs)
[1A[2KChrome Headless 146.0.0.0 (Mac OS 10.15.7): Executed 18 of 34 SUCCESS (0 secs / 0.182 secs)
[1A[2KWARN: '2026-04-05 04:47:44.422400 JQMIGRATE: jQuery.fn.removeAttr no longer sets boolean properties: disabled - jQueryThreeDeprecation '
Chrome Headless 146.0.0.0 (Mac OS 10.15.7): Executed 18 of 34 SUCCESS (0 secs / 0.182 secs)
[1A[2KChrome Headless 146.0.0.0 (Mac OS 10.15.7): Executed 19 of 34 SUCCESS (0 secs / 0.182 secs)
[1A[2KWARN: '2026-04-05 04:47:44.422900 JQMIGRATE: jQuery.fn.removeAttr no longer sets boolean properties: disabled - jQueryThreeDeprecation '
Chrome Headless 146.0.0.0 (Mac OS 10.15.7): Executed 19 of 34 SUCCESS (0 secs / 0.182 secs)
[1A[2KChrome Headless 146.0.0.0 (Mac OS 10.15.7): Executed 20 of 34 SUCCESS (0 secs / 0.183 secs)
[1A[2KWARN: '2026-04-05 04:47:44.423400 JQMIGRATE: jQuery.fn.removeAttr no longer sets boolean properties: disabled - jQueryThreeDeprecation '
Chrome Headless 146.0.0.0 (Mac OS 10.15.7): Executed 20 of 34 SUCCESS (0 secs / 0.183 secs)
[1A[2KChrome Headless 146.0.0.0 (Mac OS 10.15.7): Executed 21 of 34 SUCCESS (0 secs / 0.183 secs)
[1A[2KWARN: '2026-04-05 04:47:44.423800 JQMIGRATE: jQuery.fn.removeAttr no longer sets boolean properties: disabled - jQueryThreeDeprecation '
Chrome Headless 146.0.0.0 (Mac OS 10.15.7): Executed 21 of 34 SUCCESS (0 secs / 0.183 secs)
[1A[2KChrome Headless 146.0.0.0 (Mac OS 10.15.7): Executed 22 of 34 SUCCESS (0 secs / 0.184 secs)
[1A[2KWARN: '2026-04-05 04:47:44.424600 JQMIGRATE: jQuery.fn.removeAttr no longer sets boolean properties: disabled - jQueryThreeDeprecation '
Chrome Headless 146.0.0.0 (Mac OS 10.15.7): Executed 22 of 34 SUCCESS (0 secs / 0.184 secs)
[1A[2KWARN: '2026-04-05 04:47:44.424699 JQMIGRATE: jQuery.fn.removeAttr no longer sets boolean properties: disabled - jQueryThreeDeprecation '
Chrome Headless 146.0.0.0 (Mac OS 10.15.7): Executed 22 of 34 SUCCESS (0 secs / 0.184 secs)
[1A[2KChrome Headless 146.0.0.0 (Mac OS 10.15.7): Executed 23 of 34 SUCCESS (0 secs / 0.184 secs)
[1A[2KWARN: '2026-04-05 04:47:44.425199 JQMIGRATE: jQuery.fn.removeAttr no longer sets boolean properties: disabled - jQueryThreeDeprecation '
Chrome Headless 146.0.0.0 (Mac OS 10.15.7): Executed 23 of 34 SUCCESS (0 secs / 0.184 secs)
[1A[2KChrome Headless 146.0.0.0 (Mac OS 10.15.7): Executed 24 of 34 SUCCESS (0 secs / 0.185 secs)
[1A[2KWARN: '2026-04-05 04:47:44.426100 JQMIGRATE: jQuery.fn.removeAttr no longer sets boolean properties: disabled - jQueryThreeDeprecation '
Chrome Headless 146.0.0.0 (Mac OS 10.15.7): Executed 24 of 34 SUCCESS (0 secs / 0.185 secs)
[1A[2KChrome Headless 146.0.0.0 (Mac OS 10.15.7): Executed 25 of 34 SUCCESS (0 secs / 0.186 secs)
[1A[2KWARN: '2026-04-05 04:47:44.426699 JQMIGRATE: jQuery.fn.removeAttr no longer sets boolean properties: disabled - jQueryThreeDeprecation '
Chrome Headless 146.0.0.0 (Mac OS 10.15.7): Executed 25 of 34 SUCCESS (0 secs / 0.186 secs)
[1A[2KChrome Headless 146.0.0.0 (Mac OS 10.15.7): Executed 26 of 34 SUCCESS (0 secs / 0.186 secs)
[1A[2KWARN: '2026-04-05 04:47:44.427199 JQMIGRATE: jQuery.fn.removeAttr no longer sets boolean properties: disabled - jQueryThreeDeprecation '
Chrome Headless 146.0.0.0 (Mac OS 10.15.7): Executed 26 of 34 SUCCESS (0 secs / 0.186 secs)
[1A[2KChrome Headless 146.0.0.0 (Mac OS 10.15.7): Executed 27 of 34 SUCCESS (0 secs / 0.187 secs)
[1A[2KWARN: '2026-04-05 04:47:44.427699 JQMIGRATE: jQuery.fn.removeAttr no longer sets boolean properties: disabled - jQueryThreeDeprecation '
Chrome Headless 146.0.0.0 (Mac OS 10.15.7): Executed 27 of 34 SUCCESS (0 secs / 0.187 secs)
[1A[2KERROR: 'MultiFileUpload: upload failed', Error: Network error
Error: Network error
    at Object.<anonymous> (http://localhost:9876/base/test-resources/miyasuta/ui5uploadcontrols/qunit/MultiFileUpload.qunit.js:840:28)
    at runTest (http://localhost:9876/base/resources/sap/ui/thirdparty/qunit-2.js:1462:30)
    at Test.run (http://localhost:9876/base/resources/sap/ui/thirdparty/qunit-2.js:1448:6)
    at http://localhost:9876/base/resources/sap/ui/thirdparty/qunit-2.js:1640:12
    at Object.advance (http://localhost:9876/base/resources/sap/ui/thirdparty/qunit-2.js:1125:26)
    at begin (http://localhost:9876/base/resources/sap/ui/thirdparty/qunit-2.js:2816:20)
    at http://localhost:9876/base/resources/sap/ui/thirdparty/qunit-2.js:2010:6
Chrome Headless 146.0.0.0 (Mac OS 10.15.7): Executed 27 of 34 SUCCESS (0 secs / 0.187 secs)
[1A[2KChrome Headless 146.0.0.0 (Mac OS 10.15.7): Executed 28 of 34 SUCCESS (0 secs / 0.203 secs)
[1A[2KWARN: '2026-04-05 04:47:44.443800 JQMIGRATE: jQuery.fn.removeAttr no longer sets boolean properties: disabled - jQueryThreeDeprecation '
Chrome Headless 146.0.0.0 (Mac OS 10.15.7): Executed 28 of 34 SUCCESS (0 secs / 0.203 secs)
[1A[2KERROR: 'MultiFileUpload: delete failed', Error: Network error
Error: Network error
    at Object.<anonymous> (http://localhost:9876/base/test-resources/miyasuta/ui5uploadcontrols/qunit/MultiFileUpload.qunit.js:884:28)
    at runTest (http://localhost:9876/base/resources/sap/ui/thirdparty/qunit-2.js:1462:30)
    at Test.run (http://localhost:9876/base/resources/sap/ui/thirdparty/qunit-2.js:1448:6)
    at http://localhost:9876/base/resources/sap/ui/thirdparty/qunit-2.js:1640:12
    at Object.advance (http://localhost:9876/base/resources/sap/ui/thirdparty/qunit-2.js:1125:26)
    at begin (http://localhost:9876/base/resources/sap/ui/thirdparty/qunit-2.js:2816:20)
    at http://localhost:9876/base/resources/sap/ui/thirdparty/qunit-2.js:2010:6
Chrome Headless 146.0.0.0 (Mac OS 10.15.7): Executed 28 of 34 SUCCESS (0 secs / 0.203 secs)
[1A[2KChrome Headless 146.0.0.0 (Mac OS 10.15.7): Executed 29 of 34 SUCCESS (0 secs / 0.218 secs)
[1A[2KWARN: '2026-04-05 04:47:44.459300 JQMIGRATE: jQuery.fn.removeAttr no longer sets boolean properties: disabled - jQueryThreeDeprecation '
Chrome Headless 146.0.0.0 (Mac OS 10.15.7): Executed 29 of 34 SUCCESS (0 secs / 0.218 secs)
[1A[2KChrome Headless 146.0.0.0 (Mac OS 10.15.7): Executed 30 of 34 SUCCESS (0 secs / 0.219 secs)
[1A[2KWARN: '2026-04-05 04:47:44.460199 JQMIGRATE: jQuery.fn.removeAttr no longer sets boolean properties: disabled - jQueryThreeDeprecation '
Chrome Headless 146.0.0.0 (Mac OS 10.15.7): Executed 30 of 34 SUCCESS (0 secs / 0.219 secs)
[1A[2KChrome Headless 146.0.0.0 (Mac OS 10.15.7): Executed 31 of 34 SUCCESS (0 secs / 0.22 secs)
[1A[2KWARN: '2026-04-05 04:47:44.460800 JQMIGRATE: jQuery.fn.removeAttr no longer sets boolean properties: disabled - jQueryThreeDeprecation '
Chrome Headless 146.0.0.0 (Mac OS 10.15.7): Executed 31 of 34 SUCCESS (0 secs / 0.22 secs)
[1A[2KChrome Headless 146.0.0.0 (Mac OS 10.15.7): Executed 32 of 34 SUCCESS (0 secs / 0.221 secs)
[1A[2KWARN: '2026-04-05 04:47:44.461600 JQMIGRATE: jQuery.fn.removeAttr no longer sets boolean properties: disabled - jQueryThreeDeprecation '
Chrome Headless 146.0.0.0 (Mac OS 10.15.7): Executed 32 of 34 SUCCESS (0 secs / 0.221 secs)
[1A[2KChrome Headless 146.0.0.0 (Mac OS 10.15.7): Executed 33 of 34 SUCCESS (0 secs / 0.221 secs)
[1A[2KWARN: '2026-04-05 04:47:44.462100 JQMIGRATE: jQuery.fn.removeAttr no longer sets boolean properties: disabled - jQueryThreeDeprecation '
Chrome Headless 146.0.0.0 (Mac OS 10.15.7): Executed 33 of 34 SUCCESS (0 secs / 0.221 secs)
[1A[2KChrome Headless 146.0.0.0 (Mac OS 10.15.7): Executed 34 of 34 SUCCESS (0 secs / 0.222 secs)
[1A[2KINFO: '2026-04-05 04:47:44 [Test.qunit.html] Device API logging initialized - DEVICE'
Chrome Headless 146.0.0.0 (Mac OS 10.15.7): Executed 34 of 34 SUCCESS (0 secs / 0.222 secs)
[1A[2KINFO: '2026-04-05 04:47:44.568600 Changing log level to DEBUG -  sap.base.log'
Chrome Headless 146.0.0.0 (Mac OS 10.15.7): Executed 34 of 34 SUCCESS (0 secs / 0.222 secs)
[1A[2KINFO: '2026-04-05 04:47:44.568699 Creating Core -  sap.ui.core.Core'
Chrome Headless 146.0.0.0 (Mac OS 10.15.7): Executed 34 of 34 SUCCESS (0 secs / 0.222 secs)
[1A[2KERROR: '2026-04-05 04:47:44.568800 Configuration option 'sapUiNoConflict' was frozen and cannot be changed to true! -  sap.ui.ModuleSystem'
Chrome Headless 146.0.0.0 (Mac OS 10.15.7): Executed 34 of 34 SUCCESS (0 secs / 0.222 secs)
[1A[2KINFO: '2026-04-05 04:47:44.568899 Declared theme sap_fiori_3 -  sap.ui.core.Core'
Chrome Headless 146.0.0.0 (Mac OS 10.15.7): Executed 34 of 34 SUCCESS (0 secs / 0.222 secs)
[1A[2KINFO: '2026-04-05 04:47:44.568899 Declared modules:  - sap.ui.core.Core '
Chrome Headless 146.0.0.0 (Mac OS 10.15.7): Executed 34 of 34 SUCCESS (0 secs / 0.222 secs)
[1A[2KINFO: '2026-04-05 04:47:44.568899 Declared libraries: sap.ui.core,miyasuta.ui5uploadcontrols - sap.ui.core.Core '
Chrome Headless 146.0.0.0 (Mac OS 10.15.7): Executed 34 of 34 SUCCESS (0 secs / 0.222 secs)
[1A[2KINFO: '2026-04-05 04:47:44.569100 Content direction set to 'ltr' -  sap/ui/core/util/_LocalizationHelper'
Chrome Headless 146.0.0.0 (Mac OS 10.15.7): Executed 34 of 34 SUCCESS (0 secs / 0.222 secs)
[1A[2KDEBUG: '2026-04-05 04:47:44.569100 Browser-Id: cr146 -  sap.ui.core.Core'
Chrome Headless 146.0.0.0 (Mac OS 10.15.7): Executed 34 of 34 SUCCESS (0 secs / 0.222 secs)
[1A[2KINFO: '2026-04-05 04:47:44.569100 Sync point 'UI5 Document Ready' created -  '
Chrome Headless 146.0.0.0 (Mac OS 10.15.7): Executed 34 of 34 SUCCESS (0 secs / 0.222 secs)
[1A[2KINFO: '2026-04-05 04:47:44.569199 Sync point 'UI5 Core Preloads and Bootstrap Script' created -  '
Chrome Headless 146.0.0.0 (Mac OS 10.15.7): Executed 34 of 34 SUCCESS (0 secs / 0.222 secs)
[1A[2KINFO: '2026-04-05 04:47:44.569199 Sync point 'UI5 Core Preloads and Bootstrap Script' finished (tasks:2, open:0, failures:0) -  '
Chrome Headless 146.0.0.0 (Mac OS 10.15.7): Executed 34 of 34 SUCCESS (0 secs / 0.222 secs)
[1A[2KDEBUG: '2026-04-05 04:47:44.571800 Analyzing Library miyasuta.ui5uploadcontrols -  sap/ui/core/Lib.init'
Chrome Headless 146.0.0.0 (Mac OS 10.15.7): Executed 34 of 34 SUCCESS (0 secs / 0.222 secs)
[1A[2KDEBUG: '2026-04-05 04:47:44.571899 resolve Dependencies to sap.ui.core -  sap/ui/core/Lib.init'
Chrome Headless 146.0.0.0 (Mac OS 10.15.7): Executed 34 of 34 SUCCESS (0 secs / 0.222 secs)
[1A[2KWARN: '2026-04-05 04:47:44.571899 Dependency from miyasuta.ui5uploadcontrols to sap.ui.core has not been resolved by library itself -  sap/ui/core/Lib.init'
Chrome Headless 146.0.0.0 (Mac OS 10.15.7): Executed 34 of 34 SUCCESS (0 secs / 0.222 secs)
[1A[2KWARN: '2026-04-05 04:47:44.571899 Sync request triggered for 'sap/ui/core/library.js' while async request was already pending. Loading a module twice might cause issues and should be avoided by fully migrating to async APIs. -  sap.ui.ModuleSystem'
Chrome Headless 146.0.0.0 (Mac OS 10.15.7): Executed 34 of 34 SUCCESS (0 secs / 0.222 secs)
[1A[2KWARN: '2026-04-05 04:47:44.573399 Sync request triggered for 'sap/ui/core/CalendarType.js' while async request was already pending. Loading a module twice might cause issues and should be avoided by fully migrating to async APIs. -  sap.ui.ModuleSystem'
Chrome Headless 146.0.0.0 (Mac OS 10.15.7): Executed 34 of 34 SUCCESS (0 secs / 0.222 secs)
[1A[2KWARN: '2026-04-05 04:47:44.574000 Sync request triggered for 'sap/ui/core/date/CalendarWeekNumbering.js' while async request was already pending. Loading a module twice might cause issues and should be avoided by fully migrating to async APIs. -  sap.ui.ModuleSystem'
Chrome Headless 146.0.0.0 (Mac OS 10.15.7): Executed 34 of 34 SUCCESS (0 secs / 0.222 secs)
[1A[2KDEBUG: '2026-04-05 04:47:44.574600 Analyzing Library sap.ui.core -  sap/ui/core/Lib.init'
Chrome Headless 146.0.0.0 (Mac OS 10.15.7): Executed 34 of 34 SUCCESS (0 secs / 0.222 secs)
[1A[2KDEBUG: '2026-04-05 04:47:44.575000 resolve Dependencies to sap.m -  sap/ui/core/Lib.init'
Chrome Headless 146.0.0.0 (Mac OS 10.15.7): Executed 34 of 34 SUCCESS (0 secs / 0.222 secs)
[1A[2KWARN: '2026-04-05 04:47:44.575100 Dependency from miyasuta.ui5uploadcontrols to sap.m has not been resolved by library itself -  sap/ui/core/Lib.init'
Chrome Headless 146.0.0.0 (Mac OS 10.15.7): Executed 34 of 34 SUCCESS (0 secs / 0.222 secs)
[1A[2KWARN: '2026-04-05 04:47:44.585699 Sync request triggered for 'sap/ui/core/theming/ThemeManager.js' while async request was already pending. Loading a module twice might cause issues and should be avoided by fully migrating to async APIs. -  sap.ui.ModuleSystem'
Chrome Headless 146.0.0.0 (Mac OS 10.15.7): Executed 34 of 34 SUCCESS (0 secs / 0.222 secs)
[1A[2KINFO: '2026-04-05 04:47:44.586300 Declared theme sap_fiori_3 -  '
Chrome Headless 146.0.0.0 (Mac OS 10.15.7): Executed 34 of 34 SUCCESS (0 secs / 0.222 secs)
[1A[2KDEBUG: '2026-04-05 04:47:44.587000 Analyzing Library sap.m -  sap/ui/core/Lib.init'
Chrome Headless 146.0.0.0 (Mac OS 10.15.7): Executed 34 of 34 SUCCESS (0 secs / 0.222 secs)
[1A[2KDEBUG: '2026-04-05 04:47:44.587000 resolve Dependencies to sap.ui.core -  sap/ui/core/Lib.init'
Chrome Headless 146.0.0.0 (Mac OS 10.15.7): Executed 34 of 34 SUCCESS (0 secs / 0.222 secs)
[1A[2KDEBUG: '2026-04-05 04:47:44.587600 resolve Dependencies to sap.ui.unified -  sap/ui/core/Lib.init'
Chrome Headless 146.0.0.0 (Mac OS 10.15.7): Executed 34 of 34 SUCCESS (0 secs / 0.222 secs)
[1A[2KWARN: '2026-04-05 04:47:44.587600 Dependency from miyasuta.ui5uploadcontrols to sap.ui.unified has not been resolved by library itself -  sap/ui/core/Lib.init'
Chrome Headless 146.0.0.0 (Mac OS 10.15.7): Executed 34 of 34 SUCCESS (0 secs / 0.222 secs)
[1A[2KDEBUG: '2026-04-05 04:47:44.589199 Analyzing Library sap.ui.unified -  sap/ui/core/Lib.init'
Chrome Headless 146.0.0.0 (Mac OS 10.15.7): Executed 34 of 34 SUCCESS (0 secs / 0.222 secs)
[1A[2KDEBUG: '2026-04-05 04:47:44.589199 resolve Dependencies to sap.ui.core -  sap/ui/core/Lib.init'
Chrome Headless 146.0.0.0 (Mac OS 10.15.7): Executed 34 of 34 SUCCESS (0 secs / 0.222 secs)
[1A[2KWARN: '2026-04-05 04:47:44.589399 Repeated module execution skipped after async/sync conflict for sap/ui/core/library.js -  sap.ui.ModuleSystem'
Chrome Headless 146.0.0.0 (Mac OS 10.15.7): Executed 34 of 34 SUCCESS (0 secs / 0.222 secs)
[1A[2KINFO: '2026-04-05 04:47:44.589399 Including http://localhost:9876/base/resources/sap/ui/core/themes/sap_fiori_3/library.css?version=1.136.0 -  sap.ui.core.theming.ThemeManager.includeLibraryTheme() -  '
Chrome Headless 146.0.0.0 (Mac OS 10.15.7): Executed 34 of 34 SUCCESS (0 secs / 0.222 secs)
[1A[2KDEBUG: '2026-04-05 04:47:44.589500 sap.ui.core.theming.ThemeHelper: sap-ui-theme-sap.ui.core: false (noLinkElement: false, sheet: false, innerHtml: false, linkElementFinishedLoading: false) -  '
Chrome Headless 146.0.0.0 (Mac OS 10.15.7): Executed 34 of 34 SUCCESS (0 secs / 0.222 secs)
[1A[2KDEBUG: '2026-04-05 04:47:44.589500 ThemeManager: Theme not yet applied. -  '
Chrome Headless 146.0.0.0 (Mac OS 10.15.7): Executed 34 of 34 SUCCESS (0 secs / 0.222 secs)
[1A[2KINFO: '2026-04-05 04:47:44.589500 Including http://localhost:9876/base/resources/sap/m/themes/sap_fiori_3/library.css?version=1.136.0 -  sap.ui.core.theming.ThemeManager.includeLibraryTheme() -  '
Chrome Headless 146.0.0.0 (Mac OS 10.15.7): Executed 34 of 34 SUCCESS (0 secs / 0.222 secs)
[1A[2KDEBUG: '2026-04-05 04:47:44.589500 sap.ui.core.theming.ThemeHelper: sap-ui-theme-sap.ui.core: false (noLinkElement: false, sheet: false, innerHtml: false, linkElementFinishedLoading: false) -  '
Chrome Headless 146.0.0.0 (Mac OS 10.15.7): Executed 34 of 34 SUCCESS (0 secs / 0.222 secs)
[1A[2KDEBUG: '2026-04-05 04:47:44.589500 sap.ui.core.theming.ThemeHelper: sap-ui-theme-sap.m: false (noLinkElement: false, sheet: false, innerHtml: false, linkElementFinishedLoading: false) -  '
Chrome Headless 146.0.0.0 (Mac OS 10.15.7): Executed 34 of 34 SUCCESS (0 secs / 0.222 secs)
[1A[2KDEBUG: '2026-04-05 04:47:44.589600 ThemeManager: Theme not yet applied. -  '
Chrome Headless 146.0.0.0 (Mac OS 10.15.7): Executed 34 of 34 SUCCESS (0 secs / 0.222 secs)
[1A[2KINFO: '2026-04-05 04:47:44.589600 Including http://localhost:9876/base/resources/sap/ui/unified/themes/sap_fiori_3/library.css?version=1.136.0 -  sap.ui.core.theming.ThemeManager.includeLibraryTheme() -  '
Chrome Headless 146.0.0.0 (Mac OS 10.15.7): Executed 34 of 34 SUCCESS (0 secs / 0.222 secs)
[1A[2KDEBUG: '2026-04-05 04:47:44.589699 sap.ui.core.theming.ThemeHelper: sap-ui-theme-sap.ui.core: false (noLinkElement: false, sheet: false, innerHtml: false, linkElementFinishedLoading: false) -  '
Chrome Headless 146.0.0.0 (Mac OS 10.15.7): Executed 34 of 34 SUCCESS (0 secs / 0.222 secs)
[1A[2KDEBUG: '2026-04-05 04:47:44.589699 sap.ui.core.theming.ThemeHelper: sap-ui-theme-sap.m: false (noLinkElement: false, sheet: false, innerHtml: false, linkElementFinishedLoading: false) -  '
Chrome Headless 146.0.0.0 (Mac OS 10.15.7): Executed 34 of 34 SUCCESS (0 secs / 0.222 secs)
[1A[2KDEBUG: '2026-04-05 04:47:44.589699 sap.ui.core.theming.ThemeHelper: sap-ui-theme-sap.ui.unified: false (noLinkElement: false, sheet: false, innerHtml: false, linkElementFinishedLoading: false) -  '
Chrome Headless 146.0.0.0 (Mac OS 10.15.7): Executed 34 of 34 SUCCESS (0 secs / 0.222 secs)
[1A[2KDEBUG: '2026-04-05 04:47:44.589699 ThemeManager: Theme not yet applied. -  '
Chrome Headless 146.0.0.0 (Mac OS 10.15.7): Executed 34 of 34 SUCCESS (0 secs / 0.222 secs)
[1A[2KINFO: '2026-04-05 04:47:44.589699 Including http://localhost:9876/base/resources/miyasuta/ui5uploadcontrols/themes/sap_fiori_3/library.css?version=${version} -  sap.ui.core.theming.ThemeManager.includeLibraryTheme() -  '
Chrome Headless 146.0.0.0 (Mac OS 10.15.7): Executed 34 of 34 SUCCESS (0 secs / 0.222 secs)
[1A[2KDEBUG: '2026-04-05 04:47:44.589699 sap.ui.core.theming.ThemeHelper: sap-ui-theme-sap.ui.core: false (noLinkElement: false, sheet: false, innerHtml: false, linkElementFinishedLoading: false) -  '
Chrome Headless 146.0.0.0 (Mac OS 10.15.7): Executed 34 of 34 SUCCESS (0 secs / 0.222 secs)
[1A[2KDEBUG: '2026-04-05 04:47:44.589699 sap.ui.core.theming.ThemeHelper: sap-ui-theme-sap.m: false (noLinkElement: false, sheet: false, innerHtml: false, linkElementFinishedLoading: false) -  '
Chrome Headless 146.0.0.0 (Mac OS 10.15.7): Executed 34 of 34 SUCCESS (0 secs / 0.222 secs)
[1A[2KDEBUG: '2026-04-05 04:47:44.589699 sap.ui.core.theming.ThemeHelper: sap-ui-theme-sap.ui.unified: false (noLinkElement: false, sheet: false, innerHtml: false, linkElementFinishedLoading: false) -  '
Chrome Headless 146.0.0.0 (Mac OS 10.15.7): Executed 34 of 34 SUCCESS (0 secs / 0.222 secs)
[1A[2KDEBUG: '2026-04-05 04:47:44.589699 sap.ui.core.theming.ThemeHelper: sap-ui-theme-miyasuta.ui5uploadcontrols: false (noLinkElement: false, sheet: false, innerHtml: false, linkElementFinishedLoading: false) -  '
Chrome Headless 146.0.0.0 (Mac OS 10.15.7): Executed 34 of 34 SUCCESS (0 secs / 0.222 secs)
[1A[2KDEBUG: '2026-04-05 04:47:44.589699 ThemeManager: Theme not yet applied. -  '
Chrome Headless 146.0.0.0 (Mac OS 10.15.7): Executed 34 of 34 SUCCESS (0 secs / 0.222 secs)
[1A[2KWARN: '2026-04-05 04:47:44.590399 Repeated module execution skipped after async/sync conflict for sap/ui/core/CalendarType.js -  sap.ui.ModuleSystem'
Chrome Headless 146.0.0.0 (Mac OS 10.15.7): Executed 34 of 34 SUCCESS (0 secs / 0.222 secs)
[1A[2KWARN: '2026-04-05 04:47:44.590399 Repeated module execution skipped after async/sync conflict for sap/ui/core/date/CalendarWeekNumbering.js -  sap.ui.ModuleSystem'
Chrome Headless 146.0.0.0 (Mac OS 10.15.7): Executed 34 of 34 SUCCESS (0 secs / 0.222 secs)
[1A[2KWARN: '2026-04-05 04:47:44.590500 Repeated module execution skipped after async/sync conflict for sap/ui/core/theming/ThemeManager.js -  sap.ui.ModuleSystem'
Chrome Headless 146.0.0.0 (Mac OS 10.15.7): Executed 34 of 34 SUCCESS (0 secs / 0.222 secs)
[1A[2KDEBUG: '2026-04-05 04:47:44.592699 sap.ui.core.theming.ThemeHelper: sap-ui-theme-sap.ui.core: false (noLinkElement: false, sheet: false, innerHtml: false, linkElementFinishedLoading: false) -  '
Chrome Headless 146.0.0.0 (Mac OS 10.15.7): Executed 34 of 34 SUCCESS (0 secs / 0.222 secs)
[1A[2KDEBUG: '2026-04-05 04:47:44.592800 sap.ui.core.theming.ThemeHelper: sap-ui-theme-sap.m: false (noLinkElement: false, sheet: false, innerHtml: false, linkElementFinishedLoading: false) -  '
Chrome Headless 146.0.0.0 (Mac OS 10.15.7): Executed 34 of 34 SUCCESS (0 secs / 0.222 secs)
[1A[2KDEBUG: '2026-04-05 04:47:44.592800 sap.ui.core.theming.ThemeHelper: sap-ui-theme-sap.ui.unified: false (noLinkElement: false, sheet: false, innerHtml: false, linkElementFinishedLoading: false) -  '
Chrome Headless 146.0.0.0 (Mac OS 10.15.7): Executed 34 of 34 SUCCESS (0 secs / 0.222 secs)
[1A[2KDEBUG: '2026-04-05 04:47:44.592800 sap.ui.core.theming.ThemeHelper: sap-ui-theme-miyasuta.ui5uploadcontrols: false (noLinkElement: false, sheet: false, innerHtml: false, linkElementFinishedLoading: false) -  '
Chrome Headless 146.0.0.0 (Mac OS 10.15.7): Executed 34 of 34 SUCCESS (0 secs / 0.222 secs)
[1A[2KDEBUG: '2026-04-05 04:47:44.592800 ThemeManager: Theme not yet applied. -  '
Chrome Headless 146.0.0.0 (Mac OS 10.15.7): Executed 34 of 34 SUCCESS (0 secs / 0.222 secs)
[1A[2KDEBUG: '2026-04-05 04:47:44.594800 sap.ui.core.theming.ThemeHelper: sap-ui-theme-sap.ui.core: false (noLinkElement: false, sheet: false, innerHtml: false, linkElementFinishedLoading: false) -  '
Chrome Headless 146.0.0.0 (Mac OS 10.15.7): Executed 34 of 34 SUCCESS (0 secs / 0.222 secs)
[1A[2KDEBUG: '2026-04-05 04:47:44.594800 sap.ui.core.theming.ThemeHelper: sap-ui-theme-sap.m: false (noLinkElement: false, sheet: false, innerHtml: false, linkElementFinishedLoading: false) -  '
Chrome Headless 146.0.0.0 (Mac OS 10.15.7): Executed 34 of 34 SUCCESS (0 secs / 0.222 secs)
[1A[2KDEBUG: '2026-04-05 04:47:44.594800 sap.ui.core.theming.ThemeHelper: sap-ui-theme-sap.ui.unified: false (noLinkElement: false, sheet: false, innerHtml: false, linkElementFinishedLoading: false) -  '
Chrome Headless 146.0.0.0 (Mac OS 10.15.7): Executed 34 of 34 SUCCESS (0 secs / 0.222 secs)
[1A[2KDEBUG: '2026-04-05 04:47:44.594800 sap.ui.core.theming.ThemeHelper: sap-ui-theme-miyasuta.ui5uploadcontrols: true (noLinkElement: false, sheet: true, innerHtml: false, linkElementFinishedLoading: true) -  '
Chrome Headless 146.0.0.0 (Mac OS 10.15.7): Executed 34 of 34 SUCCESS (0 secs / 0.222 secs)
[1A[2KDEBUG: '2026-04-05 04:47:44.594800 ThemeManager: Theme not yet applied. -  '
Chrome Headless 146.0.0.0 (Mac OS 10.15.7): Executed 34 of 34 SUCCESS (0 secs / 0.222 secs)
[1A[2KDEBUG: '2026-04-05 04:47:44.597600 sap.ui.core.theming.ThemeHelper: sap-ui-theme-sap.ui.core: true (noLinkElement: false, sheet: true, innerHtml: false, linkElementFinishedLoading: true) -  '
Chrome Headless 146.0.0.0 (Mac OS 10.15.7): Executed 34 of 34 SUCCESS (0 secs / 0.222 secs)
[1A[2KDEBUG: '2026-04-05 04:47:44.597699 sap.ui.core.theming.ThemeHelper: sap-ui-theme-sap.m: false (noLinkElement: false, sheet: false, innerHtml: false, linkElementFinishedLoading: false) -  '
Chrome Headless 146.0.0.0 (Mac OS 10.15.7): Executed 34 of 34 SUCCESS (0 secs / 0.222 secs)
[1A[2KDEBUG: '2026-04-05 04:47:44.597699 sap.ui.core.theming.ThemeHelper: sap-ui-theme-sap.ui.unified: false (noLinkElement: false, sheet: false, innerHtml: false, linkElementFinishedLoading: false) -  '
Chrome Headless 146.0.0.0 (Mac OS 10.15.7): Executed 34 of 34 SUCCESS (0 secs / 0.222 secs)
[1A[2KDEBUG: '2026-04-05 04:47:44.597699 sap.ui.core.theming.ThemeHelper: sap-ui-theme-miyasuta.ui5uploadcontrols: true (noLinkElement: false, sheet: true, innerHtml: false, linkElementFinishedLoading: true) -  '
Chrome Headless 146.0.0.0 (Mac OS 10.15.7): Executed 34 of 34 SUCCESS (0 secs / 0.222 secs)
[1A[2KDEBUG: '2026-04-05 04:47:44.597699 ThemeManager: Theme not yet applied. -  '
Chrome Headless 146.0.0.0 (Mac OS 10.15.7): Executed 34 of 34 SUCCESS (0 secs / 0.222 secs)
[1A[2KDEBUG: '2026-04-05 04:47:44.600100 sap.ui.core.theming.ThemeHelper: sap-ui-theme-sap.ui.core: true (noLinkElement: false, sheet: true, innerHtml: false, linkElementFinishedLoading: true) -  '
Chrome Headless 146.0.0.0 (Mac OS 10.15.7): Executed 34 of 34 SUCCESS (0 secs / 0.222 secs)
[1A[2KDEBUG: '2026-04-05 04:47:44.600100 sap.ui.core.theming.ThemeHelper: sap-ui-theme-sap.m: false (noLinkElement: false, sheet: false, innerHtml: false, linkElementFinishedLoading: false) -  '
Chrome Headless 146.0.0.0 (Mac OS 10.15.7): Executed 34 of 34 SUCCESS (0 secs / 0.222 secs)
[1A[2KDEBUG: '2026-04-05 04:47:44.600100 sap.ui.core.theming.ThemeHelper: sap-ui-theme-sap.ui.unified: false (noLinkElement: false, sheet: false, innerHtml: false, linkElementFinishedLoading: false) -  '
Chrome Headless 146.0.0.0 (Mac OS 10.15.7): Executed 34 of 34 SUCCESS (0 secs / 0.222 secs)
[1A[2KDEBUG: '2026-04-05 04:47:44.600100 sap.ui.core.theming.ThemeHelper: sap-ui-theme-miyasuta.ui5uploadcontrols: true (noLinkElement: false, sheet: true, innerHtml: false, linkElementFinishedLoading: true) -  '
Chrome Headless 146.0.0.0 (Mac OS 10.15.7): Executed 34 of 34 SUCCESS (0 secs / 0.222 secs)
[1A[2KDEBUG: '2026-04-05 04:47:44.600100 ThemeManager: Theme not yet applied. -  '
Chrome Headless 146.0.0.0 (Mac OS 10.15.7): Executed 34 of 34 SUCCESS (0 secs / 0.222 secs)
[1A[2KDEBUG: '2026-04-05 04:47:44.602399 sap.ui.core.theming.ThemeHelper: sap-ui-theme-sap.ui.core: true (noLinkElement: false, sheet: true, innerHtml: false, linkElementFinishedLoading: true) -  '
Chrome Headless 146.0.0.0 (Mac OS 10.15.7): Executed 34 of 34 SUCCESS (0 secs / 0.222 secs)
[1A[2KDEBUG: '2026-04-05 04:47:44.602399 sap.ui.core.theming.ThemeHelper: sap-ui-theme-sap.m: false (noLinkElement: false, sheet: false, innerHtml: false, linkElementFinishedLoading: false) -  '
Chrome Headless 146.0.0.0 (Mac OS 10.15.7): Executed 34 of 34 SUCCESS (0 secs / 0.222 secs)
[1A[2KDEBUG: '2026-04-05 04:47:44.602399 sap.ui.core.theming.ThemeHelper: sap-ui-theme-sap.ui.unified: false (noLinkElement: false, sheet: false, innerHtml: false, linkElementFinishedLoading: false) -  '
Chrome Headless 146.0.0.0 (Mac OS 10.15.7): Executed 34 of 34 SUCCESS (0 secs / 0.222 secs)
[1A[2KDEBUG: '2026-04-05 04:47:44.602399 sap.ui.core.theming.ThemeHelper: sap-ui-theme-miyasuta.ui5uploadcontrols: true (noLinkElement: false, sheet: true, innerHtml: false, linkElementFinishedLoading: true) -  '
Chrome Headless 146.0.0.0 (Mac OS 10.15.7): Executed 34 of 34 SUCCESS (0 secs / 0.222 secs)
[1A[2KDEBUG: '2026-04-05 04:47:44.602399 ThemeManager: Theme not yet applied. -  '
Chrome Headless 146.0.0.0 (Mac OS 10.15.7): Executed 34 of 34 SUCCESS (0 secs / 0.222 secs)
[1A[2KDEBUG: '2026-04-05 04:47:44.604800 sap.ui.core.theming.ThemeHelper: sap-ui-theme-sap.ui.core: true (noLinkElement: false, sheet: true, innerHtml: false, linkElementFinishedLoading: true) -  '
Chrome Headless 146.0.0.0 (Mac OS 10.15.7): Executed 34 of 34 SUCCESS (0 secs / 0.222 secs)
[1A[2KDEBUG: '2026-04-05 04:47:44.604800 sap.ui.core.theming.ThemeHelper: sap-ui-theme-sap.m: false (noLinkElement: false, sheet: false, innerHtml: false, linkElementFinishedLoading: false) -  '
Chrome Headless 146.0.0.0 (Mac OS 10.15.7): Executed 34 of 34 SUCCESS (0 secs / 0.222 secs)
[1A[2KDEBUG: '2026-04-05 04:47:44.604800 sap.ui.core.theming.ThemeHelper: sap-ui-theme-sap.ui.unified: false (noLinkElement: false, sheet: false, innerHtml: false, linkElementFinishedLoading: false) -  '
Chrome Headless 146.0.0.0 (Mac OS 10.15.7): Executed 34 of 34 SUCCESS (0 secs / 0.222 secs)
[1A[2KDEBUG: '2026-04-05 04:47:44.604800 sap.ui.core.theming.ThemeHelper: sap-ui-theme-miyasuta.ui5uploadcontrols: true (noLinkElement: false, sheet: true, innerHtml: false, linkElementFinishedLoading: true) -  '
Chrome Headless 146.0.0.0 (Mac OS 10.15.7): Executed 34 of 34 SUCCESS (0 secs / 0.222 secs)
[1A[2KDEBUG: '2026-04-05 04:47:44.604800 ThemeManager: Theme not yet applied. -  '
Chrome Headless 146.0.0.0 (Mac OS 10.15.7): Executed 34 of 34 SUCCESS (0 secs / 0.222 secs)
[1A[2KINFO: '2026-04-05 04:47:44.606399 Sync point 'UI5 Document Ready' finished (tasks:2, open:0, failures:0) -  '
Chrome Headless 146.0.0.0 (Mac OS 10.15.7): Executed 34 of 34 SUCCESS (0 secs / 0.222 secs)
[1A[2KINFO: '2026-04-05 04:47:44.606399 Initializing -  sap.ui.core.Core.init()'
Chrome Headless 146.0.0.0 (Mac OS 10.15.7): Executed 34 of 34 SUCCESS (0 secs / 0.222 secs)
[1A[2KINFO: '2026-04-05 04:47:44.606399 Initialized -  sap.ui.core.Core.init()'
Chrome Headless 146.0.0.0 (Mac OS 10.15.7): Executed 34 of 34 SUCCESS (0 secs / 0.222 secs)
[1A[2KINFO: '2026-04-05 04:47:44.606399 Starting Plugins -  sap.ui.core.Core.init()'
Chrome Headless 146.0.0.0 (Mac OS 10.15.7): Executed 34 of 34 SUCCESS (0 secs / 0.222 secs)
[1A[2KINFO: '2026-04-05 04:47:44.606399 Plugins started -  sap.ui.core.Core.init()'
Chrome Headless 146.0.0.0 (Mac OS 10.15.7): Executed 34 of 34 SUCCESS (0 secs / 0.222 secs)
[1A[2KDEBUG: '2026-04-05 04:47:44.610000 sap.ui.core.theming.ThemeHelper: sap-ui-theme-sap.ui.core: true (noLinkElement: false, sheet: true, innerHtml: false, linkElementFinishedLoading: true) -  '
Chrome Headless 146.0.0.0 (Mac OS 10.15.7): Executed 34 of 34 SUCCESS (0 secs / 0.222 secs)
[1A[2KDEBUG: '2026-04-05 04:47:44.610000 sap.ui.core.theming.ThemeHelper: sap-ui-theme-sap.m: false (noLinkElement: false, sheet: false, innerHtml: false, linkElementFinishedLoading: false) -  '
Chrome Headless 146.0.0.0 (Mac OS 10.15.7): Executed 34 of 34 SUCCESS (0 secs / 0.222 secs)
[1A[2KDEBUG: '2026-04-05 04:47:44.610000 sap.ui.core.theming.ThemeHelper: sap-ui-theme-sap.ui.unified: false (noLinkElement: false, sheet: false, innerHtml: false, linkElementFinishedLoading: false) -  '
Chrome Headless 146.0.0.0 (Mac OS 10.15.7): Executed 34 of 34 SUCCESS (0 secs / 0.222 secs)
[1A[2KDEBUG: '2026-04-05 04:47:44.610000 sap.ui.core.theming.ThemeHelper: sap-ui-theme-miyasuta.ui5uploadcontrols: true (noLinkElement: false, sheet: true, innerHtml: false, linkElementFinishedLoading: true) -  '
Chrome Headless 146.0.0.0 (Mac OS 10.15.7): Executed 34 of 34 SUCCESS (0 secs / 0.222 secs)
[1A[2KDEBUG: '2026-04-05 04:47:44.610100 ThemeManager: Theme not yet applied. -  '
Chrome Headless 146.0.0.0 (Mac OS 10.15.7): Executed 34 of 34 SUCCESS (0 secs / 0.222 secs)
[info] server:custom-middleware:ui5-tooling-transpile-middleware: Transpiling resource /test-resources/miyasuta/ui5uploadcontrols/qunit/SingleFileUpload.qunit.ts
[1A[2KDEBUG: '2026-04-05 04:47:44.614300 sap.ui.core.theming.ThemeHelper: sap-ui-theme-sap.ui.core: true (noLinkElement: false, sheet: true, innerHtml: false, linkElementFinishedLoading: true) -  '
Chrome Headless 146.0.0.0 (Mac OS 10.15.7): Executed 34 of 34 SUCCESS (0 secs / 0.222 secs)
[1A[2KDEBUG: '2026-04-05 04:47:44.614300 sap.ui.core.theming.ThemeHelper: sap-ui-theme-sap.m: true (noLinkElement: false, sheet: true, innerHtml: false, linkElementFinishedLoading: true) -  '
Chrome Headless 146.0.0.0 (Mac OS 10.15.7): Executed 34 of 34 SUCCESS (0 secs / 0.222 secs)
[1A[2KDEBUG: '2026-04-05 04:47:44.614300 sap.ui.core.theming.ThemeHelper: sap-ui-theme-sap.ui.unified: true (noLinkElement: false, sheet: true, innerHtml: false, linkElementFinishedLoading: true) -  '
Chrome Headless 146.0.0.0 (Mac OS 10.15.7): Executed 34 of 34 SUCCESS (0 secs / 0.222 secs)
[1A[2KDEBUG: '2026-04-05 04:47:44.614300 sap.ui.core.theming.ThemeHelper: sap-ui-theme-miyasuta.ui5uploadcontrols: true (noLinkElement: false, sheet: true, innerHtml: false, linkElementFinishedLoading: true) -  '
Chrome Headless 146.0.0.0 (Mac OS 10.15.7): Executed 34 of 34 SUCCESS (0 secs / 0.222 secs)
[info] server:custom-middleware:ui5-tooling-transpile-middleware: Transpiling resource /resources/miyasuta/ui5uploadcontrols/SingleFileUpload.ts
[info] server:custom-middleware:ui5-tooling-transpile-middleware: Transpiling resource /resources/miyasuta/ui5uploadcontrols/SingleFileUploadRenderer.ts
[1A[2KDEBUG: '2026-04-05 04:47:44.702300 Class sap.ui.core.CommandExecution registered for library sap.ui.core -  '
Chrome Headless 146.0.0.0 (Mac OS 10.15.7): Executed 34 of 34 SUCCESS (0 secs / 0.222 secs)
[1A[2KDEBUG: '2026-04-05 04:47:44.707699 Class sap.m.SplitButton registered for library sap.m -  '
Chrome Headless 146.0.0.0 (Mac OS 10.15.7): Executed 34 of 34 SUCCESS (0 secs / 0.222 secs)
[1A[2KDEBUG: '2026-04-05 04:47:44.707899 Class sap.m._overflowToolbarHelpers.OverflowToolbarAssociativePopover registered for library sap.m -  '
Chrome Headless 146.0.0.0 (Mac OS 10.15.7): Executed 34 of 34 SUCCESS (0 secs / 0.222 secs)
[1A[2KDEBUG: '2026-04-05 04:47:44.708000 Class sap.m.AssociativeOverflowToolbar registered for library sap.m -  '
Chrome Headless 146.0.0.0 (Mac OS 10.15.7): Executed 34 of 34 SUCCESS (0 secs / 0.222 secs)
[1A[2KDEBUG: '2026-04-05 04:47:44.724300 lazy stub for constructor 'sap.m.Input' called. -  '
Chrome Headless 146.0.0.0 (Mac OS 10.15.7): Executed 34 of 78 SUCCESS (0 secs / 0.222 secs)
[1A[2KINFO: '2026-04-05 04:47:44.732699 It's not needed to call IconPool.insertFontFaceStyle to insert font-face for the predefined icon font SAP-icons because the font-face is included in the library.css of sap.ui.core -  '
Chrome Headless 146.0.0.0 (Mac OS 10.15.7): Executed 34 of 78 SUCCESS (0 secs / 0.222 secs)
[1A[2KDEBUG: '2026-04-05 04:47:44.756399 Class sap.m.TablePopin registered for library sap.m -  '
Chrome Headless 146.0.0.0 (Mac OS 10.15.7): Executed 34 of 78 SUCCESS (0 secs / 0.222 secs)
[1A[2KDEBUG: '2026-04-05 04:47:44.771699 Class sap.m.Illustration registered for library sap.m -  '
Chrome Headless 146.0.0.0 (Mac OS 10.15.7): Executed 34 of 78 SUCCESS (0 secs / 0.222 secs)
[1A[2KDEBUG: '2026-04-05 04:47:44.774800 sap.ui.core.theming.ThemeHelper: sap-ui-theme-sap.ui.core: true (noLinkElement: false, sheet: true, innerHtml: false, linkElementFinishedLoading: true) -  '
Chrome Headless 146.0.0.0 (Mac OS 10.15.7): Executed 34 of 78 SUCCESS (0 secs / 0.222 secs)
[1A[2KDEBUG: '2026-04-05 04:47:44.778199 sap.ui.core.theming.ThemeHelper: sap-ui-theme-sap.m: true (noLinkElement: false, sheet: true, innerHtml: false, linkElementFinishedLoading: true) -  '
Chrome Headless 146.0.0.0 (Mac OS 10.15.7): Executed 34 of 78 SUCCESS (0 secs / 0.222 secs)
[1A[2KDEBUG: '2026-04-05 04:47:44.778500 sap.ui.core.theming.ThemeHelper: sap-ui-theme-sap.ui.unified: true (noLinkElement: false, sheet: true, innerHtml: false, linkElementFinishedLoading: true) -  '
Chrome Headless 146.0.0.0 (Mac OS 10.15.7): Executed 34 of 78 SUCCESS (0 secs / 0.222 secs)
[1A[2KDEBUG: '2026-04-05 04:47:44.778600 sap.ui.core.theming.ThemeHelper: sap-ui-theme-miyasuta.ui5uploadcontrols: true (noLinkElement: false, sheet: true, innerHtml: false, linkElementFinishedLoading: true) -  '
Chrome Headless 146.0.0.0 (Mac OS 10.15.7): Executed 34 of 78 SUCCESS (0 secs / 0.222 secs)
[1A[2KDEBUG: '2026-04-05 04:47:44.784399 Class sap.m.ValueStateHeader registered for library sap.m -  '
Chrome Headless 146.0.0.0 (Mac OS 10.15.7): Executed 34 of 78 SUCCESS (0 secs / 0.222 secs)
[1A[2KINFO: '2026-04-05 04:47:44.791199 It's not needed to call IconPool.insertFontFaceStyle to insert font-face for the predefined icon font SAP-icons because the font-face is included in the library.css of sap.ui.core -  '
Chrome Headless 146.0.0.0 (Mac OS 10.15.7): Executed 34 of 78 SUCCESS (0 secs / 0.222 secs)
[1A[2KChrome Headless 146.0.0.0 (Mac OS 10.15.7): Executed 35 of 78 SUCCESS (0 secs / 0.296 secs)
[1A[2KChrome Headless 146.0.0.0 (Mac OS 10.15.7): Executed 36 of 78 SUCCESS (0 secs / 0.296 secs)
[1A[2KChrome Headless 146.0.0.0 (Mac OS 10.15.7): Executed 37 of 78 SUCCESS (0 secs / 0.297 secs)
[1A[2KChrome Headless 146.0.0.0 (Mac OS 10.15.7): Executed 38 of 78 SUCCESS (0 secs / 0.297 secs)
[1A[2KWARN: '2026-04-05 04:47:44.800000 JQMIGRATE: jQuery.fn.removeAttr no longer sets boolean properties: disabled - jQueryThreeDeprecation '
Chrome Headless 146.0.0.0 (Mac OS 10.15.7): Executed 38 of 78 SUCCESS (0 secs / 0.297 secs)
[1A[2KWARN: '2026-04-05 04:47:44.800199 Name property is not set. It would be used instead to identify the control on the server. - Element sap.ui.unified.FileUploader#__uploader4 '
Chrome Headless 146.0.0.0 (Mac OS 10.15.7): Executed 38 of 78 SUCCESS (0 secs / 0.297 secs)
[1A[2KChrome Headless 146.0.0.0 (Mac OS 10.15.7): Executed 39 of 78 SUCCESS (0 secs / 0.302 secs)
[1A[2KWARN: '2026-04-05 04:47:44.804500 JQMIGRATE: jQuery.fn.removeAttr no longer sets boolean properties: disabled - jQueryThreeDeprecation '
Chrome Headless 146.0.0.0 (Mac OS 10.15.7): Executed 39 of 78 SUCCESS (0 secs / 0.302 secs)
[1A[2KWARN: '2026-04-05 04:47:44.804500 Name property is not set. It would be used instead to identify the control on the server. - Element sap.ui.unified.FileUploader#__uploader5 '
Chrome Headless 146.0.0.0 (Mac OS 10.15.7): Executed 39 of 78 SUCCESS (0 secs / 0.302 secs)
[1A[2KChrome Headless 146.0.0.0 (Mac OS 10.15.7): Executed 40 of 78 SUCCESS (0 secs / 0.304 secs)
[1A[2KChrome Headless 146.0.0.0 (Mac OS 10.15.7): Executed 41 of 78 SUCCESS (0 secs / 0.319 secs)
[1A[2KERROR: 'SingleFileUpload: no binding context found'
Chrome Headless 146.0.0.0 (Mac OS 10.15.7): Executed 41 of 78 SUCCESS (0 secs / 0.319 secs)
[1A[2KChrome Headless 146.0.0.0 (Mac OS 10.15.7): Executed 42 of 78 SUCCESS (0 secs / 0.334 secs)
[1A[2KINFO: 'SingleFileUpload: upload completed', 'myfile.txt'
Chrome Headless 146.0.0.0 (Mac OS 10.15.7): Executed 42 of 78 SUCCESS (0 secs / 0.334 secs)
[1A[2KERROR: 'SingleFileUpload: upload failed', TypeError: context.refresh is not a function
TypeError: context.refresh is not a function
    at _constructor._onFileChange (http://localhost:9876/base/resources/miyasuta/ui5uploadcontrols/SingleFileUpload.js:269:17)
Chrome Headless 146.0.0.0 (Mac OS 10.15.7): Executed 42 of 78 SUCCESS (0 secs / 0.334 secs)
[1A[2KINFO: '2026-04-05 04:47:44.838100 Rendering of popup content: __error0 -  '
Chrome Headless 146.0.0.0 (Mac OS 10.15.7): Executed 42 of 78 SUCCESS (0 secs / 0.334 secs)
[1A[2KDEBUG: '2026-04-05 04:47:44.843399 position popup content __error0 at "CenterCenter" -  '
Chrome Headless 146.0.0.0 (Mac OS 10.15.7): Executed 42 of 78 SUCCESS (0 secs / 0.334 secs)
[1A[2KDEBUG: '2026-04-05 04:47:44.846399 Event focus reached Focus Handler (target: [object HTMLDivElement]__error0) -  sap.ui.core.FocusHandler'
Chrome Headless 146.0.0.0 (Mac OS 10.15.7): Executed 42 of 78 SUCCESS (0 secs / 0.334 secs)
[1A[2KDEBUG: '2026-04-05 04:47:44.846399 Store focus info of control __error0 -  sap.ui.core.FocusHandler'
Chrome Headless 146.0.0.0 (Mac OS 10.15.7): Executed 42 of 78 SUCCESS (0 secs / 0.334 secs)
[1A[2KDEBUG: '2026-04-05 04:47:44.846600 Event fired: 'focusin' on Element sap.m.Dialog#__error0 -  sap.ui.core.UIArea'
Chrome Headless 146.0.0.0 (Mac OS 10.15.7): Executed 42 of 78 SUCCESS (0 secs / 0.334 secs)
[1A[2KChrome Headless 146.0.0.0 (Mac OS 10.15.7): Executed 43 of 78 SUCCESS (0 secs / 0.36 secs)
[1A[2KINFO: 'SingleFileUpload: upload completed', 'myfile.txt'
Chrome Headless 146.0.0.0 (Mac OS 10.15.7): Executed 43 of 78 SUCCESS (0 secs / 0.36 secs)
[1A[2KChrome Headless 146.0.0.0 (Mac OS 10.15.7): Executed 44 of 78 SUCCESS (0 secs / 0.375 secs)
[1A[2KINFO: 'SingleFileUpload: upload completed', 'myfile.txt'
Chrome Headless 146.0.0.0 (Mac OS 10.15.7): Executed 44 of 78 SUCCESS (0 secs / 0.375 secs)
[1A[2KChrome Headless 146.0.0.0 (Mac OS 10.15.7): Executed 45 of 78 SUCCESS (0 secs / 0.39 secs)
[1A[2KINFO: 'SingleFileUpload: upload completed', 'myfile.txt'
Chrome Headless 146.0.0.0 (Mac OS 10.15.7): Executed 45 of 78 SUCCESS (0 secs / 0.39 secs)
[1A[2KERROR: 'SingleFileUpload: upload failed', TypeError: context.refresh is not a function
TypeError: context.refresh is not a function
    at _constructor._onFileChange (http://localhost:9876/base/resources/miyasuta/ui5uploadcontrols/SingleFileUpload.js:269:17)
Chrome Headless 146.0.0.0 (Mac OS 10.15.7): Executed 45 of 78 SUCCESS (0 secs / 0.39 secs)
[1A[2KINFO: '2026-04-05 04:47:44.893399 Rendering of popup content: __error1 -  '
Chrome Headless 146.0.0.0 (Mac OS 10.15.7): Executed 45 of 78 SUCCESS (0 secs / 0.39 secs)
[1A[2KDEBUG: '2026-04-05 04:47:44.895100 Apply focus info of control __error0 not possible -  sap.ui.core.FocusHandler'
Chrome Headless 146.0.0.0 (Mac OS 10.15.7): Executed 45 of 78 SUCCESS (0 secs / 0.39 secs)
[1A[2KDEBUG: '2026-04-05 04:47:44.895199 position popup content __error1 at "CenterCenter" -  '
Chrome Headless 146.0.0.0 (Mac OS 10.15.7): Executed 45 of 78 SUCCESS (0 secs / 0.39 secs)
[1A[2KDEBUG: '2026-04-05 04:47:44.896500 Event blur reached Focus Handler (target: [object HTMLDivElement]__error0) -  sap.ui.core.FocusHandler'
Chrome Headless 146.0.0.0 (Mac OS 10.15.7): Executed 45 of 78 SUCCESS (0 secs / 0.39 secs)
[1A[2KDEBUG: '2026-04-05 04:47:44.896600 Event fired: 'focusout' on Element sap.m.Dialog#__error0 -  sap.ui.core.UIArea'
Chrome Headless 146.0.0.0 (Mac OS 10.15.7): Executed 45 of 78 SUCCESS (0 secs / 0.39 secs)
[1A[2KDEBUG: '2026-04-05 04:47:44.896699 Event focus reached Focus Handler (target: [object HTMLDivElement]__error1) -  sap.ui.core.FocusHandler'
Chrome Headless 146.0.0.0 (Mac OS 10.15.7): Executed 45 of 78 SUCCESS (0 secs / 0.39 secs)
[1A[2KDEBUG: '2026-04-05 04:47:44.896699 Store focus info of control __error1 -  sap.ui.core.FocusHandler'
Chrome Headless 146.0.0.0 (Mac OS 10.15.7): Executed 45 of 78 SUCCESS (0 secs / 0.39 secs)
[1A[2KDEBUG: '2026-04-05 04:47:44.896800 Event fired: 'sapfocusleave' on Element sap.m.Dialog#__error0 -  sap.ui.core.UIArea'
Chrome Headless 146.0.0.0 (Mac OS 10.15.7): Executed 45 of 78 SUCCESS (0 secs / 0.39 secs)
[1A[2KDEBUG: '2026-04-05 04:47:44.896800 Event fired: 'focusin' on Element sap.m.Dialog#__error1 -  sap.ui.core.UIArea'
Chrome Headless 146.0.0.0 (Mac OS 10.15.7): Executed 45 of 78 SUCCESS (0 secs / 0.39 secs)
[1A[2KChrome Headless 146.0.0.0 (Mac OS 10.15.7): Executed 46 of 78 SUCCESS (0 secs / 0.41 secs)
[1A[2KINFO: 'SingleFileUpload: upload completed', 'report.pdf'
Chrome Headless 146.0.0.0 (Mac OS 10.15.7): Executed 46 of 78 SUCCESS (0 secs / 0.41 secs)
[1A[2KERROR: 'SingleFileUpload: upload failed', TypeError: context.refresh is not a function
TypeError: context.refresh is not a function
    at _constructor._onFileChange (http://localhost:9876/base/resources/miyasuta/ui5uploadcontrols/SingleFileUpload.js:269:17)
Chrome Headless 146.0.0.0 (Mac OS 10.15.7): Executed 46 of 78 SUCCESS (0 secs / 0.41 secs)
[1A[2KINFO: '2026-04-05 04:47:44.913199 Rendering of popup content: __error2 -  '
Chrome Headless 146.0.0.0 (Mac OS 10.15.7): Executed 46 of 78 SUCCESS (0 secs / 0.41 secs)
[1A[2KDEBUG: '2026-04-05 04:47:44.914899 Apply focus info of control __error1 not possible -  sap.ui.core.FocusHandler'
Chrome Headless 146.0.0.0 (Mac OS 10.15.7): Executed 46 of 78 SUCCESS (0 secs / 0.41 secs)
[1A[2KDEBUG: '2026-04-05 04:47:44.915000 position popup content __error2 at "CenterCenter" -  '
Chrome Headless 146.0.0.0 (Mac OS 10.15.7): Executed 46 of 78 SUCCESS (0 secs / 0.41 secs)
[1A[2KDEBUG: '2026-04-05 04:47:44.915899 Event blur reached Focus Handler (target: [object HTMLDivElement]__error1) -  sap.ui.core.FocusHandler'
Chrome Headless 146.0.0.0 (Mac OS 10.15.7): Executed 46 of 78 SUCCESS (0 secs / 0.41 secs)
[1A[2KDEBUG: '2026-04-05 04:47:44.916000 Event fired: 'focusout' on Element sap.m.Dialog#__error1 -  sap.ui.core.UIArea'
Chrome Headless 146.0.0.0 (Mac OS 10.15.7): Executed 46 of 78 SUCCESS (0 secs / 0.41 secs)
[1A[2KDEBUG: '2026-04-05 04:47:44.916100 Event focus reached Focus Handler (target: [object HTMLDivElement]__error2) -  sap.ui.core.FocusHandler'
Chrome Headless 146.0.0.0 (Mac OS 10.15.7): Executed 46 of 78 SUCCESS (0 secs / 0.41 secs)
[1A[2KDEBUG: '2026-04-05 04:47:44.916100 Store focus info of control __error2 -  sap.ui.core.FocusHandler'
Chrome Headless 146.0.0.0 (Mac OS 10.15.7): Executed 46 of 78 SUCCESS (0 secs / 0.41 secs)
[1A[2KDEBUG: '2026-04-05 04:47:44.916100 Event fired: 'sapfocusleave' on Element sap.m.Dialog#__error1 -  sap.ui.core.UIArea'
Chrome Headless 146.0.0.0 (Mac OS 10.15.7): Executed 46 of 78 SUCCESS (0 secs / 0.41 secs)
[1A[2KDEBUG: '2026-04-05 04:47:44.916100 Event fired: 'focusin' on Element sap.m.Dialog#__error2 -  sap.ui.core.UIArea'
Chrome Headless 146.0.0.0 (Mac OS 10.15.7): Executed 46 of 78 SUCCESS (0 secs / 0.41 secs)
[1A[2KChrome Headless 146.0.0.0 (Mac OS 10.15.7): Executed 47 of 78 SUCCESS (0 secs / 0.429 secs)
[1A[2KINFO: 'SingleFileUpload: upload completed', 'report.pdf'
Chrome Headless 146.0.0.0 (Mac OS 10.15.7): Executed 47 of 78 SUCCESS (0 secs / 0.429 secs)
[1A[2KERROR: 'SingleFileUpload: upload failed', TypeError: context.refresh is not a function
TypeError: context.refresh is not a function
    at _constructor._onFileChange (http://localhost:9876/base/resources/miyasuta/ui5uploadcontrols/SingleFileUpload.js:269:17)
Chrome Headless 146.0.0.0 (Mac OS 10.15.7): Executed 47 of 78 SUCCESS (0 secs / 0.429 secs)
[1A[2KINFO: '2026-04-05 04:47:44.932100 Rendering of popup content: __error3 -  '
Chrome Headless 146.0.0.0 (Mac OS 10.15.7): Executed 47 of 78 SUCCESS (0 secs / 0.429 secs)
[1A[2KDEBUG: '2026-04-05 04:47:44.934199 Apply focus info of control __error2 not possible -  sap.ui.core.FocusHandler'
Chrome Headless 146.0.0.0 (Mac OS 10.15.7): Executed 47 of 78 SUCCESS (0 secs / 0.429 secs)
[1A[2KDEBUG: '2026-04-05 04:47:44.934199 position popup content __error3 at "CenterCenter" -  '
Chrome Headless 146.0.0.0 (Mac OS 10.15.7): Executed 47 of 78 SUCCESS (0 secs / 0.429 secs)
[1A[2KDEBUG: '2026-04-05 04:47:44.935199 Event blur reached Focus Handler (target: [object HTMLDivElement]__error2) -  sap.ui.core.FocusHandler'
Chrome Headless 146.0.0.0 (Mac OS 10.15.7): Executed 47 of 78 SUCCESS (0 secs / 0.429 secs)
[1A[2KDEBUG: '2026-04-05 04:47:44.935300 Event fired: 'focusout' on Element sap.m.Dialog#__error2 -  sap.ui.core.UIArea'
Chrome Headless 146.0.0.0 (Mac OS 10.15.7): Executed 47 of 78 SUCCESS (0 secs / 0.429 secs)
[1A[2KDEBUG: '2026-04-05 04:47:44.935300 Event focus reached Focus Handler (target: [object HTMLDivElement]__error3) -  sap.ui.core.FocusHandler'
Chrome Headless 146.0.0.0 (Mac OS 10.15.7): Executed 47 of 78 SUCCESS (0 secs / 0.429 secs)
[1A[2KDEBUG: '2026-04-05 04:47:44.935300 Store focus info of control __error3 -  sap.ui.core.FocusHandler'
Chrome Headless 146.0.0.0 (Mac OS 10.15.7): Executed 47 of 78 SUCCESS (0 secs / 0.429 secs)
[1A[2KDEBUG: '2026-04-05 04:47:44.935399 Event fired: 'sapfocusleave' on Element sap.m.Dialog#__error2 -  sap.ui.core.UIArea'
Chrome Headless 146.0.0.0 (Mac OS 10.15.7): Executed 47 of 78 SUCCESS (0 secs / 0.429 secs)
[1A[2KDEBUG: '2026-04-05 04:47:44.935399 Event fired: 'focusin' on Element sap.m.Dialog#__error3 -  sap.ui.core.UIArea'
Chrome Headless 146.0.0.0 (Mac OS 10.15.7): Executed 47 of 78 SUCCESS (0 secs / 0.429 secs)
[1A[2KChrome Headless 146.0.0.0 (Mac OS 10.15.7): Executed 48 of 78 SUCCESS (0 secs / 0.447 secs)
[1A[2KINFO: 'SingleFileUpload: upload completed', 'report.pdf'
Chrome Headless 146.0.0.0 (Mac OS 10.15.7): Executed 48 of 78 SUCCESS (0 secs / 0.447 secs)
[1A[2KERROR: 'SingleFileUpload: upload failed', TypeError: context.refresh is not a function
TypeError: context.refresh is not a function
    at _constructor._onFileChange (http://localhost:9876/base/resources/miyasuta/ui5uploadcontrols/SingleFileUpload.js:269:17)
Chrome Headless 146.0.0.0 (Mac OS 10.15.7): Executed 48 of 78 SUCCESS (0 secs / 0.447 secs)
[1A[2KINFO: '2026-04-05 04:47:44.950300 Rendering of popup content: __error4 -  '
Chrome Headless 146.0.0.0 (Mac OS 10.15.7): Executed 48 of 78 SUCCESS (0 secs / 0.447 secs)
[1A[2KDEBUG: '2026-04-05 04:47:44.952000 Apply focus info of control __error3 not possible -  sap.ui.core.FocusHandler'
Chrome Headless 146.0.0.0 (Mac OS 10.15.7): Executed 48 of 78 SUCCESS (0 secs / 0.447 secs)
[1A[2KDEBUG: '2026-04-05 04:47:44.952100 position popup content __error4 at "CenterCenter" -  '
Chrome Headless 146.0.0.0 (Mac OS 10.15.7): Executed 48 of 78 SUCCESS (0 secs / 0.447 secs)
[1A[2KDEBUG: '2026-04-05 04:47:44.953100 Event blur reached Focus Handler (target: [object HTMLDivElement]__error3) -  sap.ui.core.FocusHandler'
Chrome Headless 146.0.0.0 (Mac OS 10.15.7): Executed 48 of 78 SUCCESS (0 secs / 0.447 secs)
[1A[2KDEBUG: '2026-04-05 04:47:44.953100 Event fired: 'focusout' on Element sap.m.Dialog#__error3 -  sap.ui.core.UIArea'
Chrome Headless 146.0.0.0 (Mac OS 10.15.7): Executed 48 of 78 SUCCESS (0 secs / 0.447 secs)
[1A[2KDEBUG: '2026-04-05 04:47:44.953100 Event focus reached Focus Handler (target: [object HTMLDivElement]__error4) -  sap.ui.core.FocusHandler'
Chrome Headless 146.0.0.0 (Mac OS 10.15.7): Executed 48 of 78 SUCCESS (0 secs / 0.447 secs)
[1A[2KDEBUG: '2026-04-05 04:47:44.953199 Store focus info of control __error4 -  sap.ui.core.FocusHandler'
Chrome Headless 146.0.0.0 (Mac OS 10.15.7): Executed 48 of 78 SUCCESS (0 secs / 0.447 secs)
[1A[2KDEBUG: '2026-04-05 04:47:44.953199 Event fired: 'sapfocusleave' on Element sap.m.Dialog#__error3 -  sap.ui.core.UIArea'
Chrome Headless 146.0.0.0 (Mac OS 10.15.7): Executed 48 of 78 SUCCESS (0 secs / 0.447 secs)
[1A[2KDEBUG: '2026-04-05 04:47:44.953300 Event fired: 'focusin' on Element sap.m.Dialog#__error4 -  sap.ui.core.UIArea'
Chrome Headless 146.0.0.0 (Mac OS 10.15.7): Executed 48 of 78 SUCCESS (0 secs / 0.447 secs)
[1A[2KChrome Headless 146.0.0.0 (Mac OS 10.15.7): Executed 49 of 78 SUCCESS (0 secs / 0.466 secs)
[1A[2KINFO: 'SingleFileUpload: upload completed', 'report.pdf'
Chrome Headless 146.0.0.0 (Mac OS 10.15.7): Executed 49 of 78 SUCCESS (0 secs / 0.466 secs)
[1A[2KERROR: 'SingleFileUpload: upload failed', TypeError: context.refresh is not a function
TypeError: context.refresh is not a function
    at _constructor._onFileChange (http://localhost:9876/base/resources/miyasuta/ui5uploadcontrols/SingleFileUpload.js:269:17)
Chrome Headless 146.0.0.0 (Mac OS 10.15.7): Executed 49 of 78 SUCCESS (0 secs / 0.466 secs)
[1A[2KINFO: '2026-04-05 04:47:44.969199 Rendering of popup content: __error5 -  '
Chrome Headless 146.0.0.0 (Mac OS 10.15.7): Executed 49 of 78 SUCCESS (0 secs / 0.466 secs)
[1A[2KDEBUG: '2026-04-05 04:47:44.971000 Apply focus info of control __error4 not possible -  sap.ui.core.FocusHandler'
Chrome Headless 146.0.0.0 (Mac OS 10.15.7): Executed 49 of 78 SUCCESS (0 secs / 0.466 secs)
[1A[2KDEBUG: '2026-04-05 04:47:44.971000 position popup content __error5 at "CenterCenter" -  '
Chrome Headless 146.0.0.0 (Mac OS 10.15.7): Executed 49 of 78 SUCCESS (0 secs / 0.466 secs)
[1A[2KDEBUG: '2026-04-05 04:47:44.972100 Event blur reached Focus Handler (target: [object HTMLDivElement]__error4) -  sap.ui.core.FocusHandler'
Chrome Headless 146.0.0.0 (Mac OS 10.15.7): Executed 49 of 78 SUCCESS (0 secs / 0.466 secs)
[1A[2KDEBUG: '2026-04-05 04:47:44.972100 Event fired: 'focusout' on Element sap.m.Dialog#__error4 -  sap.ui.core.UIArea'
Chrome Headless 146.0.0.0 (Mac OS 10.15.7): Executed 49 of 78 SUCCESS (0 secs / 0.466 secs)
[1A[2KDEBUG: '2026-04-05 04:47:44.972100 Event focus reached Focus Handler (target: [object HTMLDivElement]__error5) -  sap.ui.core.FocusHandler'
Chrome Headless 146.0.0.0 (Mac OS 10.15.7): Executed 49 of 78 SUCCESS (0 secs / 0.466 secs)
[1A[2KDEBUG: '2026-04-05 04:47:44.972199 Store focus info of control __error5 -  sap.ui.core.FocusHandler'
Chrome Headless 146.0.0.0 (Mac OS 10.15.7): Executed 49 of 78 SUCCESS (0 secs / 0.466 secs)
[1A[2KDEBUG: '2026-04-05 04:47:44.972199 Event fired: 'sapfocusleave' on Element sap.m.Dialog#__error4 -  sap.ui.core.UIArea'
Chrome Headless 146.0.0.0 (Mac OS 10.15.7): Executed 49 of 78 SUCCESS (0 secs / 0.466 secs)
[1A[2KDEBUG: '2026-04-05 04:47:44.972300 Event fired: 'focusin' on Element sap.m.Dialog#__error5 -  sap.ui.core.UIArea'
Chrome Headless 146.0.0.0 (Mac OS 10.15.7): Executed 49 of 78 SUCCESS (0 secs / 0.466 secs)
[1A[2KChrome Headless 146.0.0.0 (Mac OS 10.15.7): Executed 50 of 78 SUCCESS (0 secs / 0.485 secs)
[1A[2KWARN: '2026-04-05 04:47:44.987800 Name property is not set. It would be used instead to identify the control on the server. - Element sap.ui.unified.FileUploader#__uploader17 '
Chrome Headless 146.0.0.0 (Mac OS 10.15.7): Executed 50 of 78 SUCCESS (0 secs / 0.485 secs)
[1A[2KDEBUG: '2026-04-05 04:47:44.990600 Apply focus info of control __error5 not possible -  sap.ui.core.FocusHandler'
Chrome Headless 146.0.0.0 (Mac OS 10.15.7): Executed 50 of 78 SUCCESS (0 secs / 0.485 secs)
[1A[2KChrome Headless 146.0.0.0 (Mac OS 10.15.7): Executed 51 of 78 SUCCESS (0 secs / 0.489 secs)
[1A[2KWARN: '2026-04-05 04:47:44.991600 JQMIGRATE: jQuery.fn.removeAttr no longer sets boolean properties: disabled - jQueryThreeDeprecation '
Chrome Headless 146.0.0.0 (Mac OS 10.15.7): Executed 51 of 78 SUCCESS (0 secs / 0.489 secs)
[1A[2KWARN: '2026-04-05 04:47:44.991699 Name property is not set. It would be used instead to identify the control on the server. - Element sap.ui.unified.FileUploader#__uploader18 '
Chrome Headless 146.0.0.0 (Mac OS 10.15.7): Executed 51 of 78 SUCCESS (0 secs / 0.489 secs)
[1A[2KDEBUG: '2026-04-05 04:47:44.993199 Apply focus info of control __error5 not possible -  sap.ui.core.FocusHandler'
Chrome Headless 146.0.0.0 (Mac OS 10.15.7): Executed 51 of 78 SUCCESS (0 secs / 0.489 secs)
[1A[2KChrome Headless 146.0.0.0 (Mac OS 10.15.7): Executed 52 of 78 SUCCESS (0 secs / 0.491 secs)
[1A[2KWARN: '2026-04-05 04:47:44.994000 JQMIGRATE: jQuery.fn.removeAttr no longer sets boolean properties: disabled - jQueryThreeDeprecation '
Chrome Headless 146.0.0.0 (Mac OS 10.15.7): Executed 52 of 78 SUCCESS (0 secs / 0.491 secs)
[1A[2KWARN: '2026-04-05 04:47:44.994000 Name property is not set. It would be used instead to identify the control on the server. - Element sap.ui.unified.FileUploader#__uploader19 '
Chrome Headless 146.0.0.0 (Mac OS 10.15.7): Executed 52 of 78 SUCCESS (0 secs / 0.491 secs)
[1A[2KDEBUG: '2026-04-05 04:47:44.995399 Apply focus info of control __error5 not possible -  sap.ui.core.FocusHandler'
Chrome Headless 146.0.0.0 (Mac OS 10.15.7): Executed 52 of 78 SUCCESS (0 secs / 0.491 secs)
[1A[2KChrome Headless 146.0.0.0 (Mac OS 10.15.7): Executed 53 of 78 SUCCESS (0 secs / 0.493 secs)
[1A[2KWARN: '2026-04-05 04:47:44.996300 JQMIGRATE: jQuery.fn.removeAttr no longer sets boolean properties: disabled - jQueryThreeDeprecation '
Chrome Headless 146.0.0.0 (Mac OS 10.15.7): Executed 53 of 78 SUCCESS (0 secs / 0.493 secs)
[1A[2KWARN: '2026-04-05 04:47:44.996300 Name property is not set. It would be used instead to identify the control on the server. - Element sap.ui.unified.FileUploader#__uploader20 '
Chrome Headless 146.0.0.0 (Mac OS 10.15.7): Executed 53 of 78 SUCCESS (0 secs / 0.493 secs)
[1A[2KDEBUG: '2026-04-05 04:47:44.997800 Apply focus info of control __error5 not possible -  sap.ui.core.FocusHandler'
Chrome Headless 146.0.0.0 (Mac OS 10.15.7): Executed 53 of 78 SUCCESS (0 secs / 0.493 secs)
[1A[2KChrome Headless 146.0.0.0 (Mac OS 10.15.7): Executed 54 of 78 SUCCESS (0 secs / 0.496 secs)
[1A[2KWARN: '2026-04-05 04:47:44.998800 JQMIGRATE: jQuery.fn.removeAttr no longer sets boolean properties: disabled - jQueryThreeDeprecation '
Chrome Headless 146.0.0.0 (Mac OS 10.15.7): Executed 54 of 78 SUCCESS (0 secs / 0.496 secs)
[1A[2KWARN: '2026-04-05 04:47:44.998899 Name property is not set. It would be used instead to identify the control on the server. - Element sap.ui.unified.FileUploader#__uploader21 '
Chrome Headless 146.0.0.0 (Mac OS 10.15.7): Executed 54 of 78 SUCCESS (0 secs / 0.496 secs)
[1A[2KDEBUG: '2026-04-05 04:47:45.000899 Apply focus info of control __error5 not possible -  sap.ui.core.FocusHandler'
Chrome Headless 146.0.0.0 (Mac OS 10.15.7): Executed 54 of 78 SUCCESS (0 secs / 0.496 secs)
[1A[2KChrome Headless 146.0.0.0 (Mac OS 10.15.7): Executed 55 of 78 SUCCESS (0 secs / 0.499 secs)
[1A[2KWARN: '2026-04-05 04:47:45.001699 JQMIGRATE: jQuery.fn.removeAttr no longer sets boolean properties: disabled - jQueryThreeDeprecation '
Chrome Headless 146.0.0.0 (Mac OS 10.15.7): Executed 55 of 78 SUCCESS (0 secs / 0.499 secs)
[1A[2KWARN: '2026-04-05 04:47:45.001699 Name property is not set. It would be used instead to identify the control on the server. - Element sap.ui.unified.FileUploader#__uploader22 '
Chrome Headless 146.0.0.0 (Mac OS 10.15.7): Executed 55 of 78 SUCCESS (0 secs / 0.499 secs)
[1A[2KDEBUG: '2026-04-05 04:47:45.003100 Apply focus info of control __error5 not possible -  sap.ui.core.FocusHandler'
Chrome Headless 146.0.0.0 (Mac OS 10.15.7): Executed 55 of 78 SUCCESS (0 secs / 0.499 secs)
[1A[2KChrome Headless 146.0.0.0 (Mac OS 10.15.7): Executed 56 of 78 SUCCESS (0 secs / 0.501 secs)
[1A[2KWARN: '2026-04-05 04:47:45.004000 JQMIGRATE: jQuery.fn.removeAttr no longer sets boolean properties: disabled - jQueryThreeDeprecation '
Chrome Headless 146.0.0.0 (Mac OS 10.15.7): Executed 56 of 78 SUCCESS (0 secs / 0.501 secs)
[1A[2KChrome Headless 146.0.0.0 (Mac OS 10.15.7): Executed 57 of 78 SUCCESS (0 secs / 0.515 secs)
[1A[2KWARN: '2026-04-05 04:47:45.018100 JQMIGRATE: jQuery.fn.removeAttr no longer sets boolean properties: disabled - jQueryThreeDeprecation '
Chrome Headless 146.0.0.0 (Mac OS 10.15.7): Executed 57 of 78 SUCCESS (0 secs / 0.515 secs)
[1A[2KChrome Headless 146.0.0.0 (Mac OS 10.15.7): Executed 58 of 78 SUCCESS (0 secs / 0.53 secs)
[1A[2KWARN: '2026-04-05 04:47:45.032600 JQMIGRATE: jQuery.fn.removeAttr no longer sets boolean properties: disabled - jQueryThreeDeprecation '
Chrome Headless 146.0.0.0 (Mac OS 10.15.7): Executed 58 of 78 SUCCESS (0 secs / 0.53 secs)
[1A[2KWARN: '2026-04-05 04:47:45.032699 Name property is not set. It would be used instead to identify the control on the server. - Element sap.ui.unified.FileUploader#__uploader25 '
Chrome Headless 146.0.0.0 (Mac OS 10.15.7): Executed 58 of 78 SUCCESS (0 secs / 0.53 secs)
[1A[2KDEBUG: '2026-04-05 04:47:45.034500 Apply focus info of control __error5 not possible -  sap.ui.core.FocusHandler'
Chrome Headless 146.0.0.0 (Mac OS 10.15.7): Executed 58 of 78 SUCCESS (0 secs / 0.53 secs)
[1A[2KChrome Headless 146.0.0.0 (Mac OS 10.15.7): Executed 59 of 78 SUCCESS (0 secs / 0.532 secs)
[1A[2KWARN: '2026-04-05 04:47:45.035500 JQMIGRATE: jQuery.fn.removeAttr no longer sets boolean properties: disabled - jQueryThreeDeprecation '
Chrome Headless 146.0.0.0 (Mac OS 10.15.7): Executed 59 of 78 SUCCESS (0 secs / 0.532 secs)
[1A[2KWARN: '2026-04-05 04:47:45.035500 Name property is not set. It would be used instead to identify the control on the server. - Element sap.ui.unified.FileUploader#__uploader26 '
Chrome Headless 146.0.0.0 (Mac OS 10.15.7): Executed 59 of 78 SUCCESS (0 secs / 0.532 secs)
[1A[2KDEBUG: '2026-04-05 04:47:45.036899 Apply focus info of control __error5 not possible -  sap.ui.core.FocusHandler'
Chrome Headless 146.0.0.0 (Mac OS 10.15.7): Executed 59 of 78 SUCCESS (0 secs / 0.532 secs)
[1A[2KChrome Headless 146.0.0.0 (Mac OS 10.15.7): Executed 60 of 78 SUCCESS (0 secs / 0.535 secs)
[1A[2KWARN: '2026-04-05 04:47:45.037600 JQMIGRATE: jQuery.fn.removeAttr no longer sets boolean properties: disabled - jQueryThreeDeprecation '
Chrome Headless 146.0.0.0 (Mac OS 10.15.7): Executed 60 of 78 SUCCESS (0 secs / 0.535 secs)
[1A[2KWARN: '2026-04-05 04:47:45.037699 Name property is not set. It would be used instead to identify the control on the server. - Element sap.ui.unified.FileUploader#__uploader27 '
Chrome Headless 146.0.0.0 (Mac OS 10.15.7): Executed 60 of 78 SUCCESS (0 secs / 0.535 secs)
[1A[2KDEBUG: '2026-04-05 04:47:45.039000 Apply focus info of control __error5 not possible -  sap.ui.core.FocusHandler'
Chrome Headless 146.0.0.0 (Mac OS 10.15.7): Executed 60 of 78 SUCCESS (0 secs / 0.535 secs)
[1A[2KChrome Headless 146.0.0.0 (Mac OS 10.15.7): Executed 61 of 78 SUCCESS (0 secs / 0.537 secs)
[1A[2KWARN: '2026-04-05 04:47:45.039800 JQMIGRATE: jQuery.fn.removeAttr no longer sets boolean properties: disabled - jQueryThreeDeprecation '
Chrome Headless 146.0.0.0 (Mac OS 10.15.7): Executed 61 of 78 SUCCESS (0 secs / 0.537 secs)
[1A[2KWARN: '2026-04-05 04:47:45.039899 Name property is not set. It would be used instead to identify the control on the server. - Element sap.ui.unified.FileUploader#__uploader28 '
Chrome Headless 146.0.0.0 (Mac OS 10.15.7): Executed 61 of 78 SUCCESS (0 secs / 0.537 secs)
[1A[2KDEBUG: '2026-04-05 04:47:45.041500 Apply focus info of control __error5 not possible -  sap.ui.core.FocusHandler'
Chrome Headless 146.0.0.0 (Mac OS 10.15.7): Executed 61 of 78 SUCCESS (0 secs / 0.537 secs)
[1A[2KChrome Headless 146.0.0.0 (Mac OS 10.15.7): Executed 62 of 78 SUCCESS (0 secs / 0.539 secs)
[1A[2KWARN: '2026-04-05 04:47:45.042399 Name property is not set. It would be used instead to identify the control on the server. - Element sap.ui.unified.FileUploader#__uploader29 '
Chrome Headless 146.0.0.0 (Mac OS 10.15.7): Executed 62 of 78 SUCCESS (0 secs / 0.539 secs)
[1A[2KDEBUG: '2026-04-05 04:47:45.043800 Apply focus info of control __error5 not possible -  sap.ui.core.FocusHandler'
Chrome Headless 146.0.0.0 (Mac OS 10.15.7): Executed 62 of 78 SUCCESS (0 secs / 0.539 secs)
[1A[2KChrome Headless 146.0.0.0 (Mac OS 10.15.7): Executed 63 of 78 SUCCESS (0 secs / 0.542 secs)
[1A[2KChrome Headless 146.0.0.0 (Mac OS 10.15.7): Executed 64 of 78 SUCCESS (0 secs / 0.556 secs)
[1A[2KChrome Headless 146.0.0.0 (Mac OS 10.15.7): Executed 65 of 78 SUCCESS (0 secs / 0.57 secs)
[1A[2KChrome Headless 146.0.0.0 (Mac OS 10.15.7): Executed 66 of 78 SUCCESS (0 secs / 0.585 secs)
[1A[2KChrome Headless 146.0.0.0 (Mac OS 10.15.7): Executed 67 of 78 SUCCESS (0 secs / 0.6 secs)
[1A[2KWARN: '2026-04-05 04:47:45.102600 JQMIGRATE: jQuery.fn.removeAttr no longer sets boolean properties: disabled - jQueryThreeDeprecation '
Chrome Headless 146.0.0.0 (Mac OS 10.15.7): Executed 67 of 78 SUCCESS (0 secs / 0.6 secs)
[1A[2KWARN: '2026-04-05 04:47:45.102699 Name property is not set. It would be used instead to identify the control on the server. - Element sap.ui.unified.FileUploader#__uploader35 '
Chrome Headless 146.0.0.0 (Mac OS 10.15.7): Executed 67 of 78 SUCCESS (0 secs / 0.6 secs)
[1A[2KDEBUG: '2026-04-05 04:47:45.104500 Apply focus info of control __error5 not possible -  sap.ui.core.FocusHandler'
Chrome Headless 146.0.0.0 (Mac OS 10.15.7): Executed 67 of 78 SUCCESS (0 secs / 0.6 secs)
[1A[2KChrome Headless 146.0.0.0 (Mac OS 10.15.7): Executed 68 of 78 SUCCESS (0 secs / 0.603 secs)
[1A[2KWARN: '2026-04-05 04:47:45.105500 Name property is not set. It would be used instead to identify the control on the server. - Element sap.ui.unified.FileUploader#__uploader36 '
Chrome Headless 146.0.0.0 (Mac OS 10.15.7): Executed 68 of 78 SUCCESS (0 secs / 0.603 secs)
[1A[2KDEBUG: '2026-04-05 04:47:45.106899 Apply focus info of control __error5 not possible -  sap.ui.core.FocusHandler'
Chrome Headless 146.0.0.0 (Mac OS 10.15.7): Executed 68 of 78 SUCCESS (0 secs / 0.603 secs)
[1A[2KWARN: '2026-04-05 04:47:45.107000 JQMIGRATE: jQuery.fn.removeAttr no longer sets boolean properties: disabled - jQueryThreeDeprecation '
Chrome Headless 146.0.0.0 (Mac OS 10.15.7): Executed 68 of 78 SUCCESS (0 secs / 0.603 secs)
[1A[2KChrome Headless 146.0.0.0 (Mac OS 10.15.7): Executed 69 of 78 SUCCESS (0 secs / 0.605 secs)
[1A[2KERROR: 'SingleFileUpload: upload failed', Error: Network error
Error: Network error
    at Object.<anonymous> (http://localhost:9876/base/test-resources/miyasuta/ui5uploadcontrols/qunit/SingleFileUpload.qunit.js:1249:28)
    at runTest (http://localhost:9876/base/resources/sap/ui/thirdparty/qunit-2.js:1462:30)
    at Test.run (http://localhost:9876/base/resources/sap/ui/thirdparty/qunit-2.js:1448:6)
    at http://localhost:9876/base/resources/sap/ui/thirdparty/qunit-2.js:1640:12
    at Object.advance (http://localhost:9876/base/resources/sap/ui/thirdparty/qunit-2.js:1125:26)
    at begin (http://localhost:9876/base/resources/sap/ui/thirdparty/qunit-2.js:2816:20)
    at http://localhost:9876/base/resources/sap/ui/thirdparty/qunit-2.js:2010:6
Chrome Headless 146.0.0.0 (Mac OS 10.15.7): Executed 69 of 78 SUCCESS (0 secs / 0.605 secs)
[1A[2KINFO: '2026-04-05 04:47:45.108100 Rendering of popup content: __error6 -  '
Chrome Headless 146.0.0.0 (Mac OS 10.15.7): Executed 69 of 78 SUCCESS (0 secs / 0.605 secs)
[1A[2KDEBUG: '2026-04-05 04:47:45.109600 Apply focus info of control __error5 not possible -  sap.ui.core.FocusHandler'
Chrome Headless 146.0.0.0 (Mac OS 10.15.7): Executed 69 of 78 SUCCESS (0 secs / 0.605 secs)
[1A[2KDEBUG: '2026-04-05 04:47:45.109600 position popup content __error6 at "CenterCenter" -  '
Chrome Headless 146.0.0.0 (Mac OS 10.15.7): Executed 69 of 78 SUCCESS (0 secs / 0.605 secs)
[1A[2KDEBUG: '2026-04-05 04:47:45.110800 Event blur reached Focus Handler (target: [object HTMLDivElement]__error5) -  sap.ui.core.FocusHandler'
Chrome Headless 146.0.0.0 (Mac OS 10.15.7): Executed 69 of 78 SUCCESS (0 secs / 0.605 secs)
[1A[2KDEBUG: '2026-04-05 04:47:45.110800 Event fired: 'focusout' on Element sap.m.Dialog#__error5 -  sap.ui.core.UIArea'
Chrome Headless 146.0.0.0 (Mac OS 10.15.7): Executed 69 of 78 SUCCESS (0 secs / 0.605 secs)
[1A[2KDEBUG: '2026-04-05 04:47:45.110899 Event focus reached Focus Handler (target: [object HTMLDivElement]__error6) -  sap.ui.core.FocusHandler'
Chrome Headless 146.0.0.0 (Mac OS 10.15.7): Executed 69 of 78 SUCCESS (0 secs / 0.605 secs)
[1A[2KDEBUG: '2026-04-05 04:47:45.110899 Store focus info of control __error6 -  sap.ui.core.FocusHandler'
Chrome Headless 146.0.0.0 (Mac OS 10.15.7): Executed 69 of 78 SUCCESS (0 secs / 0.605 secs)
[1A[2KDEBUG: '2026-04-05 04:47:45.110899 Event fired: 'sapfocusleave' on Element sap.m.Dialog#__error5 -  sap.ui.core.UIArea'
Chrome Headless 146.0.0.0 (Mac OS 10.15.7): Executed 69 of 78 SUCCESS (0 secs / 0.605 secs)
[1A[2KDEBUG: '2026-04-05 04:47:45.111000 Event fired: 'focusin' on Element sap.m.Dialog#__error6 -  sap.ui.core.UIArea'
Chrome Headless 146.0.0.0 (Mac OS 10.15.7): Executed 69 of 78 SUCCESS (0 secs / 0.605 secs)
[1A[2KChrome Headless 146.0.0.0 (Mac OS 10.15.7): Executed 70 of 78 SUCCESS (0 secs / 0.623 secs)
[1A[2KERROR: 'SingleFileUpload: delete failed', Error: Network error
Error: Network error
    at Object.<anonymous> (http://localhost:9876/base/test-resources/miyasuta/ui5uploadcontrols/qunit/SingleFileUpload.qunit.js:1281:28)
    at runTest (http://localhost:9876/base/resources/sap/ui/thirdparty/qunit-2.js:1462:30)
    at Test.run (http://localhost:9876/base/resources/sap/ui/thirdparty/qunit-2.js:1448:6)
    at http://localhost:9876/base/resources/sap/ui/thirdparty/qunit-2.js:1640:12
    at Object.advance (http://localhost:9876/base/resources/sap/ui/thirdparty/qunit-2.js:1125:26)
    at begin (http://localhost:9876/base/resources/sap/ui/thirdparty/qunit-2.js:2816:20)
    at http://localhost:9876/base/resources/sap/ui/thirdparty/qunit-2.js:2010:6
Chrome Headless 146.0.0.0 (Mac OS 10.15.7): Executed 70 of 78 SUCCESS (0 secs / 0.623 secs)
[1A[2KINFO: '2026-04-05 04:47:45.126100 Rendering of popup content: __error7 -  '
Chrome Headless 146.0.0.0 (Mac OS 10.15.7): Executed 70 of 78 SUCCESS (0 secs / 0.623 secs)
[1A[2KDEBUG: '2026-04-05 04:47:45.127699 Apply focus info of control __error6 not possible -  sap.ui.core.FocusHandler'
Chrome Headless 146.0.0.0 (Mac OS 10.15.7): Executed 70 of 78 SUCCESS (0 secs / 0.623 secs)
[1A[2KDEBUG: '2026-04-05 04:47:45.127800 position popup content __error7 at "CenterCenter" -  '
Chrome Headless 146.0.0.0 (Mac OS 10.15.7): Executed 70 of 78 SUCCESS (0 secs / 0.623 secs)
[1A[2KDEBUG: '2026-04-05 04:47:45.128899 Event blur reached Focus Handler (target: [object HTMLDivElement]__error6) -  sap.ui.core.FocusHandler'
Chrome Headless 146.0.0.0 (Mac OS 10.15.7): Executed 70 of 78 SUCCESS (0 secs / 0.623 secs)
[1A[2KDEBUG: '2026-04-05 04:47:45.128899 Event fired: 'focusout' on Element sap.m.Dialog#__error6 -  sap.ui.core.UIArea'
Chrome Headless 146.0.0.0 (Mac OS 10.15.7): Executed 70 of 78 SUCCESS (0 secs / 0.623 secs)
[1A[2KDEBUG: '2026-04-05 04:47:45.128899 Event focus reached Focus Handler (target: [object HTMLDivElement]__error7) -  sap.ui.core.FocusHandler'
Chrome Headless 146.0.0.0 (Mac OS 10.15.7): Executed 70 of 78 SUCCESS (0 secs / 0.623 secs)
[1A[2KDEBUG: '2026-04-05 04:47:45.129000 Store focus info of control __error7 -  sap.ui.core.FocusHandler'
Chrome Headless 146.0.0.0 (Mac OS 10.15.7): Executed 70 of 78 SUCCESS (0 secs / 0.623 secs)
[1A[2KDEBUG: '2026-04-05 04:47:45.129000 Event fired: 'sapfocusleave' on Element sap.m.Dialog#__error6 -  sap.ui.core.UIArea'
Chrome Headless 146.0.0.0 (Mac OS 10.15.7): Executed 70 of 78 SUCCESS (0 secs / 0.623 secs)
[1A[2KDEBUG: '2026-04-05 04:47:45.129000 Event fired: 'focusin' on Element sap.m.Dialog#__error7 -  sap.ui.core.UIArea'
Chrome Headless 146.0.0.0 (Mac OS 10.15.7): Executed 70 of 78 SUCCESS (0 secs / 0.623 secs)
[1A[2KChrome Headless 146.0.0.0 (Mac OS 10.15.7): Executed 71 of 78 SUCCESS (0 secs / 0.641 secs)
[1A[2KChrome Headless 146.0.0.0 (Mac OS 10.15.7): Executed 72 of 78 SUCCESS (0 secs / 0.642 secs)
[1A[2KChrome Headless 146.0.0.0 (Mac OS 10.15.7): Executed 73 of 78 SUCCESS (0 secs / 0.642 secs)
[1A[2KChrome Headless 146.0.0.0 (Mac OS 10.15.7): Executed 74 of 78 SUCCESS (0 secs / 0.643 secs)
[1A[2KWARN: '2026-04-05 04:47:45.145100 JQMIGRATE: jQuery.fn.removeAttr no longer sets boolean properties: disabled - jQueryThreeDeprecation '
Chrome Headless 146.0.0.0 (Mac OS 10.15.7): Executed 74 of 78 SUCCESS (0 secs / 0.643 secs)
[1A[2KChrome Headless 146.0.0.0 (Mac OS 10.15.7): Executed 75 of 78 SUCCESS (0 secs / 0.643 secs)
[1A[2KWARN: '2026-04-05 04:47:45.145399 JQMIGRATE: jQuery.fn.removeAttr no longer sets boolean properties: disabled - jQueryThreeDeprecation '
Chrome Headless 146.0.0.0 (Mac OS 10.15.7): Executed 75 of 78 SUCCESS (0 secs / 0.643 secs)
[1A[2KChrome Headless 146.0.0.0 (Mac OS 10.15.7): Executed 76 of 78 SUCCESS (0 secs / 0.643 secs)
[1A[2KINFO: 'SingleFileUpload: upload completed', 'file.txt'
Chrome Headless 146.0.0.0 (Mac OS 10.15.7): Executed 76 of 78 SUCCESS (0 secs / 0.643 secs)
[1A[2KDEBUG: '2026-04-05 04:47:45.147899 Event blur reached Focus Handler (target: [object HTMLDivElement]__error7) -  sap.ui.core.FocusHandler'
Chrome Headless 146.0.0.0 (Mac OS 10.15.7): Executed 76 of 78 SUCCESS (0 secs / 0.643 secs)
[1A[2KDEBUG: '2026-04-05 04:47:45.148000 Event fired: 'focusout' on Element sap.m.Dialog#__error7 -  sap.ui.core.UIArea'
Chrome Headless 146.0.0.0 (Mac OS 10.15.7): Executed 76 of 78 SUCCESS (0 secs / 0.643 secs)
[1A[2KDEBUG: '2026-04-05 04:47:45.148100 focus event on __mbox-btn-0, contains: true -  '
Chrome Headless 146.0.0.0 (Mac OS 10.15.7): Executed 76 of 78 SUCCESS (0 secs / 0.643 secs)
[1A[2KDEBUG: '2026-04-05 04:47:45.148199 Event focus reached Focus Handler (target: [object HTMLButtonElement]__mbox-btn-0) -  sap.ui.core.FocusHandler'
Chrome Headless 146.0.0.0 (Mac OS 10.15.7): Executed 76 of 78 SUCCESS (0 secs / 0.643 secs)
[1A[2KDEBUG: '2026-04-05 04:47:45.148199 Store focus info of control __mbox-btn-0 -  sap.ui.core.FocusHandler'
Chrome Headless 146.0.0.0 (Mac OS 10.15.7): Executed 76 of 78 SUCCESS (0 secs / 0.643 secs)
[1A[2KDEBUG: '2026-04-05 04:47:45.148300 Event fired: 'sapfocusleave' on Element sap.m.Dialog#__error7 -  sap.ui.core.UIArea'
Chrome Headless 146.0.0.0 (Mac OS 10.15.7): Executed 76 of 78 SUCCESS (0 secs / 0.643 secs)
[1A[2KDEBUG: '2026-04-05 04:47:45.148300 Event fired: 'focusin' on Element sap.m.Button#__mbox-btn-0 -  sap.ui.core.UIArea'
Chrome Headless 146.0.0.0 (Mac OS 10.15.7): Executed 76 of 78 SUCCESS (0 secs / 0.643 secs)
[1A[2KChrome Headless 146.0.0.0 (Mac OS 10.15.7): Executed 77 of 78 SUCCESS (0 secs / 0.658 secs)
[1A[2KChrome Headless 146.0.0.0 (Mac OS 10.15.7): Executed 78 of 78 SUCCESS (0 secs / 0.672 secs)
[1A[2KChrome Headless 146.0.0.0 (Mac OS 10.15.7): Executed 78 of 78 SUCCESS (0.933 secs / 0.672 secs)
TOTAL: 78 SUCCESS
[1A[2KDEBUG: '2026-04-05 04:47:45.197800 Event blur reached Focus Handler (target: [object HTMLButtonElement]__mbox-btn-0) -  sap.ui.core.FocusHandler'
Chrome Headless 146.0.0.0 (Mac OS 10.15.7): Executed 78 of 78 SUCCESS (0.933 secs / 0.672 secs)
[1A[2KDEBUG: '2026-04-05 04:47:45.197899 blur event on __mbox-btn-0 -  '
Chrome Headless 146.0.0.0 (Mac OS 10.15.7): Executed 78 of 78 SUCCESS (0.933 secs / 0.672 secs)
[1A[2KDEBUG: '2026-04-05 04:47:45.198000 Event fired: 'focusout' on Element sap.m.Button#__mbox-btn-0 -  sap.ui.core.UIArea'
Chrome Headless 146.0.0.0 (Mac OS 10.15.7): Executed 78 of 78 SUCCESS (0.933 secs / 0.672 secs)
[1A[2KDEBUG: '2026-04-05 04:47:45.198100 focus event on __mbox-btn-1, contains: false -  '
Chrome Headless 146.0.0.0 (Mac OS 10.15.7): Executed 78 of 78 SUCCESS (0.933 secs / 0.672 secs)
[1A[2KDEBUG: '2026-04-05 04:47:45.198100 focus event on __mbox-btn-1, contains: true -  '
Chrome Headless 146.0.0.0 (Mac OS 10.15.7): Executed 78 of 78 SUCCESS (0.933 secs / 0.672 secs)
[1A[2KDEBUG: '2026-04-05 04:47:45.198199 Event focus reached Focus Handler (target: [object HTMLButtonElement]__mbox-btn-1) -  sap.ui.core.FocusHandler'
Chrome Headless 146.0.0.0 (Mac OS 10.15.7): Executed 78 of 78 SUCCESS (0.933 secs / 0.672 secs)
[1A[2KDEBUG: '2026-04-05 04:47:45.198199 Store focus info of control __mbox-btn-1 -  sap.ui.core.FocusHandler'
Chrome Headless 146.0.0.0 (Mac OS 10.15.7): Executed 78 of 78 SUCCESS (0.933 secs / 0.672 secs)
[1A[2KDEBUG: '2026-04-05 04:47:45.198199 Event fired: 'sapfocusleave' on Element sap.m.Button#__mbox-btn-0 -  sap.ui.core.UIArea'
Chrome Headless 146.0.0.0 (Mac OS 10.15.7): Executed 78 of 78 SUCCESS (0.933 secs / 0.672 secs)
[1A[2KDEBUG: '2026-04-05 04:47:45.198199 Event fired: 'focusin' on Element sap.m.Button#__mbox-btn-1 -  sap.ui.core.UIArea'
Chrome Headless 146.0.0.0 (Mac OS 10.15.7): Executed 78 of 78 SUCCESS (0.933 secs / 0.672 secs)
[1A[2KDEBUG: '2026-04-05 04:47:45.217699 Event blur reached Focus Handler (target: [object HTMLButtonElement]__mbox-btn-1) -  sap.ui.core.FocusHandler'
Chrome Headless 146.0.0.0 (Mac OS 10.15.7): Executed 78 of 78 SUCCESS (0.933 secs / 0.672 secs)
[1A[2KDEBUG: '2026-04-05 04:47:45.217800 blur event on __mbox-btn-1 -  '
Chrome Headless 146.0.0.0 (Mac OS 10.15.7): Executed 78 of 78 SUCCESS (0.933 secs / 0.672 secs)
[1A[2KDEBUG: '2026-04-05 04:47:45.217800 Event fired: 'focusout' on Element sap.m.Button#__mbox-btn-1 -  sap.ui.core.UIArea'
Chrome Headless 146.0.0.0 (Mac OS 10.15.7): Executed 78 of 78 SUCCESS (0.933 secs / 0.672 secs)
[1A[2KDEBUG: '2026-04-05 04:47:45.217899 focus event on __mbox-btn-2, contains: false -  '
Chrome Headless 146.0.0.0 (Mac OS 10.15.7): Executed 78 of 78 SUCCESS (0.933 secs / 0.672 secs)
[1A[2KDEBUG: '2026-04-05 04:47:45.217899 focus event on __mbox-btn-2, contains: false -  '
Chrome Headless 146.0.0.0 (Mac OS 10.15.7): Executed 78 of 78 SUCCESS (0.933 secs / 0.672 secs)
[1A[2KDEBUG: '2026-04-05 04:47:45.218000 focus event on __mbox-btn-2, contains: true -  '
Chrome Headless 146.0.0.0 (Mac OS 10.15.7): Executed 78 of 78 SUCCESS (0.933 secs / 0.672 secs)
[1A[2KDEBUG: '2026-04-05 04:47:45.218000 Event focus reached Focus Handler (target: [object HTMLButtonElement]__mbox-btn-2) -  sap.ui.core.FocusHandler'
Chrome Headless 146.0.0.0 (Mac OS 10.15.7): Executed 78 of 78 SUCCESS (0.933 secs / 0.672 secs)
[1A[2KDEBUG: '2026-04-05 04:47:45.218000 Store focus info of control __mbox-btn-2 -  sap.ui.core.FocusHandler'
Chrome Headless 146.0.0.0 (Mac OS 10.15.7): Executed 78 of 78 SUCCESS (0.933 secs / 0.672 secs)
[1A[2KDEBUG: '2026-04-05 04:47:45.218000 Event fired: 'sapfocusleave' on Element sap.m.Button#__mbox-btn-1 -  sap.ui.core.UIArea'
Chrome Headless 146.0.0.0 (Mac OS 10.15.7): Executed 78 of 78 SUCCESS (0.933 secs / 0.672 secs)
[1A[2KDEBUG: '2026-04-05 04:47:45.218000 Event fired: 'focusin' on Element sap.m.Button#__mbox-btn-2 -  sap.ui.core.UIArea'
Chrome Headless 146.0.0.0 (Mac OS 10.15.7): Executed 78 of 78 SUCCESS (0.933 secs / 0.672 secs)
[1A[2KDEBUG: '2026-04-05 04:47:45.236399 Event blur reached Focus Handler (target: [object HTMLButtonElement]__mbox-btn-2) -  sap.ui.core.FocusHandler'
Chrome Headless 146.0.0.0 (Mac OS 10.15.7): Executed 78 of 78 SUCCESS (0.933 secs / 0.672 secs)
[1A[2KDEBUG: '2026-04-05 04:47:45.236500 blur event on __mbox-btn-2 -  '
Chrome Headless 146.0.0.0 (Mac OS 10.15.7): Executed 78 of 78 SUCCESS (0.933 secs / 0.672 secs)
[1A[2KDEBUG: '2026-04-05 04:47:45.236699 Event fired: 'focusout' on Element sap.m.Button#__mbox-btn-2 -  sap.ui.core.UIArea'
Chrome Headless 146.0.0.0 (Mac OS 10.15.7): Executed 78 of 78 SUCCESS (0.933 secs / 0.672 secs)
[1A[2KDEBUG: '2026-04-05 04:47:45.236699 focus event on __mbox-btn-3, contains: false -  '
Chrome Headless 146.0.0.0 (Mac OS 10.15.7): Executed 78 of 78 SUCCESS (0.933 secs / 0.672 secs)
[1A[2KDEBUG: '2026-04-05 04:47:45.236699 focus event on __mbox-btn-3, contains: false -  '
Chrome Headless 146.0.0.0 (Mac OS 10.15.7): Executed 78 of 78 SUCCESS (0.933 secs / 0.672 secs)
[1A[2KDEBUG: '2026-04-05 04:47:45.236699 focus event on __mbox-btn-3, contains: false -  '
Chrome Headless 146.0.0.0 (Mac OS 10.15.7): Executed 78 of 78 SUCCESS (0.933 secs / 0.672 secs)
[1A[2KDEBUG: '2026-04-05 04:47:45.236800 focus event on __mbox-btn-3, contains: true -  '
Chrome Headless 146.0.0.0 (Mac OS 10.15.7): Executed 78 of 78 SUCCESS (0.933 secs / 0.672 secs)
[1A[2KDEBUG: '2026-04-05 04:47:45.236800 Event focus reached Focus Handler (target: [object HTMLButtonElement]__mbox-btn-3) -  sap.ui.core.FocusHandler'
Chrome Headless 146.0.0.0 (Mac OS 10.15.7): Executed 78 of 78 SUCCESS (0.933 secs / 0.672 secs)
[1A[2KDEBUG: '2026-04-05 04:47:45.236800 Store focus info of control __mbox-btn-3 -  sap.ui.core.FocusHandler'
Chrome Headless 146.0.0.0 (Mac OS 10.15.7): Executed 78 of 78 SUCCESS (0.933 secs / 0.672 secs)
[1A[2KDEBUG: '2026-04-05 04:47:45.236800 Event fired: 'sapfocusleave' on Element sap.m.Button#__mbox-btn-2 -  sap.ui.core.UIArea'
Chrome Headless 146.0.0.0 (Mac OS 10.15.7): Executed 78 of 78 SUCCESS (0.933 secs / 0.672 secs)
[1A[2KDEBUG: '2026-04-05 04:47:45.236899 Event fired: 'focusin' on Element sap.m.Button#__mbox-btn-3 -  sap.ui.core.UIArea'
Chrome Headless 146.0.0.0 (Mac OS 10.15.7): Executed 78 of 78 SUCCESS (0.933 secs / 0.672 secs)
[1A[2KDEBUG: '2026-04-05 04:47:45.254500 Event blur reached Focus Handler (target: [object HTMLButtonElement]__mbox-btn-3) -  sap.ui.core.FocusHandler'
Chrome Headless 146.0.0.0 (Mac OS 10.15.7): Executed 78 of 78 SUCCESS (0.933 secs / 0.672 secs)
[1A[2KDEBUG: '2026-04-05 04:47:45.254600 blur event on __mbox-btn-3 -  '
Chrome Headless 146.0.0.0 (Mac OS 10.15.7): Executed 78 of 78 SUCCESS (0.933 secs / 0.672 secs)
[1A[2KDEBUG: '2026-04-05 04:47:45.254699 Event fired: 'focusout' on Element sap.m.Button#__mbox-btn-3 -  sap.ui.core.UIArea'
Chrome Headless 146.0.0.0 (Mac OS 10.15.7): Executed 78 of 78 SUCCESS (0.933 secs / 0.672 secs)
[1A[2KDEBUG: '2026-04-05 04:47:45.254699 focus event on __mbox-btn-4, contains: false -  '
Chrome Headless 146.0.0.0 (Mac OS 10.15.7): Executed 78 of 78 SUCCESS (0.933 secs / 0.672 secs)
[1A[2KDEBUG: '2026-04-05 04:47:45.254699 focus event on __mbox-btn-4, contains: false -  '
Chrome Headless 146.0.0.0 (Mac OS 10.15.7): Executed 78 of 78 SUCCESS (0.933 secs / 0.672 secs)
[1A[2KDEBUG: '2026-04-05 04:47:45.254699 focus event on __mbox-btn-4, contains: false -  '
Chrome Headless 146.0.0.0 (Mac OS 10.15.7): Executed 78 of 78 SUCCESS (0.933 secs / 0.672 secs)
[1A[2KDEBUG: '2026-04-05 04:47:45.254699 focus event on __mbox-btn-4, contains: false -  '
Chrome Headless 146.0.0.0 (Mac OS 10.15.7): Executed 78 of 78 SUCCESS (0.933 secs / 0.672 secs)
[1A[2KDEBUG: '2026-04-05 04:47:45.254800 focus event on __mbox-btn-4, contains: true -  '
Chrome Headless 146.0.0.0 (Mac OS 10.15.7): Executed 78 of 78 SUCCESS (0.933 secs / 0.672 secs)
[1A[2KDEBUG: '2026-04-05 04:47:45.254800 Event focus reached Focus Handler (target: [object HTMLButtonElement]__mbox-btn-4) -  sap.ui.core.FocusHandler'
Chrome Headless 146.0.0.0 (Mac OS 10.15.7): Executed 78 of 78 SUCCESS (0.933 secs / 0.672 secs)
[1A[2KDEBUG: '2026-04-05 04:47:45.254800 Store focus info of control __mbox-btn-4 -  sap.ui.core.FocusHandler'
Chrome Headless 146.0.0.0 (Mac OS 10.15.7): Executed 78 of 78 SUCCESS (0.933 secs / 0.672 secs)
[1A[2KDEBUG: '2026-04-05 04:47:45.254899 Event fired: 'sapfocusleave' on Element sap.m.Button#__mbox-btn-3 -  sap.ui.core.UIArea'
Chrome Headless 146.0.0.0 (Mac OS 10.15.7): Executed 78 of 78 SUCCESS (0.933 secs / 0.672 secs)
[1A[2KDEBUG: '2026-04-05 04:47:45.254899 Event fired: 'focusin' on Element sap.m.Button#__mbox-btn-4 -  sap.ui.core.UIArea'
Chrome Headless 146.0.0.0 (Mac OS 10.15.7): Executed 78 of 78 SUCCESS (0.933 secs / 0.672 secs)
[1A[2KDEBUG: '2026-04-05 04:47:45.272600 Event blur reached Focus Handler (target: [object HTMLButtonElement]__mbox-btn-4) -  sap.ui.core.FocusHandler'
Chrome Headless 146.0.0.0 (Mac OS 10.15.7): Executed 78 of 78 SUCCESS (0.933 secs / 0.672 secs)
[1A[2KDEBUG: '2026-04-05 04:47:45.272699 blur event on __mbox-btn-4 -  '
Chrome Headless 146.0.0.0 (Mac OS 10.15.7): Executed 78 of 78 SUCCESS (0.933 secs / 0.672 secs)
[1A[2KDEBUG: '2026-04-05 04:47:45.272800 Event fired: 'focusout' on Element sap.m.Button#__mbox-btn-4 -  sap.ui.core.UIArea'
Chrome Headless 146.0.0.0 (Mac OS 10.15.7): Executed 78 of 78 SUCCESS (0.933 secs / 0.672 secs)
[1A[2KDEBUG: '2026-04-05 04:47:45.272899 focus event on __mbox-btn-5, contains: false -  '
Chrome Headless 146.0.0.0 (Mac OS 10.15.7): Executed 78 of 78 SUCCESS (0.933 secs / 0.672 secs)
[1A[2KDEBUG: '2026-04-05 04:47:45.272899 focus event on __mbox-btn-5, contains: false -  '
Chrome Headless 146.0.0.0 (Mac OS 10.15.7): Executed 78 of 78 SUCCESS (0.933 secs / 0.672 secs)
[1A[2KDEBUG: '2026-04-05 04:47:45.272899 focus event on __mbox-btn-5, contains: false -  '
Chrome Headless 146.0.0.0 (Mac OS 10.15.7): Executed 78 of 78 SUCCESS (0.933 secs / 0.672 secs)
[1A[2KDEBUG: '2026-04-05 04:47:45.272899 focus event on __mbox-btn-5, contains: false -  '
Chrome Headless 146.0.0.0 (Mac OS 10.15.7): Executed 78 of 78 SUCCESS (0.933 secs / 0.672 secs)
[1A[2KDEBUG: '2026-04-05 04:47:45.272899 focus event on __mbox-btn-5, contains: false -  '
Chrome Headless 146.0.0.0 (Mac OS 10.15.7): Executed 78 of 78 SUCCESS (0.933 secs / 0.672 secs)
[1A[2KDEBUG: '2026-04-05 04:47:45.272899 focus event on __mbox-btn-5, contains: true -  '
Chrome Headless 146.0.0.0 (Mac OS 10.15.7): Executed 78 of 78 SUCCESS (0.933 secs / 0.672 secs)
[1A[2KDEBUG: '2026-04-05 04:47:45.272899 Event focus reached Focus Handler (target: [object HTMLButtonElement]__mbox-btn-5) -  sap.ui.core.FocusHandler'
Chrome Headless 146.0.0.0 (Mac OS 10.15.7): Executed 78 of 78 SUCCESS (0.933 secs / 0.672 secs)
[1A[2KDEBUG: '2026-04-05 04:47:45.272899 Store focus info of control __mbox-btn-5 -  sap.ui.core.FocusHandler'
Chrome Headless 146.0.0.0 (Mac OS 10.15.7): Executed 78 of 78 SUCCESS (0.933 secs / 0.672 secs)
[1A[2KDEBUG: '2026-04-05 04:47:45.272899 Event fired: 'sapfocusleave' on Element sap.m.Button#__mbox-btn-4 -  sap.ui.core.UIArea'
Chrome Headless 146.0.0.0 (Mac OS 10.15.7): Executed 78 of 78 SUCCESS (0.933 secs / 0.672 secs)
[1A[2KDEBUG: '2026-04-05 04:47:45.272899 Event fired: 'focusin' on Element sap.m.Button#__mbox-btn-5 -  sap.ui.core.UIArea'
Chrome Headless 146.0.0.0 (Mac OS 10.15.7): Executed 78 of 78 SUCCESS (0.933 secs / 0.672 secs)
[1A[2KDEBUG: '2026-04-05 04:47:45.300800 Event blur reached Focus Handler (target: [object HTMLButtonElement]__mbox-btn-5) -  sap.ui.core.FocusHandler'
Chrome Headless 146.0.0.0 (Mac OS 10.15.7): Executed 78 of 78 SUCCESS (0.933 secs / 0.672 secs)
[1A[2KDEBUG: '2026-04-05 04:47:45.300899 blur event on __mbox-btn-5 -  '
Chrome Headless 146.0.0.0 (Mac OS 10.15.7): Executed 78 of 78 SUCCESS (0.933 secs / 0.672 secs)
[1A[2KDEBUG: '2026-04-05 04:47:45.301000 Event fired: 'focusout' on Element sap.m.Button#__mbox-btn-5 -  sap.ui.core.UIArea'
Chrome Headless 146.0.0.0 (Mac OS 10.15.7): Executed 78 of 78 SUCCESS (0.933 secs / 0.672 secs)
[1A[2KDEBUG: '2026-04-05 04:47:45.301199 Event fired: 'sapfocusleave' on Element sap.m.Button#__mbox-btn-5 -  sap.ui.core.UIArea'
Chrome Headless 146.0.0.0 (Mac OS 10.15.7): Executed 78 of 78 SUCCESS (0.933 secs / 0.672 secs)
